<html>
<body>
<pre>
<h1>µVision Build Log</h1>
<h2>Project:</h2>
E:\Git\english version\STM32³ÌÐòÒÆÖ²\Àý³Ì7.1-ADC-0\KeilMDK\test.uvproj
Project File Date:  07/10/2020

<h2>Output:</h2>
Build target 'test'
compiling main.c...
..\USER\main.c(10): warning:  #550-D: variable "V_LINEA" was set but never used
      float V_LINEA,V_LINEB,V_12V,V_I1,V_I2,V_COMOUT,I_I1,I_I2;
..\USER\main.c(10): warning:  #550-D: variable "V_LINEB" was set but never used
      float V_LINEA,V_LINEB,V_12V,V_I1,V_I2,V_COMOUT,I_I1,I_I2;
..\USER\main.c(10): warning:  #550-D: variable "V_12V" was set but never used
      float V_LINEA,V_LINEB,V_12V,V_I1,V_I2,V_COMOUT,I_I1,I_I2;
..\USER\main.c(10): warning:  #177-D: variable "V_I1" was declared but never referenced
      float V_LINEA,V_LINEB,V_12V,V_I1,V_I2,V_COMOUT,I_I1,I_I2;
..\USER\main.c(10): warning:  #177-D: variable "V_I2" was declared but never referenced
      float V_LINEA,V_LINEB,V_12V,V_I1,V_I2,V_COMOUT,I_I1,I_I2;
..\USER\main.c(10): warning:  #550-D: variable "V_COMOUT" was set but never used
      float V_LINEA,V_LINEB,V_12V,V_I1,V_I2,V_COMOUT,I_I1,I_I2;
..\USER\main.c(10): warning:  #550-D: variable "I_I1" was set but never used
      float V_LINEA,V_LINEB,V_12V,V_I1,V_I2,V_COMOUT,I_I1,I_I2;
..\USER\main.c(12): warning:  #177-D: variable "Temp1" was declared but never referenced
      static char Temp1[5];
..\USER\main.c(14): warning:  #177-D: variable "Temp3" was declared but never referenced
      static char Temp3[1];
..\USER\main.c(15): warning:  #177-D: variable "Temp4" was declared but never referenced
      static char Temp4[1];
..\USER\main.c: 10 warnings, 0 errors
compiling stm32f10x_it.c...
compiling SystemConfig.c...
compiling Delay.c...
compiling LED.c...
compiling AD.c...
compiling i2c.c...
compiling Lcd.c...
compiling LcdUtils.c...
compiling I_TX.c...
compiling V_SHIFT.c...
compiling GET_USB.c...
linking...
Program Size: Code=13848 RO-data=7416 RW-data=76 ZI-data=2020  
FromELF: creating hex file...
".\obj\test.axf" - 0 Error(s), 10 Warning(s).
</pre>
</body>
</html>
