<html>
<body>
<pre>
<h1>礦ision Build Log</h1>
<h2>Project:</h2>
E:\Git\english version\STM32程序移植\例程5-自己用12m的晶振建立一个LED工程用于调试测验\KEIL\LED-DEBUGTEST.uvproj
Project File Date:  07/08/2020

<h2>Output:</h2>
Rebuild target 'DEBUG-TEST'
compiling core_cm3.c...
assembling startup_stm32f10x_hd.s...
compiling system_stm32f10x.c...
compiling misc.c...
compiling stm32f10x_gpio.c...
compiling stm32f10x_rcc.c...
compiling main.c...
compiling SystemConfig.c...
compiling stm32f10x_it.c...
compiling LED.c...
compiling Delay.c...
linking...
Program Size: Code=2992 RO-data=336 RW-data=44 ZI-data=1636  
FromELF: creating hex file...
".\obj\LED-DEBUGTEST.axf" - 0 Error(s), 0 Warning(s).
</pre>
</body>
</html>
\\STM32程序移植\\例程5-自己用12m的晶振建立一个LED工程用于调试测验\\KEIL\\LED-DEBUGTEST.axf" 
Set JLink Project File to "E:\Git\english version\STM32程序移植\例程5-自己用12m的晶振建立一个LED工程用于调试测验\KEIL\JLinkSettings.ini"
* JLink Info: Device "STM32F103RC" selected (256 KB flash, 48 KB RAM).
 
JLink info:
------------
DLL: V4.40b, compiled Dec 22 2011 10:54:45
Firmware: J-Link V9 compiled Oct 25 2018 11:46:07
Hardware: V9.60
S/N : 69613334 
Feature(s) : RDI, GDB, FlashDL, FlashBP, JFlash 
 
* JLink Info: Found SWD-DP with ID 0x1BA01477
* JLink Info: TPIU fitted.
* JLink Info: ETM fitted.
* JLink Info:   FPUnit: 6 code (BP) slots and 2 literal slots
* JLink Info: Found Cortex-M3 r1p1, Little endian.
ROMTableAddr = 0xE00FF003
* JLink Info: Found SWD-DP with ID 0x1BA01477
* JLink Info: TPIU fitted.
* JLink Info: ETM fitted.
* JLink Info:   FPUnit: 6 code (BP) slots and 2 literal slots
* JLink Info: Found Cortex-M3 r1p1, Little endian.
 
Target info:
------------
Device: STM32F103RC
VTarget = 3.251V
State of Pins: 
TCK: 0, TDI: 0, TDO: 0, TMS: 1, TRES: 1, TRST: 1
Hardware-Breakpoints: 6
Software-Breakpoints: 8192
Watchpoints:          4
JTAG speed: 1000 kHz
 
Erase Done.
Programming Done.
Verify OK.
* JLink Info: Found SWD-DP with ID 0x1BA01477
* JLink Info: TPIU fitted.
* JLink Info: ETM fitted.
* JLink Info:   FPUnit: 6 code (BP) slots and 2 literal slots
* JLink Info: Found Cortex-M3 r1p1, Little endian.
Application running ...
