ARM Linker, 5.03 [Build 76] [MDK-ARM Standard]

==============================================================================

Section Cross References

    main.o(.text) refers to os_core.o(.text) for OSInit
    main.o(.text) refers to os_task.o(.text) for OSTaskCreate
    main.o(.text) refers to task.o(.bss) for app_os_stk
    main.o(.text) refers to task.o(.text) for AppStartUpTask
    stm32f4xx_it.o(.text) refers to os_core.o(.text) for OSIntEnter
    stm32f4xx_it.o(.text) refers to stm32f4xx_tim.o(.text) for TIM_GetITStatus
    stm32f4xx_it.o(.text) refers to stm32f4xx_gpio.o(.text) for GPIO_ToggleBits
    stm32f4xx_it.o(.text) refers to stm32f4xx_exti.o(.text) for EXTI_GetITStatus
    stm32f4xx_it.o(.text) refers to delay.o(.text) for System168MDelay100us
    stm32f4xx_it.o(.text) refers to keyscan.o(.text) for SetPowerOffKeyState
    stm32f4xx_it.o(.text) refers to det_transceiver.o(.bss) for det_comm
    stm32f4xx_it.o(.text) refers to sound.o(.data) for sound_index
    stm32f4xx_it.o(.text) refers to sound.o(.constdata) for sound_data
    stm32f4xx_it.o(.text) refers to stm32f4xx_usart.o(.text) for USART_GetITStatus
    stm32f4xx_it.o(.text) refers to gps.o(.text) for GPSUartCallback
    stm32f4xx_it.o(.text) refers to sdcard.o(.text) for SD_ProcessIRQSrc
    stm32f4xx_it.o(.text) refers to system_stm32f4xx.o(.text) for SystemInit
    stm32f4xx_it.o(.text) refers to usb_core.o(.text) for USB_OTG_UngateClock
    stm32f4xx_it.o(.text) refers to usb_hcd_int.o(.text) for USBH_OTG_ISR_Handler
    stm32f4xx_it.o(.text) refers to usb_dcd_int.o(.text) for USBD_OTG_ISR_Handler
    stm32f4xx_it.o(.text) refers to wifi.o(.bss) for MyWifi
    stm32f4xx_it.o(.text) refers to gprs.o(.bss) for gprs_data
    stm32f4xx_it.o(.text) refers to usb.o(.bss) for USB_OTG_Core_dev
    systemconfig.o(.text) refers to stm32f4xx_rcc.o(.text) for RCC_AHB1PeriphClockCmd
    systemconfig.o(.text) refers to stm32f4xx_gpio.o(.text) for GPIO_Init
    systemconfig.o(.text) refers to delay.o(.text) for SysTickConfig
    systemconfig.o(.text) refers to charge.o(.text) for DeviceChargeConfig
    systemconfig.o(.text) refers to lcdssd1963.o(.text) for LCD_FSMC_Config
    systemconfig.o(.text) refers to power.o(.text) for PowerConfig
    systemconfig.o(.text) refers to det_transceiver.o(.text) for DetSendConfig
    systemconfig.o(.text) refers to adc.o(.text) for ADCConfig
    systemconfig.o(.text) refers to gprs.o(.text) for GPRSConfig
    systemconfig.o(.text) refers to sound.o(.text) for SoundConfig
    systemconfig.o(.text) refers to wifi.o(.text) for WifiConfig
    systemconfig.o(.text) refers to rtc.o(.text) for RTC_Config
    systemconfig.o(.text) refers to flash.o(.text) for FlashHardwareInit
    systemconfig.o(.text) refers to ff.o(.text) for f_mount
    systemconfig.o(.text) refers to sdcard.o(.text) for SD_Init
    systemconfig.o(.text) refers to recorder.o(.text) for ReadFactoryConfigParam
    systemconfig.o(.text) refers to midfunction.o(.text) for GetDetMaxDelay
    systemconfig.o(.text) refers to package.o(.text) for PackageKeyInit
    systemconfig.o(.text) refers to systemconfig.o(.bss) for AT45fatfs
    systemconfig.o(.text) refers to task.o(.bss) for device_info
    systemconfig.o(.text) refers to det_operart.o(.bss) for Det
    task.o(.text) refers to _printf_percent.o(.ARM.Collect$$_printf_percent$$00000000) for _printf_percent
    task.o(.text) refers to _printf_d.o(.ARM.Collect$$_printf_percent$$00000009) for _printf_d
    task.o(.text) refers to _printf_dec.o(.text) for _printf_int_dec
    task.o(.text) refers to usb.o(.text) for USB_AutoCheck_Config
    task.o(.text) refers to os_sem.o(.text) for OSSemCreate
    task.o(.text) refers to os_time.o(.text) for OSTimeDlyHMSM
    task.o(.text) refers to adc.o(.text) for CheckHVProtectPoint
    task.o(.text) refers to midfunction.o(.text) for WaiLinCurrentSteady
    task.o(.text) refers to wm_iswindow.o(.text) for WM_IsWindow
    task.o(.text) refers to wm.o(.text) for WM_SendMessage
    task.o(.text) refers to os_task.o(.text) for OSTaskDel
    task.o(.text) refers to det_operart.o(.text) for TestDetQuick
    task.o(.text) refers to progbardlg.o(.text) for UpdateProgbar
    task.o(.text) refers to gps.o(.text) for GPSConfig
    task.o(.text) refers to os_core.o(.text) for OSSchedLock
    task.o(.text) refers to rt_memcpy_v6.o(.text) for __aeabi_memcpy
    task.o(.text) refers to wifi.o(.text) for IPAddrU32ToString
    task.o(.text) refers to __2sprintf.o(.text) for __2sprintf
    task.o(.text) refers to stm32f4xx_gpio.o(.text) for GPIO_ReadInputDataBit
    task.o(.text) refers to task.o(.data) for MsgSem
    task.o(.text) refers to det_operart.o(.bss) for Det
    task.o(.text) refers to task.o(.bss) for Op_Data
    task.o(.text) refers to recorder.o(.bss) for BlastInfo
    task.o(.text) refers to wifi.o(.bss) for MyWifi
    task.o(.text) refers to gprs.o(.text) for GPRSInit
    task.o(.text) refers to safemonitor.o(.text) for SendDeviceStartData
[...]
    0x0802a8c0   0x000002f8   Code   RO         2883    .text               usbd_core.o
    0x0802abb8   0x000000f4   Code   RO         2915    .text               usbd_ioreq.o
    0x0802acac   0x000006c0   Code   RO         2935    .text               usbd_req.o
    0x0802b36c   0x000001d4   Code   RO         2967    .text               usbd_hid_core.o
    0x0802b540   0x00000294   Code   RO         3013    .text               usbd_msc_bot.o
    0x0802b7d4   0x000001a0   Code   RO         3049    .text               usbd_msc_core.o
    0x0802b974   0x00000750   Code   RO         3099    .text               usbd_msc_scsi.o
    0x0802c0c4   0x00001784   Code   RO         3131    .text               usb_core.o
    0x0802d848   0x0000037e   Code   RO         3151    .text               usb_dcd.o
    0x0802dbc6   0x00000002   PAD
    0x0802dbc8   0x0000076c   Code   RO         3171    .text               usb_dcd_int.o
    0x0802e334   0x000000e4   Code   RO         3191    .text               usb_hcd.o
    0x0802e418   0x00000e70   Code   RO         3211    .text               usb_hcd_int.o
    0x0802f288   0x00000700   Code   RO         3235    .text               usbh_hid_core.o
    0x0802f988   0x00000060   Code   RO         3272    .text               usbh_hid_custom.o
    0x0802f9e8   0x00000668   Code   RO         3301    .text               usbh_core.o
    0x08030050   0x00000186   Code   RO         3327    .text               usbh_hcs.o
    0x080301d6   0x000003a8   Code   RO         3347    .text               usbh_ioreq.o
    0x0803057e   0x00000002   PAD
    0x08030580   0x000003d8   Code   RO         3367    .text               usbh_stdreq.o
    0x08030958   0x000000d4   Code   RO         3394    .text               usb_bsp.o
    0x08030a2c   0x00000118   Code   RO         3417    .text               usbd_hid_desc.o
    0x08030b44   0x0000013c   Code   RO         3444    .text               usbd_msc_desc.o
    0x08030c80   0x000000c0   Code   RO         3471    .text               usbd_storage_msd.o
    0x08030d40   0x00000044   Code   RO         3499    .text               usbd_usr.o
    0x08030d84   0x00000048   Code   RO         3527    .text               usbh_usr.o
    0x08030dcc   0x000000c4   Code   RO         3557    .text               uCGUI_Lib.lib(guiaaarc.o)
    0x08030e90   0x000003ac   Code   RO         3617    .text               uCGUI_Lib.lib(guiaalib.o)
    0x0803123c   0x00000180   Code   RO         3645    .text               uCGUI_Lib.lib(guiaapoly.o)
    0x080313bc   0x0000014c   Code   RO         3657    .text               uCGUI_Lib.lib(gui_dispstring.o)
    0x08031508   0x00000028   Code   RO         3676    .text               uCGUI_Lib.lib(gui_dispstringat.o)
    0x08031530   0x00000034   Code   RO         3688    .text               uCGUI_Lib.lib(gui_dispstringhcenter.o)
    0x08031564   0x00000038   Code   RO         3700    .text               uCGUI_Lib.lib(gui_exec.o)
    0x0803159c   0x0000006c   Code   RO         3715    .text               uCGUI_Lib.lib(gui_fillrect.o)
    0x08031608   0x00000014   Code   RO         3727    .text               uCGUI_Lib.lib(gui_getfontsizey.o)
    0x0803161c   0x00000070   Code   RO         3739    .text               uCGUI_Lib.lib(gui_goto.o)
    0x0803168c   0x00000098   Code   RO         3754    .text               uCGUI_Lib.lib(gui_onkey.o)
    0x08031724   0x00000054   Code   RO         3777    .text               uCGUI_Lib.lib(gui_pen.o)
    0x08031778   0x00000028   Code   RO         3789    .text               uCGUI_Lib.lib(gui_setcolor.o)
    0x080317a0   0x00000020   Code   RO         3801    .text               uCGUI_Lib.lib(gui_setfont.o)
    0x080317c0   0x0000081c   Code   RO         3813    .text               uCGUI_Lib.lib(gui2dlib.o)
    0x08031fdc   0x000000e0   Code   RO         3828    .text               uCGUI_Lib.lib(guichar.o)
    0x080320bc   0x00000184   Code   RO         3840    .text               uCGUI_Lib.lib(guicharp.o)
    0x08032240   0x00000124   Code   RO         3852    .text               uCGUI_Lib.lib(guicore.o)
    0x08032364   0x000000b0   Code   RO         3873    .text               uCGUI_Lib.lib(guiencjs.o)
    0x08032414   0x00000102   Code   RO         3899    .text               uCGUI_Lib.lib(guival.o)
    0x08032516   0x00000002   PAD
    0x08032518   0x0000039c   Code   RO         3911    .text               uCGUI_Lib.lib(button.o)
    0x080328b4   0x00000050   Code   RO         3952    .text               uCGUI_Lib.lib(button_createindirect.o)
    0x08032904   0x00000060   Code   RO         3968    .text               uCGUI_Lib.lib(button_default.o)
    0x08032964   0x000000d6   Code   RO         3980    .text               uCGUI_Lib.lib(button_get.o)
    0x08032a3a   0x00000002   PAD
    0x08032a3c   0x00000138   Code   RO         3996    .text               uCGUI_Lib.lib(dialog.o)
    0x08032b74   0x000008a4   Code   RO         4040    .text               uCGUI_Lib.lib(header.o)
    0x08033418   0x000009b8   Code   RO         4063    .text               uCGUI_Lib.lib(listview.o)
    0x08033dd0   0x00000048   Code   RO         4084    .text               uCGUI_Lib.lib(listview_createindirect.o)
    0x08033e18   0x00000022   Code   RO         4096    .text               uCGUI_Lib.lib(listview_getheader.o)
    0x08033e3a   0x00000042   Code   RO         4112    .text               uCGUI_Lib.lib(listview_setbkcolor.o)
    0x08033e7c   0x0000003c   Code   RO         4124    .text               uCGUI_Lib.lib(listview_setgridvis.o)
    0x08033eb8   0x00000074   Code   RO         4136    .text               uCGUI_Lib.lib(listview_setitemtext.o)
    0x08033f2c   0x0000003c   Code   RO         4148    .text               uCGUI_Lib.lib(listview_setrowheight.o)
    0x08033f68   0x00000078   Code   RO         4160    .text               uCGUI_Lib.lib(listview_setsel.o)
    0x08033fe0   0x00000050   Code   RO         4172    .text               uCGUI_Lib.lib(listview_settextalign.o)
    0x08034030   0x0000188c   Code   RO         4184    .text               uCGUI_Lib.lib(multiedit.o)
    0x080358bc   0x00000050   Code   RO         4198    .text               uCGUI_Lib.lib(multiedit_createindirect.o)
    0x0803590c   0x00000598   Code   RO         4210    .text               uCGUI_Lib.lib(progbar.o)
    0x08035ea4   0x00000048   Code   RO         4225    .text               uCGUI_Lib.lib(progbar_createindirect.o)
    0x08035eec   0x000004f8   Code   RO         4237    .text               uCGUI_Lib.lib(radio.o)
    0x080363e4   0x00000058   Code   RO         4256    .text               uCGUI_Lib.lib(radio_createindirect.o)
    0x0803643c   0x00000042   Code   RO         4268    .text               uCGUI_Lib.lib(radio_setbkcolor.o)
    0x0803647e   0x00000034   Code   RO         4284    .text               uCGUI_Lib.lib(radio_settextcolor.o)
    0x080364b2   0x00000002   PAD
    0x080364b4   0x000007ac   Code   RO         4296    .text               uCGUI_Lib.lib(scrollbar.o)
    0x08036c60   0x00000070   Code   RO         4314    .text               uCGUI_Lib.lib(scrollbar_create.o)
    0x08036cd0   0x00000068   Code   RO         4326    .text               uCGUI_Lib.lib(scrollbar_defaults.o)
    0x08036d38   0x0000052c   Code   RO         4342    .text               uCGUI_Lib.lib(slider.o)
    0x08037264   0x00000048   Code   RO         4356    .text               uCGUI_Lib.lib(slider_createindirect.o)
    0x080372ac   0x00000168   Code   RO         4368    .text               uCGUI_Lib.lib(text.o)
    0x08037414   0x0000004e   Code   RO         4385    .text               uCGUI_Lib.lib(text_createindirect.o)
    0x08037462   0x00000038   Code   RO         4397    .text               uCGUI_Lib.lib(text_setbkcolor.o)
    0x0803749a   0x00000024   Code   RO         4409    .text               uCGUI_Lib.lib(text_setfont.o)
    0x080374be   0x0000002e   Code   RO         4421    .text               uCGUI_Lib.lib(text_settext.o)
    0x080374ec   0x00000026   Code   RO         4433    .text               uCGUI_Lib.lib(text_settextalign.o)
    0x08037512   0x00000024   Code   RO         4445    .text               uCGUI_Lib.lib(text_settextcolor.o)
    0x08037536   0x00000002   PAD
    0x08037538   0x00000184   Code   RO         4457    .text               uCGUI_Lib.lib(window.o)
    0x080376bc   0x00001080   Code   RO         4472    .text               uCGUI_Lib.lib(wm.o)
    0x0803873c   0x0000000c   Code   RO         4495    .text               uCGUI_Lib.lib(wm_getdesktopwindow.o)
    0x08038748   0x0000006a   Code   RO         4511    .text               uCGUI_Lib.lib(wm_getdialogitem.o)
    0x080387b2   0x00000080   Code   RO         4523    .text               uCGUI_Lib.lib(wm_getwindowsize.o)
    0x08038832   0x00000038   Code   RO         4535    .text               uCGUI_Lib.lib(wm_hide.o)
    0x0803886a   0x00000018   Code   RO         4547    .text               uCGUI_Lib.lib(wm_iswindow.o)
    0x08038882   0x00000110   Code   RO         4559    .text               uCGUI_Lib.lib(wm_move.o)
    0x08038992   0x0000004a   Code   RO         4571    .text               uCGUI_Lib.lib(wm_paint.o)
    0x080389dc   0x000000f2   Code   RO         4583    .text               uCGUI_Lib.lib(wm_resizewindow.o)
    0x08038ace   0x0000002e   Code   RO         4595    .text               uCGUI_Lib.lib(wm_setcallback.o)
    0x08038afc   0x00000010   Code   RO         4607    .text               uCGUI_Lib.lib(wm_setcreateflags.o)
    0x08038b0c   0x000000b0   Code   RO         4619    .text               uCGUI_Lib.lib(wm_setfocus.o)
    0x08038bbc   0x00000060   Code   RO         4631    .text               uCGUI_Lib.lib(wm_show.o)
    0x08038c1c   0x0000001a   Code   RO         4643    .text               uCGUI_Lib.lib(gui__divideround.o)
    0x08038c36   0x00000002   PAD
    0x08038c38   0x00000018   Code   RO         4655    .text               uCGUI_Lib.lib(gui__getfontsizey.o)
    0x08038c50   0x0000001a   Code   RO         4667    .text               uCGUI_Lib.lib(gui__getnumchars.o)
    0x08038c6a   0x00000042   Code   RO         4679    .text               uCGUI_Lib.lib(gui__intersectrect.o)
    0x08038cac   0x00000088   Code   RO         4691    .text               uCGUI_Lib.lib(gui__intersectrects.o)
    0x08038d34   0x00000054   Code   RO         4703    .text               uCGUI_Lib.lib(gui__memset.o)
    0x08038d88   0x00000022   Code   RO         4715    .text               uCGUI_Lib.lib(gui__reducerect.o)
    0x08038daa   0x00000050   Code   RO         4727    .text               uCGUI_Lib.lib(gui__settext.o)
    0x08038dfa   0x00000016   Code   RO         4739    .text               uCGUI_Lib.lib(gui__strlen.o)
    0x08038e10   0x00000156   Code   RO         4751    .text               uCGUI_Lib.lib(gui__wrap.o)
    0x08038f66   0x0000001c   Code   RO         4763    .text               uCGUI_Lib.lib(gui_adddecmin.o)
    0x08038f82   0x00000002   PAD
    0x08038f84   0x000000f0   Code   RO         4775    .text               uCGUI_Lib.lib(gui_adddecshift.o)
    0x08039074   0x0000002a   Code   RO         4794    .text               uCGUI_Lib.lib(gui_alloc_alloczero.o)
    0x0803909e   0x00000002   PAD
    0x080390a0   0x000000d8   Code   RO         4823    .text               uCGUI_Lib.lib(gui_dispchar.o)
    0x08039178   0x00000016   Code   RO         4835    .text               uCGUI_Lib.lib(gui_dispchars.o)
    0x0803918e   0x00000002   PAD
    0x08039190   0x000001e0   Code   RO         4847    .text               uCGUI_Lib.lib(gui_dispstringinrect.o)
    0x08039370   0x00000104   Code   RO         4859    .text               uCGUI_Lib.lib(gui_drawbitmap.o)
    0x08039474   0x000000cc   Code   RO         4871    .text               uCGUI_Lib.lib(gui_drawfocusrect.o)
    0x08039540   0x00000060   Code   RO         4883    .text               uCGUI_Lib.lib(gui_drawhline.o)
    0x080395a0   0x0000005c   Code   RO         4895    .text               uCGUI_Lib.lib(gui_drawvline.o)
    0x080395fc   0x00000340   Code   RO         4907    .text               uCGUI_Lib.lib(gui_fillpolygon.o)
    0x0803993c   0x00000012   Code   RO         4922    .text               uCGUI_Lib.lib(gui_getclientrect.o)
    0x0803994e   0x0000005c   Code   RO         4934    .text               uCGUI_Lib.lib(gui_getcolor.o)
    0x080399aa   0x00000002   PAD
    0x080399ac   0x00000030   Code   RO         4946    .text               uCGUI_Lib.lib(gui_getfontinfo.o)
    0x080399dc   0x00000016   Code   RO         4958    .text               uCGUI_Lib.lib(gui_getstringdistx.o)
    0x080399f2   0x00000018   Code   RO         4970    .text               uCGUI_Lib.lib(gui_getysizeoffont.o)
    0x08039a0a   0x00000002   PAD
    0x08039a0c   0x00000078   Code   RO         4982    .text               uCGUI_Lib.lib(gui_invertrect.o)
    0x08039a84   0x00000082   Code   RO         4994    .text               uCGUI_Lib.lib(gui_mergerect.o)
    0x08039b06   0x00000024   Code   RO         5006    .text               uCGUI_Lib.lib(gui_moverect.o)
    0x08039b2a   0x0000003a   Code   RO         5018    .text               uCGUI_Lib.lib(gui_rectsintersect.o)
    0x08039b64   0x00000024   Code   RO         5030    .text               uCGUI_Lib.lib(gui_savecontext.o)
    0x08039b88   0x0000004c   Code   RO         5042    .text               uCGUI_Lib.lib(gui_setdefault.o)
    0x08039bd4   0x00000020   Code   RO         5054    .text               uCGUI_Lib.lib(gui_settextalign.o)
    0x08039bf4   0x00000020   Code   RO         5066    .text               uCGUI_Lib.lib(gui_settextmode.o)
    0x08039c14   0x000000e8   Code   RO         5078    .text               uCGUI_Lib.lib(gui_uc.o)
    0x08039cfc   0x00000038   Code   RO         5090    .text               uCGUI_Lib.lib(gui_uc_encodenone.o)
    0x08039d34   0x000003d0   Code   RO         5109    .text               uCGUI_Lib.lib(guialloc.o)
    0x0803a104   0x00000540   Code   RO         5125    .text               uCGUI_Lib.lib(guiarc.o)
    0x0803a644   0x000001b8   Code   RO         5137    .text               uCGUI_Lib.lib(guicharline.o)
    0x0803a7fc   0x00000484   Code   RO         5149    .text               uCGUI_Lib.lib(guicirc.o)
    0x0803ac80   0x00000058   Code   RO         5161    .text               uCGUI_Lib.lib(guirealloc.o)
    0x0803acd8   0x00000148   Code   RO         5173    .text               uCGUI_Lib.lib(guitask.o)
    0x0803ae20   0x00000468   Code   RO         5188    .text               uCGUI_Lib.lib(lcd.o)
    0x0803b288   0x0000005c   Code   RO         5214    .text               uCGUI_Lib.lib(lcd_drawvline.o)
    0x0803b2e4   0x00000036   Code   RO         5226    .text               uCGUI_Lib.lib(lcd_l0_generic.o)
    0x0803b31a   0x00000002   PAD
    0x0803b31c   0x00000020   Code   RO         5238    .text               uCGUI_Lib.lib(lcd_setcliprectex.o)
    0x0803b33c   0x00000188   Code   RO         5250    .text               uCGUI_Lib.lib(lcdaa.o)
    0x0803b4c4   0x00000116   Code   RO         5262    .text               uCGUI_Lib.lib(guidev_banding.o)
    0x0803b5da   0x000001ac   Code   RO         5274    .text               uCGUI_Lib.lib(gui_array.o)
    0x0803b786   0x00000058   Code   RO         5286    .text               uCGUI_Lib.lib(gui_array_deleteitem.o)
    0x0803b7de   0x0000005a   Code   RO         5298    .text               uCGUI_Lib.lib(gui_array_resizeitem.o)
    0x0803b838   0x0000005e   Code   RO         5310    .text               uCGUI_Lib.lib(gui_draw.o)
    0x0803b896   0x00000028   Code   RO         5322    .text               uCGUI_Lib.lib(listview_getnumcolumns.o)
    0x0803b8be   0x00000028   Code   RO         5334    .text               uCGUI_Lib.lib(listview_getnumrows.o)
    0x0803b8e6   0x00000022   Code   RO         5346    .text               uCGUI_Lib.lib(listview_getsel.o)
    0x0803b908   0x000004b8   Code   RO         5371    .text               uCGUI_Lib.lib(widget.o)
    0x0803bdc0   0x00000028   Code   RO         5386    .text               uCGUI_Lib.lib(widget_effect_none.o)
    0x0803bde8   0x0000001e   Code   RO         5405    .text               uCGUI_Lib.lib(widget_seteffect.o)
    0x0803be06   0x00000002   PAD
    0x0803be08   0x0000002c   Code   RO         5417    .text               uCGUI_Lib.lib(wm__getorg_aa.o)
    0x0803be34   0x0000004e   Code   RO         5429    .text               uCGUI_Lib.lib(wm__isancestor.o)
    0x0803be82   0x0000001a   Code   RO         5441    .text               uCGUI_Lib.lib(wm__isenabled.o)
    0x0803be9c   0x00000186   Code   RO         5453    .text               uCGUI_Lib.lib(wm__updatechildpositions.o)
    0x0803c022   0x00000050   Code   RO         5465    .text               uCGUI_Lib.lib(wm_bringtobottom.o)
    0x0803c072   0x00000076   Code   RO         5477    .text               uCGUI_Lib.lib(wm_checkscrollpos.o)
    0x0803c0e8   0x00000050   Code   RO         5489    .text               uCGUI_Lib.lib(wm_criticalhandle.o)
    0x0803c138   0x0000001c   Code   RO         5501    .text               uCGUI_Lib.lib(wm_getbkcolor.o)
    0x0803c154   0x00000058   Code   RO         5513    .text               uCGUI_Lib.lib(wm_getclientrect.o)
    0x0803c1ac   0x0000001a   Code   RO         5525    .text               uCGUI_Lib.lib(wm_getclientwindow.o)
    0x0803c1c6   0x0000001c   Code   RO         5537    .text               uCGUI_Lib.lib(wm_getfirstchild.o)
    0x0803c1e2   0x00000014   Code   RO         5549    .text               uCGUI_Lib.lib(wm_getid.o)
    0x0803c1f6   0x00000002   PAD
    0x0803c1f8   0x0000002c   Code   RO         5561    .text               uCGUI_Lib.lib(wm_getinsiderect.o)
    0x0803c224   0x000000be   Code   RO         5573    .text               uCGUI_Lib.lib(wm_getinsiderectexscrollbar.o)
    0x0803c2e2   0x0000001c   Code   RO         5585    .text               uCGUI_Lib.lib(wm_getparent.o)
    0x0803c2fe   0x0000001c   Code   RO         5597    .text               uCGUI_Lib.lib(wm_getscrollbar.o)
    0x0803c31a   0x0000002a   Code   RO         5609    .text               uCGUI_Lib.lib(wm_getscrollpartner.o)
    0x0803c344   0x00000016   Code   RO         5621    .text               uCGUI_Lib.lib(wm_getscrollstate.o)
    0x0803c35a   0x00000002   PAD
    0x0803c35c   0x00000068   Code   RO         5633    .text               uCGUI_Lib.lib(wm_getwindowrect.o)
    0x0803c3c4   0x00000018   Code   RO         5645    .text               uCGUI_Lib.lib(wm_hasfocus.o)
    0x0803c3dc   0x00000020   Code   RO         5657    .text               uCGUI_Lib.lib(wm_isfocussable.o)
    0x0803c3fc   0x00000016   Code   RO         5669    .text               uCGUI_Lib.lib(wm_notifyparent.o)
    0x0803c412   0x00000002   PAD
    0x0803c414   0x00000040   Code   RO         5681    .text               uCGUI_Lib.lib(wm_onkey.o)
    0x0803c454   0x00000018   Code   RO         5693    .text               uCGUI_Lib.lib(wm_sendmessagenopara.o)
    0x0803c46c   0x00000028   Code   RO         5705    .text               uCGUI_Lib.lib(wm_sendtoparent.o)
    0x0803c494   0x00000060   Code   RO         5717    .text               uCGUI_Lib.lib(wm_setcapture.o)
    0x0803c4f4   0x00000098   Code   RO         5729    .text               uCGUI_Lib.lib(wm_setfocusonnextchild.o)
    0x0803c58c   0x0000009e   Code   RO         5741    .text               uCGUI_Lib.lib(wm_setscrollbar.o)
    0x0803c62a   0x0000004a   Code   RO         5753    .text               uCGUI_Lib.lib(wm_setsize.o)
    0x0803c674   0x00000098   Code   RO         5765    .text               uCGUI_Lib.lib(wm_settrans.o)
    0x0803c70c   0x00000062   Code   RO         5777    .text               uCGUI_Lib.lib(wm_settransstate.o)
    0x0803c76e   0x00000002   PAD
    0x0803c770   0x00000020   Code   RO         5789    .text               uCGUI_Lib.lib(wm_setusercliprect.o)
    0x0803c790   0x00000038   Code   RO         5801    .text               uCGUI_Lib.lib(wm_validatewindow.o)
    0x0803c7c8   0x0000010c   Code   RO         5832    .text               uCGUI_Lib.lib(gui_x_ucos.o)
    0x0803c8d4   0x00000020   Code   RO         5867    .text               uCGUI_Lib.lib(lcdp565.o)
    0x0803c8f4   0x00000018   Code   RO         5879    .text               uCGUI_Lib.lib(gui__handleeoline.o)
    0x0803c90c   0x00000050   Code   RO         5891    .text               uCGUI_Lib.lib(gui__strcmp.o)
    0x0803c95c   0x00000048   Code   RO         5903    .text               uCGUI_Lib.lib(gui_alloc_allocinit.o)
    0x0803c9a4   0x0000001a   Code   RO         5941    .text               uCGUI_Lib.lib(gui_fillrectex.o)
    0x0803c9be   0x00000018   Code   RO         5967    .text               uCGUI_Lib.lib(gui_setdrawmode.o)
    0x0803c9d6   0x00000002   PAD
    0x0803c9d8   0x0000001c   Code   RO         5979    .text               uCGUI_Lib.lib(gui_setlinestyle.o)
    0x0803c9f4   0x00000010   Code   RO         5991    .text               uCGUI_Lib.lib(lcd_getcolorindex.o)
    0x0803ca04   0x00000016   Code   RO         6003    .text               uCGUI_Lib.lib(lcd_getpixelcolor.o)
    0x0803ca1a   0x00000002   PAD
    0x0803ca1c   0x00000054   Code   RO         6015    .text               uCGUI_Lib.lib(lcdcolor.o)
    0x0803ca70   0x0000002c   Code   RO         6034    .text               uCGUI_Lib.lib(lcdinfo0.o)
    0x0803ca9c   0x00000038   Code   RO         6046    .text               uCGUI_Lib.lib(lcdp565_index2color.o)
    0x0803cad4   0x000006ec   Code   RO         6060    .text               uCGUI_Lib.lib(lcddummy.o)
    0x0803d1c0   0x00000440   Code   RO         6096    .text               uCGUI_Lib.lib(guidev.o)
    0x0803d600   0x000008a6   Code   RO         6108    .text               uCGUI_Lib.lib(guidev_16.o)
    0x0803dea6   0x00000002   PAD
    0x0803dea8   0x00000048   Code   RO         6152    .text               uCGUI_Lib.lib(guidev_clear.o)
    0x0803def0   0x0000002c   Code   RO         6164    .text               uCGUI_Lib.lib(guidev_getysize.o)
    0x0803df1c   0x00000038   Code   RO         6176    .text               uCGUI_Lib.lib(guidev_reduceysize.o)
    0x0803df54   0x0000006c   Code   RO         6188    .text               uCGUI_Lib.lib(guidev_setorg.o)
    0x0803dfc0   0x000001ac   Code   RO         6200    .text               uCGUI_Lib.lib(widget_effect_3d.o)
    0x0803e16c   0x00000024   Code   RO         6219    .text               uCGUI_Lib.lib(wm__getfocussedchild.o)
    0x0803e190   0x00000036   Code   RO         6231    .text               uCGUI_Lib.lib(wm__getprevsibling.o)
    0x0803e1c6   0x00000024   Code   RO         6243    .text               uCGUI_Lib.lib(wm__sendmessage.o)
    0x0803e1ea   0x00000028   Code   RO         6267    .text               uCGUI_Lib.lib(wm__sendmessagenopara.o)
    0x0803e212   0x00000002   PAD
    0x0803e214   0x00000090   Code   RO         6279    .text               uCGUI_Lib.lib(wm_bringtotop.o)
    0x0803e2a4   0x0000001c   Code   RO         6291    .text               uCGUI_Lib.lib(wm_getflags.o)
    0x0803e2c0   0x0000001c   Code   RO         6315    .text               uCGUI_Lib.lib(wm_setscrollstate.o)
    0x0803e2dc   0x0000004e   Code   RO         6327    .text               uCGUI_Lib.lib(gui__memset16.o)
    0x0803e32a   0x00000018   Code   RO         6339    .text               uCGUI_Lib.lib(gui_selectlcd.o)
    0x0803e342   0x00000002   PAD
    0x0803e344   0x00000054   Code   RO         6363    .text               uCGUI_Lib.lib(lcdgetp.o)
    0x0803e398   0x00000078   Code   RO         6375    .text               uCGUI_Lib.lib(guidev_usage.o)
    0x0803e410   0x00000230   Code   RO         6387    .text               uCGUI_Lib.lib(guidev_usagebm.o)
    0x0803e640   0x0000001e   Code   RO         6401    .text               uCGUI_Lib.lib(wm__getfirstsibling.o)
    0x0803e65e   0x00000028   Code   RO         6413    .text               uCGUI_Lib.lib(wm__ischild.o)
    0x0803e686   0x0000001c   Code   RO         6425    .text               uCGUI_Lib.lib(wm_foreachdesc.o)
    0x0803e6a2   0x00000002   PAD
    0x0803e6a4   0x00000024   Code   RO         6437    .text               uCGUI_Lib.lib(lcd_selectlcd.o)
    0x0803e6c8   0x00000024   Code   RO         6449    .text               uCGUI_Lib.lib(lcd_updatecolorindices.o)
    0x0803e6ec   0x0000003c   Code   RO         6461    .text               uCGUI_Lib.lib(wm__foreachdesc.o)
    0x0803e728   0x000000ee   Code   RO         6475    .text               c_w.l(lludivv7m.o)
    0x0803e816   0x00000002   PAD
    0x0803e818   0x0000002c   Code   RO         6477    .text               c_w.l(__2sprintf.o)
    0x0803e844   0x00000052   Code   RO         6483    .text               c_w.l(_printf_pad.o)
    0x0803e896   0x00000052   Code   RO         6485    .text               c_w.l(_printf_str.o)
    0x0803e8e8   0x00000078   Code   RO         6487    .text               c_w.l(_printf_dec.o)
    0x0803e960   0x0000005c   Code   RO         6492    .text               c_w.l(_printf_hex_int.o)
    0x0803e9bc   0x0000018c   Code   RO         6527    .text               c_w.l(__printf_flags_ss_wp.o)
    0x0803eb48   0x0000003c   Code   RO         6536    .text               c_w.l(__0sscanf.o)
    0x0803eb84   0x00000150   Code   RO         6538    .text               c_w.l(_scanf_int.o)
    0x0803ecd4   0x00000058   Code   RO         6540    .text               c_w.l(memcmp.o)
    0x0803ed2c   0x00000048   Code   RO         6542    .text               c_w.l(strcpy.o)
    0x0803ed74   0x0000003e   Code   RO         6544    .text               c_w.l(strlen.o)
    0x0803edb2   0x00000096   Code   RO         6546    .text               c_w.l(strncmp.o)
    0x0803ee48   0x0000008a   Code   RO         6548    .text               c_w.l(rt_memcpy_v6.o)
    0x0803eed2   0x00000084   Code   RO         6550    .text               c_w.l(rt_memmove_v6.o)
    0x0803ef56   0x00000064   Code   RO         6552    .text               c_w.l(rt_memcpy_w.o)
    0x0803efba   0x00000010   Code   RO         6554    .text               c_w.l(aeabi_memset.o)
    0x0803efca   0x00000044   Code   RO         6556    .text               c_w.l(rt_memclr.o)
    0x0803f00e   0x0000004e   Code   RO         6558    .text               c_w.l(rt_memclr_w.o)
    0x0803f05c   0x00000080   Code   RO         6560    .text               c_w.l(strcmpv7m.o)
    0x0803f0dc   0x00000006   Code   RO         6562    .text               c_w.l(heapauxi.o)
    0x0803f0e2   0x00000016   Code   RO         6661    .text               c_w.l(_rserrno.o)
    0x0803f0f8   0x000000b8   Code   RO         6663    .text               c_w.l(_printf_intcommon.o)
    0x0803f1b0   0x00000420   Code   RO         6665    .text               c_w.l(_printf_fp_dec.o)
    0x0803f5d0   0x00000030   Code   RO         6667    .text               c_w.l(_printf_char_common.o)
    0x0803f600   0x0000000a   Code   RO         6669    .text               c_w.l(_sputc.o)
    0x0803f60a   0x0000002c   Code   RO         6671    .text               c_w.l(_printf_char.o)
    0x0803f636   0x0000001c   Code   RO         6674    .text               c_w.l(_chval.o)
    0x0803f652   0x00000002   PAD
    0x0803f654   0x0000002c   Code   RO         6676    .text               c_w.l(scanf_char.o)
    0x0803f680   0x00000040   Code   RO         6678    .text               c_w.l(_sgetc.o)
    0x0803f6c0   0x0000007a   Code   RO         6680    .text               c_w.l(rt_memmove_w.o)
    0x0803f73a   0x00000002   PAD
    0x0803f73c   0x00000008   Code   RO         6733    .text               c_w.l(rt_locale_intlibspace.o)
    0x0803f744   0x00000008   Code   RO         6738    .text               c_w.l(rt_errno_addr_intlibspace.o)
    0x0803f74c   0x0000008a   Code   RO         6740    .text               c_w.l(lludiv10.o)
    0x0803f7d6   0x00000012   Code   RO         6742    .text               c_w.l(isspace.o)
    0x0803f7e8   0x00000080   Code   RO         6744    .text               c_w.l(_printf_fp_infnan.o)
    0x0803f868   0x00000370   Code   RO         6748    .text               c_w.l(_scanf.o)
    0x0803fbd8   0x000000e4   Code   RO         6750    .text               c_w.l(bigflt0.o)
    0x0803fcbc   0x00000008   Code   RO         6788    .text               c_w.l(libspace.o)
    0x0803fcc4   0x0000004a   Code   RO         6791    .text               c_w.l(sys_stackheap_outer.o)
    0x0803fd0e   0x00000002   PAD
    0x0803fd10   0x00000010   Code   RO         6793    .text               c_w.l(rt_ctype_table.o)
    0x0803fd20   0x0000000c   Code   RO         6795    .text               c_w.l(exit.o)
    0x0803fd2c   0x0000000c   Code   RO         6869    .text               c_w.l(sys_exit.o)
    0x0803fd38   0x00000002   Code   RO         6890    .text               c_w.l(use_no_semi.o)
    0x0803fd3a   0x00000000   Code   RO         6892    .text               c_w.l(indicate_semi.o)
    0x0803fd3a   0x0000003e   Code   RO         6753    CL$$btod_d2e        c_w.l(btod.o)
    0x0803fd78   0x00000046   Code   RO         6755    CL$$btod_d2e_denorm_low  c_w.l(btod.o)
    0x0803fdbe   0x00000060   Code   RO         6754    CL$$btod_d2e_norm_op1  c_w.l(btod.o)
    0x0803fe1e   0x00000338   Code   RO         6763    CL$$btod_div_common  c_w.l(btod.o)
    0x08040156   0x000000c6   Code   RO         6760    CL$$btod_e2e        c_w.l(btod.o)
    0x0804021c   0x00000028   Code   RO         6757    CL$$btod_ediv       c_w.l(btod.o)
    0x08040244   0x00000028   Code   RO         6756    CL$$btod_emul       c_w.l(btod.o)
    0x0804026c   0x00000244   Code   RO         6762    CL$$btod_mult_common  c_w.l(btod.o)
    0x080404b0   0x00000028   Code   RO         6784    i.__ARM_fpclassify  m_ws.l(fpclassify.o)
    0x080404d8   0x00000388   Code   RO         6702    i.__ieee754_rem_pio2  m_ws.l(rred.o)
    0x08040860   0x000000fc   Code   RO         6699    i.__kernel_cos      m_ws.l(cos_i.o)
    0x0804095c   0x000000aa   Code   RO         6786    i.__kernel_poly     m_ws.l(poly.o)
    0x08040a06   0x00000002   PAD
    0x08040a08   0x000000ec   Code   RO         6707    i.__kernel_sin      m_ws.l(sin_i.o)
    0x08040af4   0x00000010   Code   RO         6782    i.__mathlib_dbl_underflow  m_ws.l(dunder.o)
    0x08040b04   0x0000000e   Code   RO         6520    i._is_digit         c_w.l(__printf_wp.o)
    0x08040b12   0x00000002   PAD
    0x08040b14   0x000000dc   Code   RO         6633    i.ceil              m_ws.l(ceil.o)
    0x08040bf0   0x000000ac   Code   RO         6637    i.cos               m_ws.l(cos.o)
    0x08040c9c   0x000000dc   Code   RO         6645    i.floor             m_ws.l(floor.o)
    0x08040d78   0x000000b0   Code   RO         6649    i.sin               m_ws.l(sin.o)
    0x08040e28   0x0000002c   Code   RO         6776    locale$$code        c_w.l(lc_numeric_c.o)
    0x08040e54   0x0000002c   Code   RO         6857    locale$$code        c_w.l(lc_ctype_c.o)
    0x08040e80   0x00000062   Code   RO         6566    x$fpl$d2f           fz_ws.l(d2f.o)
    0x08040ee2   0x00000002   PAD
    0x08040ee4   0x00000150   Code   RO         6568    x$fpl$dadd          fz_ws.l(daddsub_clz.o)
    0x08041034   0x00000010   Code   RO         6778    x$fpl$dcheck1       fz_ws.l(dcheck1.o)
    0x08041044   0x00000018   Code   RO         6682    x$fpl$dcmpinf       fz_ws.l(dcmpi.o)
    0x0804105c   0x000002b0   Code   RO         6575    x$fpl$ddiv          fz_ws.l(ddiv.o)
    0x0804130c   0x0000005e   Code   RO         6578    x$fpl$dfix          fz_ws.l(dfix.o)
    0x0804136a   0x00000002   PAD
    0x0804136c   0x0000005a   Code   RO         6582    x$fpl$dfixu         fz_ws.l(dfixu.o)
    0x080413c6   0x0000002e   Code   RO         6587    x$fpl$dflt          fz_ws.l(dflt_clz.o)
    0x080413f4   0x00000026   Code   RO         6586    x$fpl$dfltu         fz_ws.l(dflt_clz.o)
    0x0804141a   0x00000002   PAD
    0x0804141c   0x00000078   Code   RO         6592    x$fpl$dleqf         fz_ws.l(dleqf.o)
    0x08041494   0x00000154   Code   RO         6594    x$fpl$dmul          fz_ws.l(dmul.o)
    0x080415e8   0x0000009c   Code   RO         6684    x$fpl$dnaninf       fz_ws.l(dnaninf.o)
    0x08041684   0x0000000c   Code   RO         6686    x$fpl$dretinf       fz_ws.l(dretinf.o)
    0x08041690   0x0000006c   Code   RO         6688    x$fpl$drleqf        fz_ws.l(drleqf.o)
    0x080416fc   0x00000016   Code   RO         6569    x$fpl$drsb          fz_ws.l(daddsub_clz.o)
    0x08041712   0x00000002   PAD
    0x08041714   0x000001d4   Code   RO         6570    x$fpl$dsub          fz_ws.l(daddsub_clz.o)
    0x080418e8   0x00000056   Code   RO         6596    x$fpl$f2d           fz_ws.l(f2d.o)
    0x0804193e   0x00000002   PAD
    0x08041940   0x000000c4   Code   RO         6598    x$fpl$fadd          fz_ws.l(faddsub_clz.o)
    0x08041a04   0x00000018   Code   RO         6690    x$fpl$fcmpinf       fz_ws.l(fcmpi.o)
    0x08041a1c   0x00000184   Code   RO         6605    x$fpl$fdiv          fz_ws.l(fdiv.o)
    0x08041ba0   0x00000068   Code   RO         6608    x$fpl$feqf          fz_ws.l(feqf.o)
    0x08041c08   0x00000036   Code   RO         6610    x$fpl$ffix          fz_ws.l(ffix.o)
    0x08041c3e   0x00000002   PAD
    0x08041c40   0x0000003e   Code   RO         6614    x$fpl$ffixu         fz_ws.l(ffixu.o)
    0x08041c7e   0x00000002   PAD
    0x08041c80   0x00000030   Code   RO         6619    x$fpl$fflt          fz_ws.l(fflt_clz.o)
    0x08041cb0   0x00000026   Code   RO         6618    x$fpl$ffltu         fz_ws.l(fflt_clz.o)
    0x08041cd6   0x00000002   PAD
    0x08041cd8   0x00000068   Code   RO         6624    x$fpl$fleqf         fz_ws.l(fleqf.o)
    0x08041d40   0x00000102   Code   RO         6626    x$fpl$fmul          fz_ws.l(fmul.o)
    0x08041e42   0x0000008c   Code   RO         6692    x$fpl$fnaninf       fz_ws.l(fnaninf.o)
    0x08041ece   0x0000000a   Code   RO         6694    x$fpl$fretinf       fz_ws.l(fretinf.o)
    0x08041ed8   0x00000062   Code   RO         6628    x$fpl$frleqf        fz_ws.l(frleqf.o)
    0x08041f3a   0x00000002   PAD
    0x08041f3c   0x000000ea   Code   RO         6600    x$fpl$fsub          fz_ws.l(faddsub_clz.o)
    0x08042026   0x00000004   Code   RO         6630    x$fpl$printf1       fz_ws.l(printf1.o)
    0x0804202a   0x00000064   Code   RO         6850    x$fpl$retnan        fz_ws.l(retnan.o)
    0x0804208e   0x0000005c   Code   RO         6696    x$fpl$scalbn        fz_ws.l(scalbn.o)
    0x080420ea   0x00000030   Code   RO         6867    x$fpl$trapveneer    fz_ws.l(trapv.o)
    0x0804211a   0x00000000   Code   RO         6698    x$fpl$usenofp       fz_ws.l(usenofp.o)
    0x0804211a   0x00000002   PAD
    0x0804211c   0x00003dac   Data   RO          681    .constdata          songti16.o
    0x08045ec8   0x00001c50   Data   RO          708    .constdata          songti24.o
    0x08047b18   0x0000058c   Data   RO          721    .constdata          songti48.o
    0x080480a4   0x00000008   Data   RO          737    .constdata          display.o
    0x080480ac   0x0000003a   Data   RO          759    .constdata          toptitledlg.o
    0x080480e6   0x00000002   PAD
    0x080480e8   0x00000060   Data   RO          783    .constdata          mainmenudlg.o
    0x08048148   0x00000090   Data   RO          807    .constdata          blastenterdlg.o
    0x080481d8   0x00000078   Data   RO          831    .constdata          netinfodlg.o
    0x08048250   0x00000030   Data   RO          861    .constdata          waitlincurrentreadydlg.o
    0x08048280   0x00000060   Data   RO          885    .constdata          nettestreportdlg.o
    0x080482e0   0x00000078   Data   RO          910    .constdata          nettesterrorlistviewdlg.o
    0x08048358   0x000000c0   Data   RO          934    .constdata          netparammodifydlg.o
    0x08048418   0x00000060   Data   RO          959    .constdata          messageboxdlg.o
    0x08048478   0x000000f0   Data   RO          982    .constdata          waitregdetdlg.o
    0x08048568   0x00000090   Data   RO         1005    .constdata          regdetresultdlg.o
    0x080485f8   0x00000060   Data   RO         1029    .constdata          blasttestreportdlg.o
    0x08048658   0x00000048   Data   RO         1053    .constdata          blastprocessdlg.o
    0x080486a0   0x00000090   Data   RO         1077    .constdata          progbardlg.o
    0x08048730   0x00000048   Data   RO         1104    .constdata          deletedetmenudlg.o
    0x08048778   0x00000060   Data   RO         1127    .constdata          deletedetprocessdlg.o
    0x080487d8   0x000000c0   Data   RO         1151    .constdata          deletedetinputholeinfodlg.o
    0x08048898   0x00000108   Data   RO         1175    .constdata          delaymodifybatchdlg.o
    0x080489a0   0x00000078   Data   RO         1199    .constdata          delaymodifysingledlg.o
    0x08048a18   0x000000c0   Data   RO         1223    .constdata          deviceinfodlg.o
    0x08048ad8   0x00000078   Data   RO         1247    .constdata          blastrecorderlistviewdlg.o
    0x08048b50   0x00000048   Data   RO         1271    .constdata          systemsetmenudlg.o
    0x08048b98   0x00000078   Data   RO         1294    .constdata          sliderdlg.o
    0x08048c10   0x00000060   Data   RO         1318    .constdata          blastdelaydlg.o
    0x08048c70   0x00000078   Data   RO         1342    .constdata          blastdetdlg.o
    0x08048ce8   0x00000018   Data   RO         1366    .constdata          poweroffdlg.o
    0x08048d00   0x00000060   Data   RO         1391    .constdata          dettypesetdlg.o
    0x08048d60   0x00000030   Data   RO         1414    .constdata          devicestartdlg.o
    0x08048d90   0x000000c0   Data   RO         1438    .constdata          dkeypasswdmodifydlg.o
    0x08048e50   0x00000048   Data   RO         1462    .constdata          helptoolmenudlg.o
    0x08048e98   0x00000078   Data   RO         1485    .constdata          helptooldettestdlg.o
    0x08048f10   0x000000a8   Data   RO         1508    .constdata          gpsinfodlg.o
    0x08048fb8   0x000000c0   Data   RO         1532    .constdata          detanalystdlg.o
    0x08049078   0x00000078   Data   RO         1556    .constdata          gprsinfodlg.o
    0x080490f0   0x00000078   Data   RO         1580    .constdata          wifinetinfodlg.o
    0x08049168   0x00000022   Data   RO         1604    .constdata          devicechargestartdlg.o
    0x0804918a   0x00000002   PAD
    0x0804918c   0x00000198   Data   RO         1629    .constdata          wifipassworddlg.o
    0x08049324   0x00000078   Data   RO         1653    .constdata          wifinetsetdlg.o
    0x0804939c   0x00000078   Data   RO         1676    .constdata          uploadblastrecorddlg.o
    0x08049414   0x00000078   Data   RO         1699    .constdata          deviceselftestdlg.o
    0x0804948c   0x0004e4a6   Data   RO         1836    .constdata          lcddraw.o
    0x08097932   0x00000002   PAD
    0x08097934   0x000002f4   Data   RO         1899    .constdata          gprs.o
    0x08097c28   0x0000bc20   Data   RO         1965    .constdata          ansitounicode.o
    0x080a3848   0x00000200   Data   RO         2079    .constdata          crc16.o
    0x080a3a48   0x00006270   Data   RO         2184    .constdata          sound.o
    0x080a9cb8   0x00002828   Data   RO         2232    .constdata          aes.o
    0x080ac4e0   0x0000001c   Data   RO         2359    .constdata          stm32f4xx_fsmc.o
    0x080ac4fc   0x00000100   Data   RO         2689    .constdata          os_core.o
    0x080ac5fc   0x0000003a   Data   RO         2838    .constdata          ff.o
    0x080ac636   0x0002acc8   Data   RO         2859    .constdata          cc936.o
    0x080d72fe   0x00000017   Data   RO         3079    .constdata          usbd_msc_data.o
    0x080d7315   0x00000024   Data   RO         3472    .constdata          usbd_storage_msd.o
    0x080d7339   0x00000001   PAD
    0x080d733a   0x00000044   Data   RO         3814    .constdata          uCGUI_Lib.lib(gui2dlib.o)
    0x080d737e   0x00000002   PAD
    0x080d7380   0x00000008   Data   RO         3854    .constdata          uCGUI_Lib.lib(guicore.o)
    0x080d7388   0x0000000c   Data   RO         3874    .constdata          uCGUI_Lib.lib(guiencjs.o)
    0x080d7394   0x00000028   Data   RO         4776    .constdata          uCGUI_Lib.lib(gui_adddecshift.o)
    0x080d73bc   0x00000020   Data   RO         4806    .constdata          uCGUI_Lib.lib(gui_cursorheaderm.o)
    0x080d73dc   0x00000010   Data   RO         5091    .constdata          uCGUI_Lib.lib(gui_uc_encodenone.o)
    0x080d73ec   0x00000040   Data   RO         5200    .constdata          uCGUI_Lib.lib(lcd_api.o)
    0x080d742c   0x000000b0   Data   RO         5358    .constdata          uCGUI_Lib.lib(radio_image.o)
    0x080d74dc   0x00000018   Data   RO         5387    .constdata          uCGUI_Lib.lib(widget_effect_none.o)
    0x080d74f4   0x00000055   Data   RO         5915    .constdata          uCGUI_Lib.lib(gui_cursorheadermpx.o)
    0x080d7549   0x00000003   PAD
    0x080d754c   0x00000018   Data   RO         5928    .constdata          uCGUI_Lib.lib(gui_cursorpal.o)
    0x080d7564   0x00000060   Data   RO         6109    .constdata          uCGUI_Lib.lib(guidev_16.o)
    0x080d75c4   0x00000018   Data   RO         6201    .constdata          uCGUI_Lib.lib(widget_effect_3d.o)
    0x080d75dc   0x00000100   Data   RO         6351    .constdata          uCGUI_Lib.lib(lcd_mirror.o)
    0x080d76dc   0x00000018   Data   RO         6388    .constdata          uCGUI_Lib.lib(guidev_usagebm.o)
    0x080d76f4   0x00000028   Data   RO         6493    .constdata          c_w.l(_printf_hex_int.o)
    0x080d771c   0x00000011   Data   RO         6528    .constdata          c_w.l(__printf_flags_ss_wp.o)
    0x080d772d   0x00000003   PAD
    0x080d7730   0x00000030   Data   RO         6700    .constdata          m_ws.l(cos_i.o)
    0x080d7760   0x000000c8   Data   RO         6704    .constdata          m_ws.l(rred.o)
    0x080d7828   0x00000028   Data   RO         6708    .constdata          m_ws.l(sin_i.o)
    0x080d7850   0x00000094   Data   RO         6751    .constdata          c_w.l(bigflt0.o)
    0x080d78e4   0x0000000a   Data   RO          784    .conststring        mainmenudlg.o
    0x080d78ee   0x0000000a   Data   RO          808    .conststring        blastenterdlg.o
    0x080d78f8   0x00000005   Data   RO          832    .conststring        netinfodlg.o
    0x080d78fd   0x00000005   Data   RO          911    .conststring        nettesterrorlistviewdlg.o
    0x080d7902   0x00000005   Data   RO          983    .conststring        waitregdetdlg.o
    0x080d7907   0x00000005   Data   RO         1078    .conststring        progbardlg.o
    0x080d790c   0x00000005   Data   RO         1128    .conststring        deletedetprocessdlg.o
    0x080d7911   0x00000005   Data   RO         1248    .conststring        blastrecorderlistviewdlg.o
    0x080d7916   0x0000000e   Data   RO         1439    .conststring        dkeypasswdmodifydlg.o
    0x080d7924   0x00000005   Data   RO         1581    .conststring        wifinetinfodlg.o
    0x080d7929   0x00000069   Data   RO         1630    .conststring        wifipassworddlg.o
    0x080d7992   0x00000005   Data   RO         1654    .conststring        wifinetsetdlg.o
    0x080d7997   0x00000014   Data   RO         1677    .conststring        uploadblastrecorddlg.o
    0x080d79ab   0x00000001   PAD
    0x080d79ac   0x00000020   Data   RO         6935    Region$$Table       anon$$obj.o
    0x080d79cc   0x0000001c   Data   RO         6775    locale$$data        c_w.l(lc_numeric_c.o)
    0x080d79e8   0x00000110   Data   RO         6856    locale$$data        c_w.l(lc_ctype_c.o)


    Execution Region RW_IRAM1 (Base: 0x20000000, Size: 0x0001c0f8, Max: 0x00020000, ABSOLUTE, COMPRESSED[0x00000218])

    Base Addr    Size         Type   Attr      Idx    E Section Name        Object

    0x20000000   0x00000418   Data   RW          556    .data               task.o
    0x20000418   0x0000000d   Data   RW          615    .data               midfunction.o
    0x20000425   0x00000005   Data   RW          738    .data               display.o
    0x2000042a   0x00000002   Data   RW          761    .data               toptitledlg.o
    0x2000042c   0x00000001   Data   RW          785    .data               mainmenudlg.o
    0x2000042d   0x00000001   PAD
    0x2000042e   0x00000002   Data   RW          809    .data               blastenterdlg.o
    0x20000430   0x00000020   Data   RW          833    .data               netinfodlg.o
    0x20000450   0x00000001   Data   RW          863    .data               waitlincurrentreadydlg.o
    0x20000451   0x00000001   Data   RW          887    .data               nettestreportdlg.o
    0x20000452   0x00000014   Data   RW          912    .data               nettesterrorlistviewdlg.o
    0x20000466   0x00000004   Data   RW          936    .data               netparammodifydlg.o
    0x2000046a   0x00000003   Data   RW         1007    .data               regdetresultdlg.o
    0x2000046d   0x00000001   Data   RW         1031    .data               blasttestreportdlg.o
    0x2000046e   0x00000001   Data   RW         1055    .data               blastprocessdlg.o
    0x2000046f   0x00000001   PAD
    0x20000470   0x00000008   Data   RW         1079    .data               progbardlg.o
    0x20000478   0x0000000a   Data   RW         1129    .data               deletedetprocessdlg.o
    0x20000482   0x00000002   Data   RW         1153    .data               deletedetinputholeinfodlg.o
    0x20000484   0x00000002   Data   RW         1177    .data               delaymodifybatchdlg.o
    0x20000486   0x00000002   Data   RW         1201    .data               delaymodifysingledlg.o
    0x20000488   0x00000001   Data   RW         1225    .data               deviceinfodlg.o
    0x20000489   0x00000001   PAD
    0x2000048a   0x00000008   Data   RW         1249    .data               blastrecorderlistviewdlg.o
    0x20000492   0x00000001   Data   RW         1296    .data               sliderdlg.o
    0x20000493   0x00000001   PAD
    0x20000494   0x0000000c   Data   RW         1320    .data               blastdelaydlg.o
    0x200004a0   0x0000000c   Data   RW         1344    .data               blastdetdlg.o
    0x200004ac   0x00000001   Data   RW         1368    .data               poweroffdlg.o
    0x200004ad   0x00000003   PAD
    0x200004b0   0x00000005   Data   RW         1416    .data               devicestartdlg.o
    0x200004b5   0x00000001   PAD
    0x200004b6   0x00000002   Data   RW         1440    .data               dkeypasswdmodifydlg.o
    0x200004b8   0x00000001   Data   RW         1510    .data               gpsinfodlg.o
    0x200004b9   0x00000001   Data   RW         1534    .data               detanalystdlg.o
    0x200004ba   0x00000001   Data   RW         1558    .data               gprsinfodlg.o
    0x200004bb   0x00000001   PAD
    0x200004bc   0x00000003   Data   RW         1582    .data               wifinetinfodlg.o
    0x200004bf   0x00000002   Data   RW         1606    .data               devicechargestartdlg.o
    0x200004c1   0x00000001   PAD
    0x200004c2   0x00000005   Data   RW         1631    .data               wifipassworddlg.o
    0x200004c7   0x00000001   PAD
    0x200004c8   0x00000010   Data   RW         1746    .data               rtc.o
    0x200004d8   0x0000000c   Data   RW         1837    .data               lcddraw.o
    0x200004e4   0x00000004   Data   RW         2029    .data               adc.o
    0x200004e8   0x00000018   Data   RW         2056    .data               sdcard.o
    0x20000500   0x00000006   Data   RW         2162    .data               keyscan.o
    0x20000506   0x00000002   Data   RW         2185    .data               sound.o
    0x20000508   0x00000008   Data   RW         2233    .data               aes.o
    0x20000510   0x00000004   Data   RW         2251    .data               wifi.o
    0x20000514   0x00000010   Data   RW         2337    .data               stm32f4xx_rcc.o
    0x20000524   0x00000014   Data   RW         2629    .data               system_stm32f4xx.o
    0x20000538   0x00000006   Data   RW         2657    .data               os_cpu_c.o
    0x2000053e   0x00000002   PAD
    0x20000540   0x00000060   Data   RW         2690    .data               os_core.o
    0x200005a0   0x0000000a   Data   RW         2839    .data               ff.o
    0x200005aa   0x00000002   PAD
    0x200005ac   0x00000034   Data   RW         2884    .data               usbd_core.o
    0x200005e0   0x0000000d   Data   RW         2937    .data               usbd_req.o
    0x200005ed   0x00000003   PAD
    0x200005f0   0x00000086   Data   RW         2968    .data               usbd_hid_core.o
    0x20000676   0x00000004   Data   RW         3015    .data               usbd_msc_bot.o
    0x2000067a   0x00000002   PAD
    0x2000067c   0x0000004e   Data   RW         3050    .data               usbd_msc_core.o
    0x200006ca   0x00000002   PAD
    0x200006cc   0x00000018   Data   RW         3101    .data               usbd_msc_scsi.o
    0x200006e4   0x0000001c   Data   RW         3237    .data               usbh_hid_core.o
    0x20000700   0x00000008   Data   RW         3273    .data               usbh_hid_custom.o
    0x20000708   0x00000012   Data   RW         3302    .data               usbh_core.o
    0x2000071a   0x00000003   Data   RW         3369    .data               usbh_stdreq.o
    0x2000071d   0x00000003   PAD
    0x20000720   0x0000003c   Data   RW         3418    .data               usbd_hid_desc.o
    0x2000075c   0x0000003c   Data   RW         3445    .data               usbd_msc_desc.o
    0x20000798   0x00000028   Data   RW         3473    .data               usbd_storage_msd.o
    0x200007c0   0x0000001c   Data   RW         3500    .data               usbd_usr.o
    0x200007dc   0x0000004c   Data   RW         3529    .data               usbh_usr.o
    0x20000828   0x0000002c   Data   RW         3619    .data               uCGUI_Lib.lib(guiaalib.o)
    0x20000854   0x00000014   Data   RW         3755    .data               uCGUI_Lib.lib(gui_onkey.o)
    0x20000868   0x00000014   Data   RW         3855    .data               uCGUI_Lib.lib(guicore.o)
    0x2000087c   0x00000020   Data   RW         3912    .data               uCGUI_Lib.lib(button.o)
    0x2000089c   0x00000004   Data   RW         3997    .data               uCGUI_Lib.lib(dialog.o)
    0x200008a0   0x0000001c   Data   RW         4041    .data               uCGUI_Lib.lib(header.o)
    0x200008bc   0x00000020   Data   RW         4064    .data               uCGUI_Lib.lib(listview.o)
    0x200008dc   0x00000014   Data   RW         4185    .data               uCGUI_Lib.lib(multiedit.o)
    0x200008f0   0x00000018   Data   RW         4238    .data               uCGUI_Lib.lib(radio.o)
    0x20000908   0x00000012   Data   RW         4297    .data               uCGUI_Lib.lib(scrollbar.o)
    0x2000091a   0x00000002   PAD
    0x2000091c   0x00000004   Data   RW         4343    .data               uCGUI_Lib.lib(slider.o)
    0x20000920   0x00000008   Data   RW         4369    .data               uCGUI_Lib.lib(text.o)
    0x20000928   0x00000004   Data   RW         4458    .data               uCGUI_Lib.lib(window.o)
    0x2000092c   0x00000031   Data   RW         4474    .data               uCGUI_Lib.lib(wm.o)
    0x2000095d   0x00000003   PAD
    0x20000960   0x00000004   Data   RW         4909    .data               uCGUI_Lib.lib(gui_fillpolygon.o)
    0x20000964   0x00000001   Data   RW         5111    .data               uCGUI_Lib.lib(guialloc.o)
    0x20000965   0x00000003   PAD
    0x20000968   0x0000000c   Data   RW         5175    .data               uCGUI_Lib.lib(guitask.o)
    0x20000974   0x00000004   Data   RW         5201    .data               uCGUI_Lib.lib(lcd_api.o)
    0x20000978   0x00000004   Data   RW         5372    .data               uCGUI_Lib.lib(widget.o)
    0x2000097c   0x00000010   Data   RW         5814    .data               uCGUI_Lib.lib(wmtouch.o)
    0x2000098c   0x00000011   Data   RW         5833    .data               uCGUI_Lib.lib(gui_x_ucos.o)
    0x2000099d   0x00000003   PAD
    0x200009a0   0x00000460   Zero   RW          534    .bss                systemconfig.o
    0x20000e00   0x0000a11c   Zero   RW          555    .bss                task.o
    0x2000af1c   0x00002bc8   Zero   RW          585    .bss                det_operart.o
    0x2000dae4   0x00000004   PAD
    0x2000dae8   0x00000628   Zero   RW          636    .bss                recorder.o
    0x2000e110   0x00000c0c   Zero   RW          662    .bss                safemonitor.o
    0x2000ed1c   0x00000018   Zero   RW          909    .bss                nettesterrorlistviewdlg.o
    0x2000ed34   0x000000d0   Zero   RW          958    .bss                messageboxdlg.o
    0x2000ee04   0x00000064   Zero   RW         1628    .bss                wifipassworddlg.o
    0x2000ee68   0x0000047f   Zero   RW         1898    .bss                gprs.o
    0x2000f2e7   0x00000001   PAD
    0x2000f2e8   0x000007c2   Zero   RW         1925    .bss                gps.o
    0x2000faaa   0x00000002   PAD
    0x2000faac   0x000002a0   Zero   RW         2002    .bss                det_transceiver.o
    0x2000fd4c   0x00000030   Zero   RW         2028    .bss                adc.o
    0x2000fd7c   0x00000004   PAD
    0x2000fd80   0x000000cc   Zero   RW         2055    .bss                sdcard.o
    0x2000fe4c   0x00001160   Zero   RW         2102    .bss                usb.o
    0x20010fac   0x00000204   Zero   RW         2211    .bss                package.o
    0x200111b0   0x00001000   Zero   RW         2231    .bss                aes.o
    0x200121b0   0x00000a08   Zero   RW         2250    .bss                wifi.o
    0x20012bb8   0x00000200   Zero   RW         2656    .bss                os_cpu_c.o
    0x20012db8   0x00001560   Zero   RW         2688    .bss                os_core.o
    0x20014318   0x00000200   Zero   RW         2837    .bss                ff.o
    0x20014518   0x00000040   Zero   RW         2936    .bss                usbd_req.o
    0x20014558   0x00001030   Zero   RW         3014    .bss                usbd_msc_bot.o
    0x20015588   0x00000020   Zero   RW         3100    .bss                usbd_msc_scsi.o
    0x200155a8   0x000000a6   Zero   RW         3236    .bss                usbh_hid_core.o
    0x2001564e   0x00000200   Zero   RW         3368    .bss                usbh_stdreq.o
    0x2001584e   0x000000f0   Zero   RW         3618    .bss                uCGUI_Lib.lib(guiaalib.o)
    0x2001593e   0x00000002   PAD
    0x20015940   0x00000060   Zero   RW         3853    .bss                uCGUI_Lib.lib(guicore.o)
    0x200159a0   0x00000024   Zero   RW         4473    .bss                uCGUI_Lib.lib(wm.o)
    0x200159c4   0x00000018   Zero   RW         4908    .bss                uCGUI_Lib.lib(gui_fillpolygon.o)
    0x200159dc   0x00003d28   Zero   RW         5110    .bss                uCGUI_Lib.lib(guialloc.o)
    0x20019704   0x00000190   Zero   RW         5174    .bss                uCGUI_Lib.lib(guitask.o)
    0x20019894   0x00000200   Zero   RW         6016    .bss                uCGUI_Lib.lib(lcdcolor.o)
    0x20019a94   0x00000060   Zero   RW         6789    .bss                c_w.l(libspace.o)
    0x20019af4   0x00000004   PAD
    0x20019af8   0x00002200   Zero   RW         2620    HEAP                startup_stm32f40xx.o
    0x2001bcf8   0x00000400   Zero   RW         2619    STACK               startup_stm32f40xx.o


==============================================================================

Image component sizes


      Code (inc. data)   RO Data    RW Data    ZI Data      Debug   Object Name

      3216        286          0          4         48       7251   adc.o
      9308         90      10280          8       4096      13371   aes.o
       296         26      48160          0          0       1859   ansitounicode.o
       816        152         96         12          0       1515   blastdelaydlg.o
      1964        334        120         12          0       1626   blastdetdlg.o
      1052        178        154          2          0       1316   blastenterdlg.o
      1044        312         72          1          0       1555   blastprocessdlg.o
      2564        322        125          8          0       3016   blastrecorderlistviewdlg.o
      1092        236         96          1          0       1373   blasttestreportdlg.o
       180         18     175304          0          0       1897   cc936.o
       636         18          0          0          0       1396   charge.o
        56         10        512          0          0        974   crc16.o
       184          8          0          0          0      27738   delay.o
      2692        600        264          2          0       2058   delaymodifybatchdlg.o
      1068        248        120          2          0       1551   delaymodifysingledlg.o
      1520        230        192          2          0       1660   deletedetinputholeinfodlg.o
       888        192         72          0          0       1311   deletedetmenudlg.o
       896        256        101         10          0       1834   deletedetprocessdlg.o
      1490         42          0          0          0       7410   det_cmd.o
      3844         40          0          0      11208       6394   det_operart.o
      2516         88          0          0        672       7115   det_transceiver.o
      1868        390        192          1          0       1516   detanalystdlg.o
      1252        244         96          0          0       1476   dettypesetdlg.o
       460         30         34          2          0       1439   devicechargestartdlg.o
      1444        322        192          1          0       1480   deviceinfodlg.o
       776        146        120          0          0       1232   deviceselftestdlg.o
       640        158         48          5          0       1217   devicestartdlg.o
       504          4          0          0          0       2483   diskio.o
      2436        270          8          5          0       5025   display.o
      1476        200        206          2          0       1518   dkeypasswdmodifydlg.o
     11738        134         58         10        512      33508   ff.o
      1098         24          0          0          0       4361   flash.o
      4216        474        756          0       1151      12846   gprs.o
      1284        374        120          1          0       1555   gprsinfodlg.o
      2772         64          0          0       1986       5056   gps.o
      1872        310        168          1          0       1753   gpsinfodlg.o
       952        224        120          0          0       1249   helptooldettestdlg.o
       632        156         72          0          0       1138   helptoolmenudlg.o
      1220         34          0          6          0       3206   keyscan.o
      1108         58     320678         12          0       9173   lcddraw.o
      2204         30          0          0          0       6630   lcdssd1963.o
        36         10          0          0          0     392556   main.o
      1208        336        106          1          0       1752   mainmenudlg.o
       816         40         96          0        208       2969   messageboxdlg.o
      3164         54          0         13          0       9791   midfunction.o
       228         22          0          0          0       1721   misc.o
      2120        232        125         32          0       3994   netinfodlg.o
      1940        336        192          4          0       2461   netparammodifydlg.o
      2104        206        125         20         24       2834   nettesterrorlistviewdlg.o
      1060        200         96          1          0       1645   nettestreportdlg.o
      3492        304        256         96       5472      18936   os_core.o
       176         36          0          0          0        260   os_cpu_a.o
       268         22          0          6        512      11722   os_cpu_c.o
      2084         40          0          0          0       6716   os_flag.o
       996         20          0          0          0       4006   os_mbox.o
       484         16          0          0          0       2992   os_mem.o
      1616         54          0          0          0       4482   os_mutex.o
      1536         36          0          0          0       5405   os_q.o
       932         22          0          0          0       3766   os_sem.o
      2196         80          0          0          0       7796   os_task.o
       440         30          0          0          0       1710   os_time.o
      1676        134          0          0          0       5389   os_tmr.o
       388         26          0          0        516       1473   package.o
       308         22          0          0          0        554   power.o
       244         64         24          1          0       1041   poweroffdlg.o
      1492        254        149          8          0       2519   progbardlg.o
     10992       1960          0          0       1576      15661   recorder.o
      1580        336        144          3          0       1494   regdetresultdlg.o
       552          8          0         16          0       2394   rtc.o
      4284        428          0          0       3084       7140   safemonitor.o
      7340        244          0         24        204      18940   sdcard.o
      3644        354        120          1          0       2367   sliderdlg.o
       550          0          0          0          0       2373   slip.o
         0          0      15788          0          0      49865   songti16.o
         0          0       7248          0          0      10992   songti24.o
         0          0       1420          0          0       1168   songti48.o
       376         26      25200          2          0       1426   sound.o
        64         26        392          0       9728        728   startup_stm32f40xx.o
      1136         28          0          0          0      10198   stm32f4xx_adc.o
       932         32          0          0          0       6145   stm32f4xx_dma.o
       272         10          0          0          0       2123   stm32f4xx_exti.o
      1500         60         28          0          0       5422   stm32f4xx_fsmc.o
       660         44          0          0          0       3849   stm32f4xx_gpio.o
      1556         92          0          0          0      30616   stm32f4xx_it.o
       368         20          0          0          0       3479   stm32f4xx_pwr.o
      1628         52          0         16          0      12656   stm32f4xx_rcc.o
      3432         44          0          0          0      14708   stm32f4xx_rtc.o
       484         30          0          0          0       7044   stm32f4xx_sdio.o
      1148         36          0          0          0       6597   stm32f4xx_spi.o
       152         18          0          0          0       1637   stm32f4xx_syscfg.o
      3234         60          0          0          0      22052   stm32f4xx_tim.o
      1108         34          0          0          0       7548   stm32f4xx_usart.o
       512         46          0         20          0       1531   system_stm32f4xx.o
       540         66          0          0       1120       1366   systemconfig.o
       616        144         72          0          0       1155   systemsetmenudlg.o
      1924        108          0       1048      41244       5898   task.o
      1252        216         58          2          0       2029   toptitledlg.o
       844        222        140          0          0       1223   uploadblastrecorddlg.o
      1012         58          0          0       4448       5028   usb.o
       212          6          0          0          0       2175   usb_bsp.o
      6020          8          0          0          0      16478   usb_core.o
       894          0          0          0          0       4128   usb_dcd.o
      1900         22          0          0          0       4727   usb_dcd_int.o
       228          0          0          0          0       2840   usb_hcd.o
      3696          8          0          0          0       6523   usb_hcd_int.o
       760          6          0         52          0       4986   usbd_core.o
       468         40          0        134          0      19609   usbd_hid_core.o
       280        104          0         60          0       3396   usbd_hid_desc.o
       244          0          0          0          0       2374   usbd_ioreq.o
       660         36          0          4       4144       4209   usbd_msc_bot.o
       416         16          0         78          0       2619   usbd_msc_core.o
         0          0         23          0          0        637   usbd_msc_data.o
       316        140          0         60          0       3376   usbd_msc_desc.o
      1872        104          0         24         32       8127   usbd_msc_scsi.o
      1728         50          0         13         64       5061   usbd_req.o
       192          4         36         40          0       3756   usbd_storage_msd.o
        68         14          0         28          0       1401   usbd_usr.o
      1640         42          0         18          0       5551   usbh_core.o
       390          0          0          0          0       2324   usbh_hcs.o
      1792         34          0         28        166      14336   usbh_hid_core.o
        96          8          0          8          0       2741   usbh_hid_custom.o
       936          0          0          0          0       4164   usbh_ioreq.o
       984         12          0          3        512       5493   usbh_stdreq.o
        72          6          0         76          0       4786   usbh_usr.o
       704        134         48          1          0       1533   waitlincurrentreadydlg.o
      2796        492        245          0          0       2591   waitregdetdlg.o
      4072        398          0          4       2568      10724   wifi.o
      1376        154        125          3          0       2185   wifinetinfodlg.o
       944        186        125          0          0       1284   wifinetsetdlg.o
      1728        140        513          5        100       2079   wifipassworddlg.o

    ----------------------------------------------------------------------
    199468      16894     611470       2088      95406    1113636   Object Totals
         0          0         32          0          0          0   (incl. Generated)
        14          0          8         25         11          0   (incl. Padding)

    ----------------------------------------------------------------------

      Code (inc. data)   RO Data    RW Data    ZI Data      Debug   Library Member Name

        60          8          0          0          0         84   __0sscanf.o
        44          6          0          0          0         84   __2sprintf.o
        90          0          0          0          0          0   __dczerorl2.o
         8          0          0          0          0         68   __main.o
       396          6         17          0          0         92   __printf_flags_ss_wp.o
        14          0          0          0          0         68   __printf_wp.o
        52          8          0          0          0          0   __scatter.o
        28          0          0          0          0          0   __scatter_zi.o
        28          0          0          0          0         68   _chval.o
         6          0          0          0          0          0   _printf_c.o
        44          0          0          0          0        108   _printf_char.o
        48          6          0          0          0         96   _printf_char_common.o
         6          0          0          0          0          0   _printf_d.o
       120         18          0          0          0         92   _printf_dec.o
         6          0          0          0          0          0   _printf_f.o
      1056          0          0          0          0        216   _printf_fp_dec.o
       128         16          0          0          0         84   _printf_fp_infnan.o
        92          4         40          0          0         88   _printf_hex_int.o
       184          0          0          0          0         88   _printf_intcommon.o
        82          0          0          0          0        108   _printf_pad.o
         0          0          0          0          0          0   _printf_percent.o
         4          0          0          0          0          0   _printf_percent_end.o
         6          0          0          0          0          0   _printf_s.o
        82          0          0          0          0         80   _printf_str.o
         6          0          0          0          0          0   _printf_x.o
        22          0          0          0          0        100   _rserrno.o
       880          4          0          0          0        100   _scanf.o
       336          0          0          0          0         96   _scanf_int.o
        64          0          0          0          0         84   _sgetc.o
        10          0          0          0          0         68   _sputc.o
        16          0          0          0          0         68   aeabi_memset.o
       228          6        148          0          0         96   bigflt0.o
      1910        128          0          0          0        672   btod.o
        12          0          0          0          0         72   exit.o
         6          0          0          0          0        152   heapauxi.o
         0          0          0          0          0          0   indicate_semi.o
        18          0          0          0          0         76   isspace.o
        44         10        272          0          0         76   lc_ctype_c.o
        44         10         28          0          0         76   lc_numeric_c.o
         2          0          0          0          0          0   libinit.o
        30          0          0          0          0          0   libinit2.o
         2          0          0          0          0          0   libshutdown.o
         2          0          0          0          0          0   libshutdown2.o
         8          4          0          0         96         68   libspace.o
       138          0          0          0          0         80   lludiv10.o
       238          0          0          0          0        100   lludivv7m.o
        88          0          0          0          0         76   memcmp.o
        16          4          0          0          0         76   rt_ctype_table.o
         8          4          0          0          0         68   rt_errno_addr_intlibspace.o
         8          4          0          0          0         68   rt_locale_intlibspace.o
        68          0          0          0          0         68   rt_memclr.o
        78          0          0          0          0         80   rt_memclr_w.o
       138          0          0          0          0         68   rt_memcpy_v6.o
       100          0          0          0          0         80   rt_memcpy_w.o
       132          0          0          0          0         68   rt_memmove_v6.o
       122          0          0          0          0         80   rt_memmove_w.o
         0          0          0          0          0          0   rtentry.o
        12          0          0          0          0          0   rtentry2.o
         6          0          0          0          0          0   rtentry4.o
         2          0          0          0          0          0   rtexit.o
        10          0          0          0          0          0   rtexit2.o
        44          8          0          0          0         84   scanf_char.o
       128          0          0          0          0         68   strcmpv7m.o
        72          0          0          0          0         80   strcpy.o
        62          0          0          0          0         76   strlen.o
       150          0          0          0          0         80   strncmp.o
        12          4          0          0          0         68   sys_exit.o
        74          0          0          0          0         80   sys_stackheap_outer.o
         2          0          0          0          0         68   use_no_semi.o
        98          4          0          0          0         92   d2f.o
       826         16          0          0          0        348   daddsub_clz.o
        16          4          0          0          0         68   dcheck1.o
        24          0          0          0          0         68   dcmpi.o
       688        140          0          0          0        208   ddiv.o
        94          4          0          0          0         92   dfix.o
        90          4          0          0          0         92   dfixu.o
        84          0          0          0          0        136   dflt_clz.o
       120          4          0          0          0         92   dleqf.o
       340         12          0          0          0        104   dmul.o
       156          4          0          0          0         92   dnaninf.o
        12          0          0          0          0         68   dretinf.o
       108          0          0          0          0         80   drleqf.o
        86          4          0          0          0         84   f2d.o
       430          8          0          0          0        168   faddsub_clz.o
        24          0          0          0          0         68   fcmpi.o
       388         76          0          0          0         96   fdiv.o
       104          4          0          0          0         84   feqf.o
        54          4          0          0          0         84   ffix.o
        62          4          0          0          0         84   ffixu.o
        86          0          0          0          0        136   fflt_clz.o
       104          4          0          0          0         84   fleqf.o
       258          4          0          0          0         84   fmul.o
       140          4          0          0          0         84   fnaninf.o
        10          0          0          0          0         68   fretinf.o
        98          0          0          0          0         68   frleqf.o
         4          0          0          0          0         68   printf1.o
       100          0          0          0          0         68   retnan.o
        92          0          0          0          0         68   scalbn.o
        48          0          0          0          0         68   trapv.o
         0          0          0          0          0          0   usenofp.o
       220         16          0          0          0         84   ceil.o
       172          8          0          0          0        112   cos.o
       252         22         48          0          0        124   cos_i.o
        16          6          0          0          0         68   dunder.o
       220         16          0          0          0         84   floor.o
        40          0          0          0          0         68   fpclassify.o
       170          0          0          0          0         96   poly.o
       904         72        200          0          0        140   rred.o
       176         10          0          0          0        116   sin.o
       236         12         40          0          0        128   sin_i.o
       924          6          0         32          0      11234   button.o
        80          0          0          0          0       1363   button_createindirect.o
        96          4          0          0          0       1804   button_default.o
       214          0          0          0          0       2030   button_get.o
       312          4          0          4          0       5534   dialog.o
      2076         18         68          0          0       8004   gui2dlib.o
        26          0          0          0          0        507   gui__divideround.o
        24          6          0          0          0        412   gui__getfontsizey.o
        26          0          0          0          0        491   gui__getnumchars.o
        24          0          0          0          0        568   gui__handleeoline.o
        66          0          0          0          0        753   gui__intersectrect.o
       136          0          0          0          0        982   gui__intersectrects.o
        84          0          0          0          0        702   gui__memset.o
        78          0          0          0          0        700   gui__memset16.o
        34          0          0          0          0        754   gui__reducerect.o
        80          0          0          0          0        647   gui__settext.o
        80          4          0          0          0        773   gui__strcmp.o
        22          0          0          0          0        458   gui__strlen.o
       342          0          0          0          0       2249   gui__wrap.o
        28          0          0          0          0        520   gui_adddecmin.o
       240         10         40          0          0       1931   gui_adddecshift.o
        72          0          0          0          0        678   gui_alloc_allocinit.o
        42          0          0          0          0        510   gui_alloc_alloczero.o
       428          0          0          0          0       3122   gui_array.o
        88          0          0          0          0       1075   gui_array_deleteitem.o
        90          0          0          0          0       1079   gui_array_resizeitem.o
         0          0         32          0          0      15658   gui_cursorheaderm.o
         0          0         85          0          0        460   gui_cursorheadermpx.o
         0          0         24          0          0        488   gui_cursorpal.o
       216          6          0          0          0        886   gui_dispchar.o
        22          0          0          0          0        500   gui_dispchars.o
       332          4          0          0          0        897   gui_dispstring.o
        40          6          0          0          0        539   gui_dispstringat.o
        52          6          0          0          0        574   gui_dispstringhcenter.o
       480          6          0          0          0       2061   gui_dispstringinrect.o
        94          0          0          0          0       1403   gui_draw.o
       260          6          0          0          0       1323   gui_drawbitmap.o
       204          4          0          0          0       1004   gui_drawfocusrect.o
        96          6          0          0          0        556   gui_drawhline.o
        92          6          0          0          0        556   gui_drawvline.o
        56          4          0          0          0       4233   gui_exec.o
       832         12          0          4         24       3921   gui_fillpolygon.o
       108          6          0          0          0        599   gui_fillrect.o
        26          0          0          0          0        677   gui_fillrectex.o
        18          0          0          0          0        796   gui_getclientrect.o
        92          0          0          0          0        952   gui_getcolor.o
        48          6          0          0          0        514   gui_getfontinfo.o
        20          0          0          0          0        443   gui_getfontsizey.o
        22          0          0          0          0        489   gui_getstringdistx.o
        24          0          0          0          0        620   gui_getysizeoffont.o
       112          6          0          0          0       1113   gui_goto.o
       120          4          0          0          0        625   gui_invertrect.o
       130          0          0          0          0        900   gui_mergerect.o
        36          0          0          0          0        723   gui_moverect.o
       152         12          0         20          0      17109   gui_onkey.o
        84          4          0          0          0       1008   gui_pen.o
        58          0          0          0          0        845   gui_rectsintersect.o
        36          4          0          0          0        889   gui_savecontext.o
        24          0          0          0          0        416   gui_selectlcd.o
        40          0          0          0          0        610   gui_setcolor.o
        76          6          0          0          0        555   gui_setdefault.o
        24          0          0          0          0        494   gui_setdrawmode.o
        32          6          0          0          0        494   gui_setfont.o
        28          6          0          0          0        503   gui_setlinestyle.o
        32          4          0          0          0        491   gui_settextalign.o
        32          4          0          0          0        486   gui_settextmode.o
       232          6          0          0          0       1952   gui_uc.o
        56          8         16          0          0       1492   gui_uc_encodenone.o
       268         24          0         17          0      12131   gui_x_ucos.o
       196          6          0          0          0      28575   guiaaarc.o
       940         52          0         44        240       3576   guiaalib.o
       384          4          0          0          0       1425   guiaapoly.o
       976         16          0          1      15656       5352   guialloc.o
      1344         26          0          0          0       2889   guiarc.o
       224         10          0          0          0       1164   guichar.o
       440         12          0          0          0       1971   guicharline.o
       388          6          0          0          0       1941   guicharp.o
      1156         10          0          0          0       3362   guicirc.o
       292         24          8         20         96       5034   guicore.o
      1088         14          0          0          0       5553   guidev.o
      2214         18         96          0          0      35152   guidev_16.o
       278          0          0          0          0       1734   guidev_banding.o
        72          6          0          0          0        927   guidev_clear.o
        44          4          0          0          0        850   guidev_getysize.o
        56          6          0          0          0        917   guidev_reduceysize.o
       108          4          0          0          0       1004   guidev_setorg.o
       120          4          0          0          0       1305   guidev_usage.o
       560          6         24          0          0       3174   guidev_usagebm.o
       176          0         12          0          0       6238   guiencjs.o
        88          0          0          0          0        728   guirealloc.o
       328         20          0         12        400       1799   guitask.o
       258          0          0          0          0       1968   guival.o
      2212         56          0         28          0      13142   header.o
      1128         12          0          0          0       4344   lcd.o
         0          0         64          4          0        522   lcd_api.o
        92          4          0          0          0        536   lcd_drawvline.o
        16          4          0          0          0        536   lcd_getcolorindex.o
        22          0          0          0          0        504   lcd_getpixelcolor.o
        54          0          0          0          0       1051   lcd_l0_generic.o
         0          0        256          0          0        438   lcd_mirror.o
        36         10          0          0          0        408   lcd_selectlcd.o
        32          4          0          0          0        724   lcd_setcliprectex.o
        36          4          0          0          0        433   lcd_updatecolorindices.o
       392          6          0          0          0       1345   lcdaa.o
        84          4          0          0        512       1538   lcdcolor.o
      1772         14          0          0          0       6406   lcddummy.o
        84          6          0          0          0        580   lcdgetp.o
        44          0          0          0          0       1325   lcdinfo0.o
        32          0          0          0          0        707   lcdp565.o
        56          0          0          0          0        554   lcdp565_index2color.o
      2488         10          0         32          0      10650   listview.o
        72          0          0          0          0        690   listview_createindirect.o
        34          0          0          0          0       1877   listview_getheader.o
        40          0          0          0          0        873   listview_getnumcolumns.o
        40          0          0          0          0        854   listview_getnumrows.o
        34          0          0          0          0        802   listview_getsel.o
        66          0          0          0          0        902   listview_setbkcolor.o
        60          0          0          0          0        886   listview_setgridvis.o
       116          0          0          0          0       1131   listview_setitemtext.o
        60          0          0          0          0        916   listview_setrowheight.o
       120          0          0          0          0        946   listview_setsel.o
        80          0          0          0          0        988   listview_settextalign.o
      6284         28          0         20          0      25334   multiedit.o
        80          0          0          0          0        707   multiedit_createindirect.o
      1432         18          0          0          0       6979   progbar.o
        72          0          0          0          0        689   progbar_createindirect.o
      1272         30          0         24          0       6449   radio.o
        88          0          0          0          0        735   radio_createindirect.o
         0          0        176          0          0        853   radio_image.o
        66          0          0          0          0       1648   radio_setbkcolor.o
        52          0          0          0          0        573   radio_settextcolor.o
      1964         16          0         18          0       8413   scrollbar.o
       112          0          0          0          0       1068   scrollbar_create.o
       104         12          0          0          0       1694   scrollbar_defaults.o
      1324         12          0          4          0       6462   slider.o
        72          0          0          0          0        680   slider_createindirect.o
       360         14          0          8          0       2861   text.o
        78          0          0          0          0        686   text_createindirect.o
        56          0          0          0          0        846   text_setbkcolor.o
        36          0          0          0          0        871   text_setfont.o
        46          0          0          0          0        895   text_settext.o
        38          0          0          0          0        912   text_settextalign.o
        36          0          0          0          0        832   text_settextcolor.o
      1208          4          0          4          0       7413   widget.o
       428         18         24          0          0       3564   widget_effect_3d.o
        40          6         24          0          0       3290   widget_effect_none.o
        30          0          0          0          0        511   widget_seteffect.o
       388         10          0          4          0       2201   window.o
      4224        160          0         49         36      18546   wm.o
        60          0          0          0          0        846   wm__foreachdesc.o
        30          0          0          0          0        510   wm__getfirstsibling.o
        36          6          0          0          0        503   wm__getfocussedchild.o
        44          4          0          0          0        548   wm__getorg_aa.o
        54          0          0          0          0        777   wm__getprevsibling.o
        78          0          0          0          0       1102   wm__isancestor.o
        40          0          0          0          0        794   wm__ischild.o
        26          0          0          0          0        472   wm__isenabled.o
        36          0          0          0          0        802   wm__sendmessage.o
        40          0          0          0          0        872   wm__sendmessagenopara.o
       390          0          0          0          0       1455   wm__updatechildpositions.o
        80          0          0          0          0        839   wm_bringtobottom.o
       144          6          0          0          0       1420   wm_bringtotop.o
       118          0          0          0          0       1323   wm_checkscrollpos.o
        80          4          0          0          0        829   wm_criticalhandle.o
        28          0          0          0          0        753   wm_foreachdesc.o
        28          0          0          0          0        512   wm_getbkcolor.o
        88          8          0          0          0        966   wm_getclientrect.o
        26          0          0          0          0        501   wm_getclientwindow.o
        12          4          0          0          0        414   wm_getdesktopwindow.o
       106          0          0          0          0       1147   wm_getdialogitem.o
        28          0          0          0          0        475   wm_getfirstchild.o
        28          0          0          0          0        482   wm_getflags.o
        20          0          0          0          0        455   wm_getid.o
        44          4          0          0          0        898   wm_getinsiderect.o
       190          0          0          0          0       1098   wm_getinsiderectexscrollbar.o
        28          0          0          0          0        459   wm_getparent.o
        28          0          0          0          0        648   wm_getscrollbar.o
        42          0          0          0          0        526   wm_getscrollpartner.o
        22          0          0          0          0        740   wm_getscrollstate.o
       104          8          0          0          0       1154   wm_getwindowrect.o
       128          0          0          0          0       1536   wm_getwindowsize.o
        24          4          0          0          0        446   wm_hasfocus.o
        56          0          0          0          0        756   wm_hide.o
        32          0          0          0          0        514   wm_isfocussable.o
        24          0          0          0          0        462   wm_iswindow.o
       272          0          0          0          0       1788   wm_move.o
        22          0          0          0          0        502   wm_notifyparent.o
        64          6          0          0          0        575   wm_onkey.o
        74          0          0          0          0        823   wm_paint.o
       242          0          0          0          0       1066   wm_resizewindow.o
        24          0          0          0          0        503   wm_sendmessagenopara.o
        40          0          0          0          0        550   wm_sendtoparent.o
        46          0          0          0          0        881   wm_setcallback.o
        96          8          0          0          0        790   wm_setcapture.o
        16          6          0          0          0        464   wm_setcreateflags.o
       176          4          0          0          0        646   wm_setfocus.o
       152          0          0          0          0       1425   wm_setfocusonnextchild.o
       158          0          0          0          0       1544   wm_setscrollbar.o
        28          0          0          0          0        756   wm_setscrollstate.o
        74          0          0          0          0        885   wm_setsize.o
       152          6          0          0          0       1171   wm_settrans.o
        98          0          0          0          0        819   wm_settransstate.o
        32          6          0          0          0        745   wm_setusercliprect.o
        96          0          0          0          0       1065   wm_show.o
        56          6          0          0          0        716   wm_validatewindow.o
         0          0          0         16          0       1971   wmtouch.o

    ----------------------------------------------------------------------
     70760       1748       1750        376      17066     467310   Library Totals
        78          0          8         11          6          0   (incl. Padding)

    ----------------------------------------------------------------------

      Code (inc. data)   RO Data    RW Data    ZI Data      Debug   Library Name

      7932        258        505          0         96       4744   c_w.l
      4744        304          0          0          0       3004   fz_ws.l
      2406        162        288          0          0       1020   m_ws.l
     55600       1024        949        365      16964     458542   uCGUI_Lib.lib

    ----------------------------------------------------------------------
     70760       1748       1750        376      17066     467310   Library Totals

    ----------------------------------------------------------------------

==============================================================================


      Code (inc. data)   RO Data    RW Data    ZI Data      Debug   

    270228      18642     613220       2464     112472    1552502   Grand Totals
    270228      18642     613220        536     112472    1552502   ELF Image Totals (compressed)
    270228      18642     613220        536          0          0   ROM Totals

==============================================================================

    Total RO  Size (Code + RO Data)               883448 ( 862.74kB)
    Total RW  Size (RW Data + ZI Data)            114936 ( 112.24kB)
    Total ROM Size (Code + RO Data + RW Data)     883984 ( 863.27kB)

==============================================================================

