<html>
<body>
<pre>
<h1>µVision Build Log</h1>
<h2>Project:</h2>
E:\Git\english version\STM32³ÌÐòÒÆÖ²\Àý³Ì7-ADC-0\KEIL\ADC.uvproj
Project File Date:  07/09/2020

<h2>Output:</h2>
Build target 'ADC'
compiling main.c...
linking...
Program Size: Code=9024 RO-data=7616 RW-data=64 ZI-data=2016  
FromELF: creating hex file...
".\obj\ADC.axf" - 0 Error(s), 0 Warning(s).
Load "E:\\Git\\english version\\STM32³ÌÐòÒÆÖ²\\Àý³Ì7-ADC-0\\KEIL\\obj\\ADC.axf" 
Set JLink Project File to "E:\Git\english version\STM32³ÌÐòÒÆÖ²\Àý³Ì7-ADC-0\KEIL\JLinkSettings.ini"
* JLink Info: Device "STM32F103RC" selected (256 KB flash, 48 KB RAM).
 
JLink info:
------------
DLL: V4.40b, compiled Dec 22 2011 10:54:45
Firmware: J-Link V9 compiled Oct 25 2018 11:46:07
Hardware: V9.60
S/N : 69613334 
Feature(s) : RDI, GDB, FlashDL, FlashBP, JFlash 
 
* JLink Info: Found SWD-DP with ID 0x1BA01477
* JLink Info: TPIU fitted.
* JLink Info: ETM fitted.
* JLink Info:   FPUnit: 6 code (BP) slots and 2 literal slots
* JLink Info: Found Cortex-M3 r1p1, Little endian.
ROMTableAddr = 0xE00FF003
* JLink Info: Found SWD-DP with ID 0x1BA01477
* JLink Info: TPIU fitted.
* JLink Info: ETM fitted.
* JLink Info:   FPUnit: 6 code (BP) slots and 2 literal slots
* JLink Info: Found Cortex-M3 r1p1, Little endian.
 
Target info:
------------
Device: STM32F103RC
VTarget = 3.219V
State of Pins: 
TCK: 0, TDI: 0, TDO: 0, TMS: 1, TRES: 1, TRST: 1
Hardware-Breakpoints: 6
Software-Breakpoints: 8192
Watchpoints:          4
JTAG speed: 2000 kHz
 
Erase Done.
Programming Done.
Verify OK.
* JLink Info: Found SWD-DP with ID 0x1BA01477
* JLink Info: TPIU fitted.
* JLink Info: ETM fitted.
* JLink Info:   FPUnit: 6 code (BP) slots and 2 literal slots
* JLink Info: Found Cortex-M3 r1p1, Little endian.
Application running ...
</pre>
</body>
</html>
sion\\STM32³ÌÐòÒÆÖ²\\Àý³Ì7-ADC-0\\KEIL\\obj\\ADC.axf" 
Set JLink Project File to "E:\Git\english version\STM32³ÌÐòÒÆÖ²\Àý³Ì7-ADC-0\KEIL\JLinkSettings.ini"
* JLink Info: Device "STM32F103RC" selected (256 KB flash, 48 KB RAM).
 
JLink info:
------------
DLL: V4.40b, compiled Dec 22 2011 10:54:45
Firmware: J-Link V9 compiled Oct 25 2018 11:46:07
Hardware: V9.60
S/N : 69613334 
Feature(s) : RDI, GDB, FlashDL, FlashBP, JFlash 
 
* JLink Info: Found SWD-DP with ID 0x1BA01477
* JLink Info: TPIU fitted.
* JLink Info: ETM fitted.
* JLink Info:   FPUnit: 6 code (BP) slots and 2 literal slots
* JLink Info: Found Cortex-M3 r1p1, Little endian.
ROMTableAddr = 0xE00FF003
* JLink Info: Found SWD-DP with ID 0x1BA01477
* JLink Info: TPIU fitted.
* JLink Info: ETM fitted.
* JLink Info:   FPUnit: 6 code (BP) slots and 2 literal slots
* JLink Info: Found Cortex-M3 r1p1, Little endian.
 
Target info:
------------
Device: STM32F103RC
VTarget = 3.237V
State of Pins: 
TCK: 0, TDI: 0, TDO: 0, TMS: 1, TRES: 1, TRST: 1
Hardware-Breakpoints: 6
Software-Breakpoints: 8192
Watchpoints:          4
JTAG speed: 2000 kHz
 
Erase Done.
Programming Done.
Verify OK.
* JLink Info: Found SWD-DP with ID 0x1BA01477
* JLink Info: TPIU fitted.
* JLink Info: ETM fitted.
* JLink Info:   FPUnit: 6 code (BP) slots and 2 literal slots
* JLink Info: Found Cortex-M3 r1p1, Little endian.
Application running ...
Load "E:\\Git\\english version\\STM32³ÌÐòÒÆÖ²\\Àý³Ì7-ADC-0\\KEIL\\obj\\ADC.axf" 
Set JLink Project File to "E:\Git\english version\STM32³ÌÐòÒÆÖ²\Àý³Ì7-ADC-0\KEIL\JLinkSettings.ini"
* JLink Info: Device "STM32F103RC" selected (256 KB flash, 48 KB RAM).
 
JLink info:
------------
DLL: V4.40b, compiled Dec 22 2011 10:54:45
Firmware: J-Link V9 compiled Oct 25 2018 11:46:07
Hardware: V9.60
S/N : 69613334 
Feature(s) : RDI, GDB, FlashDL, FlashBP, JFlash 
 
* JLink Info: Found SWD-DP with ID 0x1BA01477
* JLink Info: TPIU fitted.
* JLink Info: ETM fitted.
* JLink Info:   FPUnit: 6 code (BP) slots and 2 literal slots
* JLink Info: Found Cortex-M3 r1p1, Little endian.
ROMTableAddr = 0xE00FF003
* JLink Info: Found SWD-DP with ID 0x1BA01477
* JLink Info: TPIU fitted.
* JLink Info: ETM fitted.
* JLink Info:   FPUnit: 6 code (BP) slots and 2 literal slots
* JLink Info: Found Cortex-M3 r1p1, Little endian.
 
Target info:
------------
Device: STM32F103RC
VTarget = 3.214V
State of Pins: 
TCK: 0, TDI: 0, TDO: 0, TMS: 1, TRES: 1, TRST: 1
Hardware-Breakpoints: 6
Software-Breakpoints: 8192
Watchpoints:          4
JTAG speed: 2000 kHz
 
Erase Done.
Programming Done.
Verify OK.
* JLink Info: Found SWD-DP with ID 0x1BA01477
* JLink Info: TPIU fitted.
* JLink Info: ETM fitted.
* JLink Info:   FPUnit: 6 code (BP) slots and 2 literal slots
* JLink Info: Found Cortex-M3 r1p1, Little endian.
Application running ...
y.h(19): error:  #130: expected a "{"
  extern void System168MDelay1us(void)£»
..\USER\LcdUtils.h(6): warning:  #12-D: parsing restarts here after previous syntax error
  {
..\USER\LcdUtils.h(7): error:  #20: identifier "FONT_16" is undefined
        FONT_16,
..\USER\LcdUtils.h(8): error:  #20: identifier "FONT_24" is undefined
        FONT_24
..\USER\LcdUtils.h(9): error:  #65: expected a ";"
  }LCDFONT;
..\USER\LcdUtils.h(9): error:  #77-D: this declaration has no storage class or type specifier
  }LCDFONT;
..\USER\LcdUtils.h(99): error:  #757: variable "LCDFONT" is not a type name
  extern void LcdSetFont(LCDFONT state);
..\USER\LcdUtils.h(100): error:  #757: variable "LCDFONT" is not a type name
  extern LCDFONT LcdGetFont(void);
..\USER\Lcd.c(5): warning:  #223-D: function "I2C_WriteByte" declared implicitly
      return I2C_WriteByte(Cmd, 0x00, 0x78);
..\USER\Lcd.c(11): warning:  #223-D: function "I2C_WriteByte" declared implicitly
      return I2C_WriteByte(Data, 0x40, 0x78);
..\USER\Lcd.c(17): warning:  #223-D: function "I2C_WriteData" declared implicitly
      return I2C_WriteData(0x78, 0x40, Data, bytes);
..\USER\Lcd.c(121): error:  #20: identifier "FONT_16" is undefined
      LcdSetFont(FONT_16);
..\USER\Lcd.c: 4 warnings, 9 errors
compiling LcdUtils.c...
..\SYSTEM\Delay.h(19): error:  #7: unrecognized token
  extern void System168MDelay1us(void)£»
..\SYSTEM\Delay.h(19): error:  #130: expected a "{"
  extern void System168MDelay1us(void)£»
..\USER\LcdUtils.h(6): warning:  #12-D: parsing restarts here after previous syntax error
  {
..\USER\LcdUtils.h(7): error:  #20: identifier "FONT_16" is undefined
        FONT_16,
..\USER\LcdUtils.h(8): error:  #20: identifier "FONT_24" is undefined
        FONT_24
..\USER\LcdUtils.h(9): error:  #65: expected a ";"
  }LCDFONT;
..\USER\LcdUtils.h(9): error:  #77-D: this declaration has no storage class or type specifier
  }LCDFONT;
..\USER\LcdUtils.h(99): error:  #757: variable "LCDFONT" is not a type name
  extern void LcdSetFont(LCDFONT state);
..\USER\LcdUtils.h(100): error:  #757: variable "LCDFONT" is not a type name
  extern LCDFONT LcdGetFont(void);
..\USER\LcdUtils.c(21): error:  #757: variable "LCDFONT" is not a type name
        LCDFONT Font;                           //×ÖÌå
..\USER\LcdUtils.c(47): error:  #757: variable "LCDFONT" is not a type name
  void LcdSetFont(LCDFONT state)
..\USER\LcdUtils.c(52): error:  #20: identifier "FONT_16" is undefined
                case FONT_16:
..\USER\LcdUtils.c(60): error:  #20: identifier "FONT_24" is undefined
                case FONT_24:
..\USER\LcdUtils.c(70): error:  #757: variable "LCDFONT" is not a type name
  LCDFONT LcdGetFont(void)
..\USER\LcdUtils.c(93): warning:  #223-D: function "LcdSetPos" declared implicitly
          LcdSetPos(0, y);
..\USER\LcdUtils.c(94): warning:  #223-D: function "LcdWriteDataBytes" declared implicitly
          LcdWriteDataBytes(&LcdBuffer[y][0], sizeof(LcdBuffer[0]));     
..\USER\LcdUtils.c(149): error:  #20: identifier "FONT_16" is undefined
                        case FONT_16:                                   //16*16ºº×Ö
..\USER\LcdUtils.c(154): error:  #20: identifier "FONT_24" is undefined
                        case FONT_24:                                   //24*24ºº×Ö
..\USER\LcdUtils.c(162): warning:  #128-D: loop is not reachable
                while(i<num)            //ËÑË÷×Ö·ûËùÔÚµÄÎ»ÖÃ
..\USER\LcdUtils.c(180): error:  #20: identifier "FONT_16" is undefined
                        case FONT_16:                                   //8*16Ó¢ÎÄ×Ö·û
..\USER\LcdUtils.c(183): error:  #20: identifier "FONT_24" is undefined
                        case FONT_24:                                   //12*24Ó¢ÎÄ×Ö·û
..\USER\LcdUtils.c: 4 warnings, 17 errors
compiling LED.c...
..\SYSTEM\Delay.h(19): error:  #7: unrecognized token
  extern void System168MDelay1us(void)£»
..\SYSTEM\Delay.h(19): error:  #130: expected a "{"
  extern void System168MDelay1us(void)£»
..\USER\LcdUtils.h(6): warning:  #12-D: parsing restarts here after previous syntax error
  {
..\USER\LcdUtils.h(7): error:  #20: identifier "FONT_16" is undefined
        FONT_16,
..\USER\LcdUtils.h(8): error:  #20: identifier "FONT_24" is undefined
        FONT_24
..\USER\LcdUtils.h(9): error:  #65: expected a ";"
  }LCDFONT;
..\USER\LcdUtils.h(9): error:  #77-D: this declaration has no storage class or type specifier
  }LCDFONT;
..\USER\LcdUtils.h(99): error:  #757: variable "LCDFONT" is not a type name
  extern void LcdSetFont(LCDFONT state);
..\USER\LcdUtils.h(100): error:  #757: variable "LCDFONT" is not a type name
  extern LCDFONT LcdGetFont(void);
..\USER\LED.c: 1 warning, 8 errors
compiling AD.c...
..\SYSTEM\Delay.h(19): error:  #7: unrecognized token
  extern void System168MDelay1us(void)£»
..\SYSTEM\Delay.h(19): error:  #130: expected a "{"
  extern void System168MDelay1us(void)£»
..\USER\LcdUtils.h(6): warning:  #12-D: parsing restarts here after previous syntax error
  {
..\USER\LcdUtils.h(7): error:  #20: identifier "FONT_16" is undefined
        FONT_16,
..\USER\LcdUtils.h(8): error:  #20: identifier "FONT_24" is undefined
        FONT_24
..\USER\LcdUtils.h(9): error:  #65: expected a ";"
  }LCDFONT;
..\USER\LcdUtils.h(9): error:  #77-D: this declaration has no storage class or type specifier
  }LCDFONT;
..\USER\LcdUtils.h(99): error:  #757: variable "LCDFONT" is not a type name
  extern void LcdSetFont(LCDFONT state);
..\USER\LcdUtils.h(100): error:  #757: variable "LCDFONT" is not a type name
  extern LCDFONT LcdGetFont(void);
..\USER\AD.c: 1 warning, 8 errors
compiling Delay.c...
..\SYSTEM\Delay.h(19): error:  #7: unrecognized token
  extern void System168MDelay1us(void)£»
..\SYSTEM\Delay.h(19): error:  #130: expected a "{"
  extern void System168MDelay1us(void)£»
..\USER\LcdUtils.h(6): warning:  #12-D: parsing restarts here after previous syntax error
  {
..\USER\LcdUtils.h(7): error:  #20: identifier "FONT_16" is undefined
        FONT_16,
..\USER\LcdUtils.h(8): error:  #20: identifier "FONT_24" is undefined
        FONT_24
..\USER\LcdUtils.h(9): error:  #65: expected a ";"
  }LCDFONT;
..\USER\LcdUtils.h(9): error:  #77-D: this declaration has no storage class or type specifier
  }LCDFONT;
..\USER\LcdUtils.h(99): error:  #757: variable "LCDFONT" is not a type name
  extern void LcdSetFont(LCDFONT state);
..\USER\LcdUtils.h(100): error:  #757: variable "LCDFONT" is not a type name
  extern LCDFONT LcdGetFont(void);
..\SYSTEM\Delay.c(111): error:  #247: function "System168MDelay1us" has already been defined
  void System168MDelay1us(void)
..\SYSTEM\Delay.c: 1 warning, 9 errors
".\obj\ADC.axf" - 83 Error(s), 21 Warning(s).
Target not created
