<html>
<body>
<pre>
<h1>礦ision Build Log</h1>
<h2>Project:</h2>
F:\2016\MCU\10通道扫码设备\程序\scan\KeilMDK\scan.uvproj
Project File Date:  12/15/2016

<h2>Output:</h2>
Rebuild target 'scan'
compiling Main.c...
compiling stm32f4xx_it.c...
compiling SystemConfig.c...
compiling Task.c...
compiling GuestRespond.c...
compiling Recorder.c...
compiling MidFunction.c...
compiling DetTest.c...
compiling TaskCreate.c...
compiling GuiCustomUtils.c...
compiling CustomMessageBox.c...
compiling StatusBar.c...
compiling DeskMenu.c...
compiling PowerOff.c...
compiling DeviceStart.c...
compiling MainMenu.c...
compiling ChannelTestPrepareFigure.c...
compiling ChannelStatusFigure.c...
compiling DetTestErrorList.c...
compiling DetTestRecorderList.c...
compiling DeviceInfoMenu.c...
compiling DeviceInfo.c...
compiling WaitDiskInsert.c...
compiling FileExportToMsc.c...
compiling HexFileImport.c...
compiling SystemTool.c...
compiling SystemSet.c...
compiling ScanTest.c...
compiling RtcSet.c...
compiling SoundSet.c...
compiling SelfTest.c...
compiling StageSet.c...
compiling LcdBrightSet.c...
compiling DetTestContentMenu.c...
compiling DetTestCurrentContent.c...
compiling DetTestContentSemifinishedSet.c...
compiling DetTestContentFinishedSet.c...
compiling DetTestContentModify.c...
compiling DetTestParamPwd.c...
compiling DetTestParamStageMenu.c...
compiling DetTestParamMenu.c...
compiling DetTestParamCurrentSet.c...
compiling DetTestParamFreqSet.c...
compiling DetTestParamMaskBitSet.c...
compiling DetAnalyst.c...
compiling DetAnalystResult.c...
compiling adc.c...
compiling aes.c...
compiling AnsiToUnicode.c...
compiling BarCode.c...
compiling CRC16.c...
compiling Delay.c...
compiling DetCmd.c...
compiling DetHardware.c...
compiling FSMC.c...
compiling RA8875.c...
compiling rtc.c...
compiling slip.c...
compiling Sound.c...
compiling keyScan.c...
compiling Power.c...
compiling Sleep.c...
compiling SdCard.c...
compiling Package.c...
compiling CH374Device.c...
compiling CH374DeviceHid.c...
compiling CH374DeviceMsc.c...
compiling CH374Host.c...
compiling CH374HostHid.c...
compiling CH374HostMsc.c...
compiling CH374Interface.c...
compiling CH374Process.c...
compiling system_stm32f4xx.c...
assembling startup_stm32f40_41xxx.s...
compiling misc.c...
compiling stm32f4xx_adc.c...
compiling stm32f4xx_exti.c...
compiling stm32f4xx_flash.c...
compiling stm32f4xx_fsmc.c...
compiling stm32f4xx_gpio.c...
compiling stm32f4xx_pwr.c...
compiling stm32f4xx_rtc.c...
compiling stm32f4xx_spi.c...
compiling stm32f4xx_syscfg.c...
compiling stm32f4xx_tim.c...
compiling stm32f4xx_rcc.c...
assembling os_cpu_a.asm...
compiling os_cpu_c.c...
compiling os_core.c...
compiling os_flag.c...
compiling os_mbox.c...
compiling os_mem.c...
compiling os_mutex.c...
compiling os_q.c...
compiling os_sem.c...
compiling os_task.c...
compiling os_time.c...
compiling os_tmr.c...
compiling ucos_ii.c...
compiling diskio.c...
compiling ff.c...
compiling cc936.c...
compiling GUIConf.c...
compiling GUIDRV_Template.c...
compiling LCDConf_FlexColor_Template.c...
compiling GUI_X_UCOSII.c...
compiling SongTi24.c...
compiling Scan.c...
compiling USBErrorIcon.c...
compiling USBIcon.c...
compiling USBNonSupportIcon.c...
compiling DiskIcon.c...
linking...
Program Size: Code=200224 RO-data=242724 RW-data=1328 ZI-data=50312  
FromELF: creating hex file...
".\obj\CPU.axf" - 0 Error(s), 0 Warning(s).
