<html>
<body>
<pre>
<h1>礦ision Build Log</h1>
<h2>Project:</h2>
E:\Git\english version\新板子设计\ucos_ii 移植\STM32F103RC\UCOS II.uvproj
Project File Date:  06/22/2020

<h2>Output:</h2>
Rebuild target 'Target 1'
assembling os_cpu_a.asm...
compiling os_cpu_c.c...
compiling os_core.c...
compiling os_flag.c...
compiling os_mbox.c...
compiling os_mem.c...
compiling os_mutex.c...
compiling os_q.c...
compiling os_sem.c...
compiling os_task.c...
compiling os_time.c...
compiling os_tmr.c...
assembling startup_stm32f10x_hd.s...
compiling system_stm32f10x.c...
compiling sys.c...
compiling stm32f10x_it.c...
compiling main.c...
USER\main.c(8): warning:  #1-D: last line of file ends without a newline
  }
USER\main.c: 1 warning, 0 errors
linking...
Program Size: Code=9662 RO-data=594 RW-data=92 ZI-data=3972  
".\UCOS II.axf" - 0 Error(s), 1 Warning(s).
created
es.
".\UCOS II.axf" - 1 Error(s), 0 Warning(s).
Target not created
ent is unreachable
       )
USER\main.c(7): error:  #29: expected an expression
       )
USER\main.c(8): warning:  #1-D: last line of file ends without a newline
  }
USER\main.c(8): error:  #65: expected a ";"
  }
USER\main.c: 2 warnings, 5 errors
compiling stm32f10x_it.c...
".\UCOS II.axf" - 5 Error(s), 2 Warning(s).
Target not created
ludes.h(24): error:  #5: cannot open source input file "delay.h": No such file or directory
  #include "delay.h"  
UCOSII\CORE\os_mutex.c: 0 warnings, 1 error
compiling os_q.c...
.\UCOSII\CONFIG\includes.h(24): error:  #5: cannot open source input file "delay.h": No such file or directory
  #include "delay.h"  
UCOSII\CORE\os_q.c: 0 warnings, 1 error
compiling os_sem.c...
.\UCOSII\CONFIG\includes.h(24): error:  #5: cannot open source input file "delay.h": No such file or directory
  #include "delay.h"  
UCOSII\CORE\os_sem.c: 0 warnings, 1 error
compiling os_task.c...
.\UCOSII\CONFIG\includes.h(24): error:  #5: cannot open source input file "delay.h": No such file or directory
  #include "delay.h"  
UCOSII\CORE\os_task.c: 0 warnings, 1 error
compiling os_time.c...
.\UCOSII\CONFIG\includes.h(24): error:  #5: cannot open source input file "delay.h": No such file or directory
  #include "delay.h"  
UCOSII\CORE\os_time.c: 0 warnings, 1 error
compiling os_tmr.c...
.\UCOSII\CONFIG\includes.h(24): error:  #5: cannot open source input file "delay.h": No such file or directory
  #include "delay.h"  
UCOSII\CORE\os_tmr.c: 0 warnings, 1 error
assembling startup_stm32f10x_hd.s...
compiling system_stm32f10x.c...
compiling sys.c...
".\UCOS II.axf" - 11 Error(s), 0 Warning(s).
Target not created
3RC\\UCOS II.axf" 
_____^
*** error 56: cannot open file
Error: Flash Download failed  -  Could not load file 'E:\Git\english version\新板子设计\ucos_ii 移植\STM32F103RC\UCOS II.axf'
 STM32F10x device used in your application (in stm32f10x.h file)"
UCOSII\CORE\os_sem.c: 0 warnings, 1 error
compiling os_task.c...
.\UCOSII\CMSIS\stm32f10x.h(96): error:  #35: #error directive: "Please select first the target STM32F10x device used in your application (in stm32f10x.h file)"
   #error "Please select first the target STM32F10x device used in your application (in stm32f10x.h file)"
UCOSII\CORE\os_task.c: 0 warnings, 1 error
compiling os_time.c...
.\UCOSII\CMSIS\stm32f10x.h(96): error:  #35: #error directive: "Please select first the target STM32F10x device used in your application (in stm32f10x.h file)"
   #error "Please select first the target STM32F10x device used in your application (in stm32f10x.h file)"
UCOSII\CORE\os_time.c: 0 warnings, 1 error
compiling os_tmr.c...
.\UCOSII\CMSIS\stm32f10x.h(96): error:  #35: #error directive: "Please select first the target STM32F10x device used in your application (in stm32f10x.h file)"
   #error "Please select first the target STM32F10x device used in your application (in stm32f10x.h file)"
UCOSII\CORE\os_tmr.c: 0 warnings, 1 error
assembling startup_stm32f10x_hd.s...
compiling system_stm32f10x.c...
UCOSII\CMSIS\stm32f10x.h(96): error:  #35: #error directive: "Please select first the target STM32F10x device used in your application (in stm32f10x.h file)"
   #error "Please select first the target STM32F10x device used in your application (in stm32f10x.h file)"
UCOSII\CMSIS\system_stm32f10x.c: 0 warnings, 1 error
".\UCOS II.axf" - 12 Error(s), 0 Warning(s).
Target not created
