<html>
<body>
<pre>
<h1>礦ision Build Log</h1>
<h2>Project:</h2>
E:\Git\english version\新板子设计\ucos_ii 移植\STM32F103RC\UCOS II.uvproj
Project File Date:  06/22/2020

<h2>Output:</h2>
Build target 'Target 1'
compiling os_cpu_c.c...
compiling os_core.c...
compiling os_flag.c...
compiling os_mbox.c...
compiling os_mem.c...
compiling os_mutex.c...
compiling os_q.c...
compiling os_sem.c...
compiling os_task.c...
compiling os_time.c...
compiling os_tmr.c...
compiling main.c...
USER\main.c(8): warning:  #1-D: last line of file ends without a newline
  }
USER\main.c: 1 warning, 0 errors
linking...
Program Size: Code=9662 RO-data=594 RW-data=92 ZI-data=3972  
".\UCOS II.axf" - 0 Error(s), 1 Warning(s).
</pre>
</body>
</html>
