<html>
<body>
<pre>
<h1>µVision Build Log</h1>
<h2>Project:</h2>
E:\Git\english version\STM32³ÌÐòÒÆÖ²\Àý³Ì3.1-OLED-0\KeilMDK\OLED.uvproj
Project File Date:  07/06/2020

<h2>Output:</h2>
Build target 'OLED'
compiling core_cm3.c...
compiling system_stm32f10x.c...
compiling stm32f10x_it.c...
compiling main.c...
compiling myiic.c...
compiling oled.c...
compiling led.c...
compiling delay.c...
compiling sys.c...
compiling usart.c...
compiling misc.c...
compiling stm32f10x_gpio.c...
compiling stm32f10x_rcc.c...
compiling stm32f10x_usart.c...
compiling stm32f10x_i2c.c...
linking...
Program Size: Code=5980 RO-data=6416 RW-data=52 ZI-data=2860  
".\OLED.axf" - 0 Error(s), 0 Warning(s).
</pre>
</body>
</html>
get STM32F10x device used in your application (in stm32f10x.h file)"
   #error "Please select first the target STM32F10x device used in your application (in stm32f10x.h file)"
..\USER\stm32f10x_it.c: 0 warnings, 1 error
compiling main.c...
..\CMSIS\stm32f10x.h(96): error:  #35: #error directive: "Please select first the target STM32F10x device used in your application (in stm32f10x.h file)"
   #error "Please select first the target STM32F10x device used in your application (in stm32f10x.h file)"
..\USER\main.c: 0 warnings, 1 error
compiling myiic.c...
..\CMSIS\stm32f10x.h(96): error:  #35: #error directive: "Please select first the target STM32F10x device used in your application (in stm32f10x.h file)"
   #error "Please select first the target STM32F10x device used in your application (in stm32f10x.h file)"
..\USER\IIC\myiic.c: 0 warnings, 1 error
compiling oled.c...
..\CMSIS\stm32f10x.h(96): error:  #35: #error directive: "Please select first the target STM32F10x device used in your application (in stm32f10x.h file)"
   #error "Please select first the target STM32F10x device used in your application (in stm32f10x.h file)"
..\USER\OLED\oled.c: 0 warnings, 1 error
compiling led.c...
..\CMSIS\stm32f10x.h(96): error:  #35: #error directive: "Please select first the target STM32F10x device used in your application (in stm32f10x.h file)"
   #error "Please select first the target STM32F10x device used in your application (in stm32f10x.h file)"
..\USER\LED\led.c: 0 warnings, 1 error
compiling delay.c...
..\CMSIS\stm32f10x.h(96): error:  #35: #error directive: "Please select first the target STM32F10x device used in your application (in stm32f10x.h file)"
   #error "Please select first the target STM32F10x device used in your application (in stm32f10x.h file)"
..\SYSTEM\delay\delay.c: 0 warnings, 1 error
compiling sys.c...
..\CMSIS\stm32f10x.h(96): error:  #35: #error directive: "Please select first the target STM32F10x device used in your application (in stm32f10x.h file)"
   #error "Please select first the target STM32F10x device used in your application (in stm32f10x.h file)"
..\SYSTEM\sys\sys.c: 0 warnings, 1 error
compiling usart.c...
..\CMSIS\stm32f10x.h(96): error:  #35: #error directive: "Please select first the target STM32F10x device used in your application (in stm32f10x.h file)"
   #error "Please select first the target STM32F10x device used in your application (in stm32f10x.h file)"
..\SYSTEM\usart\usart.c: 0 warnings, 1 error
compiling misc.c...
..\CMSIS\stm32f10x.h(96): error:  #35: #error directive: "Please select first the target STM32F10x device used in your application (in stm32f10x.h file)"
   #error "Please select first the target STM32F10x device used in your application (in stm32f10x.h file)"
..\STM32F10x_FWLib\src\misc.c: 0 warnings, 1 error
compiling stm32f10x_gpio.c...
..\CMSIS\stm32f10x.h(96): error:  #35: #error directive: "Please select first the target STM32F10x device used in your application (in stm32f10x.h file)"
   #error "Please select first the target STM32F10x device used in your application (in stm32f10x.h file)"
..\STM32F10x_FWLib\src\stm32f10x_gpio.c: 0 warnings, 1 error
compiling stm32f10x_rcc.c...
..\CMSIS\stm32f10x.h(96): error:  #35: #error directive: "Please select first the target STM32F10x device used in your application (in stm32f10x.h file)"
   #error "Please select first the target STM32F10x device used in your application (in stm32f10x.h file)"
..\STM32F10x_FWLib\src\stm32f10x_rcc.c: 0 warnings, 1 error
compiling stm32f10x_usart.c...
..\CMSIS\stm32f10x.h(96): error:  #35: #error directive: "Please select first the target STM32F10x device used in your application (in stm32f10x.h file)"
   #error "Please select first the target STM32F10x device used in your application (in stm32f10x.h file)"
..\STM32F10x_FWLib\src\stm32f10x_usart.c: 0 warnings, 1 error
compiling stm32f10x_i2c.c...
..\CMSIS\stm32f10x.h(96): error:  #35: #error directive: "Please select first the target STM32F10x device used in your application (in stm32f10x.h file)"
   #error "Please select first the target STM32F10x device used in your application (in stm32f10x.h file)"
..\STM32F10x_FWLib\src\stm32f10x_i2c.c: 0 warnings, 1 error
".\OLED.axf" - 14 Error(s), 0 Warning(s).
Target not created
