<html>
<body>
<pre>
<h1>礦ision Build Log</h1>
<h2>Tool Versions:</h2>
IDE-Version: μVision V5.27.0.0
Copyright (C) 2018 ARM Ltd and ARM Germany GmbH. All rights reserved.
License Information: 111 1111, 44545, LIC=IC93N-Y7P3W-AWB2F-6U38F-8KHDI-B5B5D
 
Tool Versions:
Toolchain:       MDK-ARM Professional  Version: 5.27.0.0
Toolchain Path:  D:\software\KEIL5\ARM\ARMCC\Bin
C Compiler:      Armcc.exe V5.06 update 6 (build 750)
Assembler:       Armasm.exe V5.06 update 6 (build 750)
Linker/Locator:  ArmLink.exe V5.06 update 6 (build 750)
Library Manager: ArmAr.exe V5.06 update 6 (build 750)
Hex Converter:   FromElf.exe V5.06 update 6 (build 750)
CPU DLL:         SARMCM3.DLL V5.27.0.0
Dialog DLL:      DARMSTM.DLL V1.68.0.0
Target DLL:      Segger\JL2CM3.dll V2.99.34.0
Dialog DLL:      TARMSTM.DLL V1.66.0.0
 
<h2>Project:</h2>
E:\Git\english version\STM32程序移植\OLED参考代码\03-中景园电子0.96OLED显示屏_STM32F103ZET系列_I2C_例程\USER\OLED.uvprojx
Project File Date:  07/07/2020

<h2>Output:</h2>
*** Using Compiler 'V5.06 update 6 (build 750)', folder: 'D:\software\KEIL5\ARM\ARMCC\Bin'
Rebuild target 'Target 1'
compiling system_stm32f10x.c...
compiling LED.c...
compiling delay.c...
compiling stm32f10x_it.c...
compiling sys.c...
compiling oled.c...
..\HARDWARE\OLED\oled.h(46): warning:  #1-D: last line of file ends without a newline
  #endif
..\HARDWARE\OLED\oledfont.h(362): warning:  #1-D: last line of file ends without a newline
  #endif
..\HARDWARE\OLED\oled.c(174): warning:  #186-D: pointless comparison of unsigned integer with zero
  	if((x1<0)||(x2>128)||(y1<0)||(y2>64)||(x1>x2)||(y1>y2))return;
..\HARDWARE\OLED\oled.c(174): warning:  #186-D: pointless comparison of unsigned integer with zero
  	if((x1<0)||(x2>128)||(y1<0)||(y2>64)||(x1>x2)||(y1>y2))return;
..\HARDWARE\OLED\oled.c(173): warning:  #177-D: variable "y0"  was declared but never referenced
  	u8 i,k,k1,k2,y0;
..\HARDWARE\OLED\oled.c(482): warning:  #1-D: last line of file ends without a newline
  }
..\HARDWARE\OLED\oled.c: 6 warnings, 0 errors
compiling main.c...
..\HARDWARE\OLED\oled.h(46): warning:  #1-D: last line of file ends without a newline
  #endif
..\HARDWARE\OLED\bmp.h(140): warning:  #1-D: last line of file ends without a newline
  #endif
main.c: 2 warnings, 0 errors
assembling startup_stm32f10x_hd.s...
compiling misc.c...
compiling stm32f10x_gpio.c...
compiling usart.c...
compiling stm32f10x_usart.c...
compiling stm32f10x_rcc.c...
compiling core_cm3.c...
linking...
Program Size: Code=7344 RO-data=6416 RW-data=7276 ZI-data=2988  
FromELF: creating hex file...
"..\OBJ\OLED.axf" - 0 Error(s), 8 Warning(s).

<h2>Software Packages used:</h2>

Package Vendor: Keil
                http://www.keil.com/pack/Keil.STM32F1xx_DFP.2.3.0.pack
                Keil.STM32F1xx_DFP.2.3.0
                STMicroelectronics STM32F1 Series Device Support, Drivers and Examples

<h2>Collection of Component include folders:</h2>
  .\RTE\_Target_1
  D:\software\KEIL5\Keil\STM32F1xx_DFP\2.3.0\Device\Include

<h2>Collection of Component Files used:</h2>
Build Time Elapsed:  00:00:02
</pre>
</body>
</html>
