ARM Linker, 5.03 [Build 76] [MDK-ARM Standard]

==============================================================================

Section Cross References

    startup_stm32f10x_hd.o(STACK) refers (Special) to heapauxi.o(.text) for __use_two_region_memory
    startup_stm32f10x_hd.o(HEAP) refers (Special) to heapauxi.o(.text) for __use_two_region_memory
    startup_stm32f10x_hd.o(RESET) refers (Special) to heapauxi.o(.text) for __use_two_region_memory
    startup_stm32f10x_hd.o(RESET) refers to startup_stm32f10x_hd.o(STACK) for __initial_sp
    startup_stm32f10x_hd.o(RESET) refers to startup_stm32f10x_hd.o(.text) for Reset_Handler
    startup_stm32f10x_hd.o(RESET) refers to stm32f10x_it.o(.text) for NMI_Handler
    startup_stm32f10x_hd.o(RESET) refers to os_cpu_a.o(.text) for OS_CPU_PendSVHandler
    startup_stm32f10x_hd.o(.text) refers (Special) to heapauxi.o(.text) for __use_two_region_memory
    startup_stm32f10x_hd.o(.text) refers to system_stm32f10x.o(.text) for SystemInit
    startup_stm32f10x_hd.o(.text) refers to __main.o(!!!main) for __main
    startup_stm32f10x_hd.o(.text) refers to startup_stm32f10x_hd.o(HEAP) for Heap_Mem
    startup_stm32f10x_hd.o(.text) refers to startup_stm32f10x_hd.o(STACK) for Stack_Mem
    system_stm32f10x.o(.text) refers to system_stm32f10x.o(.data) for SystemCoreClock
    main.o(.text) refers to os_core.o(.text) for OSInit
    main.o(.text) refers to task.o(.text) for TaskCreate
    stm32f10x_it.o(.text) refers to os_core.o(.text) for OSIntEnter
    stm32f10x_it.o(.text) refers to stm32f10x_it.o(.data) for TickCounter
    systemconfig.o(.text) refers to delay.o(.text) for SysTickConfig
    systemconfig.o(.text) refers to led.o(.text) for LEDConfig
    task.o(.text) refers to i2c.o(.text) for I2C_GPIO_Config
    task.o(.text) refers to lcd.o(.text) for LcdInit
    task.o(.text) refers to lcdutils.o(.text) for LcdShowStr2Center
    task.o(.text) refers to get_usb.o(.text) for GET_USB_CONFIG
    task.o(.text) refers to stm32f10x_gpio.o(.text) for GPIO_ReadInputDataBit
    task.o(.text) refers to os_sem.o(.text) for OSSemPost
    task.o(.text) refers to os_time.o(.text) for OSTimeDlyHMSM
    task.o(.text) refers to systemconfig.o(.text) for SystemGpioConfig
    task.o(.text) refers to os_task.o(.text) for OSTaskDel
    task.o(.text) refers to task.o(.data) for SW_USB
    task.o(.text) refers to task.o(.bss) for PrivateStk
    delay.o(.text) refers to stm32f10x_rcc.o(.text) for RCC_GetClocksFreq
    i2c.o(.text) refers to stm32f10x_rcc.o(.text) for RCC_APB2PeriphClockCmd
    i2c.o(.text) refers to stm32f10x_gpio.o(.text) for GPIO_Init
    i2c.o(.text) refers to delay.o(.text) for System72MDelay1us
    i2c.o(.text) refers to rt_memclr.o(.text) for __aeabi_memclr
    lcd.o(.text) refers to i2c.o(.text) for I2C_WriteByte
    lcd.o(.text) refers to lcdutils.o(.text) for LcdBufferClear
    lcdutils.o(.text) refers to lcd.o(.text) for LcdSetPos
    lcdutils.o(.text) refers to memcmp.o(.text) for memcmp
    lcdutils.o(.text) refers to lcdutils.o(.data) for LcdState
    lcdutils.o(.text) refers to lcdutils.o(.bss) for LcdBuffer
    lcdutils.o(.text) refers to lcdutils.o(.constdata) for hzIndex16_16
    led.o(.text) refers to stm32f10x_rcc.o(.text) for RCC_APB2PeriphClockCmd
    led.o(.text) refers to stm32f10x_gpio.o(.text) for GPIO_PinRemapConfig
    get_usb.o(.text) refers to stm32f10x_rcc.o(.text) for RCC_APB2PeriphClockCmd
    get_usb.o(.text) refers to stm32f10x_gpio.o(.text) for GPIO_Init
    os_cpu_c.o(.text) refers to os_tmr.o(.text) for OSTmrSignal
    os_cpu_c.o(.text) refers to os_cpu_c.o(.data) for OSTmrCtr
    os_cpu_a.o(.text) refers to os_core.o(.data) for OSRunning
    os_cpu_a.o(.text) refers to os_cpu_c.o(.text) for OSTaskSwHook
    os_core.o(.text) refers to os_cpu_a.o(.text) for OS_CPU_SR_Save
    os_core.o(.text) refers to os_core.o(.data) for OSIntNesting
    os_core.o(.text) refers to os_core.o(.constdata) for OSUnMapTbl
    os_core.o(.text) refers to os_core.o(.bss) for OSTCBPrioTbl
    os_core.o(.text) refers to os_task.o(.text) for OSTaskStkChk
    os_core.o(.text) refers to os_time.o(.text) for OSTimeDly
    os_core.o(.text) refers to os_cpu_c.o(.text) for OSTaskStatHook
    os_core.o(.text) refers to os_mem.o(.text) for OS_MemInit
    os_core.o(.text) refers to os_q.o(.text) for OS_QInit
    os_core.o(.text) refers to os_tmr.o(.text) for OSTmr_Init
    os_mbox.o(.text) refers to os_cpu_a.o(.text) for OS_CPU_SR_Save
    os_mbox.o(.text) refers to os_core.o(.text) for OS_EventWaitListInit
    os_mbox.o(.text) refers to os_core.o(.data) for OSIntNesting
    os_mem.o(.text) refers to os_cpu_a.o(.text) for OS_CPU_SR_Save
    os_mem.o(.text) refers to os_core.o(.text) for OS_StrLen
    os_mem.o(.text) refers to os_core.o(.data) for OSMemFreeList
    os_mem.o(.text) refers to os_core.o(.bss) for OSMemTbl
    os_mutex.o(.text) refers to os_cpu_a.o(.text) for OS_CPU_SR_Save
    os_mutex.o(.text) refers to os_core.o(.text) for OS_EventWaitListInit
    os_mutex.o(.text) refers to os_core.o(.data) for OSIntNesting
    os_mutex.o(.text) refers to os_core.o(.bss) for OSTCBPrioTbl
    os_q.o(.text) refers to os_cpu_a.o(.text) for OS_CPU_SR_Save
    os_q.o(.text) refers to os_core.o(.text) for OS_EventWaitListInit
    os_q.o(.text) refers to os_core.o(.data) for OSIntNesting
    os_q.o(.text) refers to os_core.o(.bss) for OSQTbl
    os_sem.o(.text) refers to os_cpu_a.o(.text) for OS_CPU_SR_Save
    os_sem.o(.text) refers to os_core.o(.text) for OS_EventWaitListInit
    os_sem.o(.text) refers to os_core.o(.data) for OSIntNesting
    os_task.o(.text) refers to os_cpu_a.o(.text) for OS_CPU_SR_Save
    os_task.o(.text) refers to os_core.o(.text) for OS_Sched
    os_task.o(.text) refers to os_cpu_c.o(.text) for OSTaskStkInit
    os_task.o(.text) refers to os_core.o(.bss) for OSTCBPrioTbl
    os_task.o(.text) refers to os_core.o(.data) for OSTCBCur
    os_time.o(.text) refers to os_cpu_a.o(.text) for OS_CPU_SR_Save
    os_time.o(.text) refers to os_core.o(.text) for OS_Sched
    os_time.o(.text) refers to os_core.o(.data) for OSIntNesting
    os_time.o(.text) refers to os_core.o(.bss) for OSTCBPrioTbl
    os_tmr.o(.text) refers to os_core.o(.text) for OSSchedLock
    os_tmr.o(.text) refers to os_core.o(.data) for OSTmrFreeList
    os_tmr.o(.text) refers to os_core.o(.bss) for OSTmrWheelTbl
    os_tmr.o(.text) refers to os_sem.o(.text) for OSSemPost
    os_tmr.o(.text) refers to os_task.o(.text) for OSTaskCreateExt
    stm32f10x_gpio.o(.text) refers to stm32f10x_rcc.o(.text) for RCC_APB2PeriphResetCmd
    stm32f10x_rcc.o(.text) refers to stm32f10x_rcc.o(.data) for APBAHBPrescTable
    rt_memclr.o(.text) refers to rt_memclr_w.o(.text) for _memset_w
    __main.o(!!!main) refers to rtentry.o(.ARM.Collect$$rtentry$$00000000) for __rt_entry
    rtentry.o(.ARM.Collect$$rtentry$$00000000) refers (Special) to rtentry2.o(.ARM.Collect$$rtentry$$0000000A) for __rt_entry_li
    rtentry.o(.ARM.Collect$$rtentry$$00000000) refers (Special) to rtentry2.o(.ARM.Collect$$rtentry$$0000000D) for __rt_entry_main
    rtentry.o(.ARM.Collect$$rtentry$$00000000) refers (Special) to rtentry2.o(.ARM.Collect$$rtentry$$0000000C) for __rt_entry_postli_1
    rtentry.o(.ARM.Collect$$rtentry$$00000000) refers (Special) to rtentry2.o(.ARM.Collect$$rtentry$$00000009) for __rt_entry_postsh_1
    rtentry.o(.ARM.Collect$$rtentry$$00000000) refers (Special) to rtentry2.o(.ARM.Collect$$rtentry$$00000002) for __rt_entry_presh_1
    rtentry.o(.ARM.Collect$$rtentry$$00000000) refers (Special) to rtentry4.o(.ARM.Collect$$rtentry$$00000004) for __rt_entry_sh
    rtentry2.o(.ARM.Collect$$rtentry$$00000008) refers to boardinit2.o(.text) for _platform_post_stackheap_init
    rtentry2.o(.ARM.Collect$$rtentry$$0000000A) refers to libinit.o(.ARM.Collect$$libinit$$00000000) for __rt_lib_init
    rtentry2.o(.ARM.Collect$$rtentry$$0000000B) refers to boardinit3.o(.text) for _platform_post_lib_init
    rtentry2.o(.ARM.Collect$$rtentry$$0000000D) refers to main.o(.text) for main
    rtentry2.o(.ARM.Collect$$rtentry$$0000000D) refers to exit.o(.text) for exit
    rtentry2.o(.ARM.exidx) refers to rtentry2.o(.ARM.Collect$$rtentry$$00000001) for .ARM.Collect$$rtentry$$00000001
    rtentry2.o(.ARM.exidx) refers to rtentry2.o(.ARM.Collect$$rtentry$$00000008) for .ARM.Collect$$rtentry$$00000008
    rtentry2.o(.ARM.exidx) refers to rtentry2.o(.ARM.Collect$$rtentry$$0000000A) for .ARM.Collect$$rtentry$$0000000A
    rtentry2.o(.ARM.exidx) refers to rtentry2.o(.ARM.Collect$$rtentry$$0000000B) for .ARM.Collect$$rtentry$$0000000B
    rtentry2.o(.ARM.exidx) refers to rtentry2.o(.ARM.Collect$$rtentry$$0000000D) for .ARM.Collect$$rtentry$$0000000D
    rtentry4.o(.ARM.Collect$$rtentry$$00000004) refers to sys_stackheap_outer.o(.text) for __user_setup_stackheap
    rtentry4.o(.ARM.exidx) refers to rtentry4.o(.ARM.Collect$$rtentry$$00000004) for .ARM.Collect$$rtentry$$00000004
    sys_stackheap_outer.o(.text) refers to libspace.o(.text) for __user_perproc_libspace
    sys_stackheap_outer.o(.text) refers to startup_stm32f10x_hd.o(.text) for __user_initial_stackheap
    exit.o(.text) refers to rtexit.o(.ARM.Collect$$rtexit$$00000000) for __rt_exit
    libinit.o(.ARM.Collect$$libinit$$00000000) refers (Special) to libinit2.o(.ARM.Collect$$libinit$$0000002C) for __rt_lib_init_alloca_1
    libinit.o(.ARM.Collect$$libinit$$00000000) refers (Special) to libinit2.o(.ARM.Collect$$libinit$$0000002A) for __rt_lib_init_argv_1
    libinit.o(.ARM.Collect$$libinit$$00000000) refers (Special) to libinit2.o(.ARM.Collect$$libinit$$00000019) for __rt_lib_init_atexit_1
    libinit.o(.ARM.Collect$$libinit$$00000000) refers (Special) to libinit2.o(.ARM.Collect$$libinit$$0000001F) for __rt_lib_init_clock_1
    libinit.o(.ARM.Collect$$libinit$$00000000) refers (Special) to libinit2.o(.ARM.Collect$$libinit$$00000030) for __rt_lib_init_cpp_1
    libinit.o(.ARM.Collect$$libinit$$00000000) refers (Special) to libinit2.o(.ARM.Collect$$libinit$$0000002E) for __rt_lib_init_exceptions_1
    libinit.o(.ARM.Collect$$libinit$$00000000) refers (Special) to libinit2.o(.ARM.Collect$$libinit$$00000002) for __rt_lib_init_fp_1
    libinit.o(.ARM.Collect$$libinit$$00000000) refers (Special) to libinit2.o(.ARM.Collect$$libinit$$0000001D) for __rt_lib_init_fp_trap_1
    libinit.o(.ARM.Collect$$libinit$$00000000) refers (Special) to libinit2.o(.ARM.Collect$$libinit$$00000021) for __rt_lib_init_getenv_1
    libinit.o(.ARM.Collect$$libinit$$00000000) refers (Special) to libinit2.o(.ARM.Collect$$libinit$$00000008) for __rt_lib_init_heap_1
    libinit.o(.ARM.Collect$$libinit$$00000000) refers (Special) to libinit2.o(.ARM.Collect$$libinit$$0000000F) for __rt_lib_init_lc_collate_1
    libinit.o(.ARM.Collect$$libinit$$00000000) refers (Special) to libinit2.o(.ARM.Collect$$libinit$$00000011) for __rt_lib_init_lc_ctype_1
    libinit.o(.ARM.Collect$$libinit$$00000000) refers (Special) to libinit2.o(.ARM.Collect$$libinit$$00000013) for __rt_lib_init_lc_monetary_1
    libinit.o(.ARM.Collect$$libinit$$00000000) refers (Special) to libinit2.o(.ARM.Collect$$libinit$$00000015) for __rt_lib_init_lc_numeric_1
    libinit.o(.ARM.Collect$$libinit$$00000000) refers (Special) to libinit2.o(.ARM.Collect$$libinit$$00000017) for __rt_lib_init_lc_time_1
    libinit.o(.ARM.Collect$$libinit$$00000000) refers (Special) to libinit2.o(.ARM.Collect$$libinit$$0000000C) for __rt_lib_init_rand_1
    libinit.o(.ARM.Collect$$libinit$$00000000) refers (Special) to libinit2.o(.ARM.Collect$$libinit$$00000031) for __rt_lib_init_return
    libinit.o(.ARM.Collect$$libinit$$00000000) refers (Special) to libinit2.o(.ARM.Collect$$libinit$$0000001B) for __rt_lib_init_signal_1
    libinit.o(.ARM.Collect$$libinit$$00000000) refers (Special) to libinit2.o(.ARM.Collect$$libinit$$00000023) for __rt_lib_init_stdio_1
    libinit.o(.ARM.Collect$$libinit$$00000000) refers (Special) to libinit2.o(.ARM.Collect$$libinit$$0000000A) for __rt_lib_init_user_alloc_1
    libspace.o(.text) refers to libspace.o(.bss) for __libspace_start
    rtexit.o(.ARM.Collect$$rtexit$$00000000) refers (Special) to rtexit2.o(.ARM.Collect$$rtexit$$00000004) for __rt_exit_exit
    rtexit.o(.ARM.Collect$$rtexit$$00000000) refers (Special) to rtexit2.o(.ARM.Collect$$rtexit$$00000003) for __rt_exit_ls
    rtexit.o(.ARM.Collect$$rtexit$$00000000) refers (Special) to rtexit2.o(.ARM.Collect$$rtexit$$00000002) for __rt_exit_prels_1
    rtexit.o(.ARM.exidx) refers (Special) to rtexit2.o(.ARM.Collect$$rtexit$$00000004) for __rt_exit_exit
    rtexit.o(.ARM.exidx) refers (Special) to rtexit2.o(.ARM.Collect$$rtexit$$00000003) for __rt_exit_ls
    rtexit.o(.ARM.exidx) refers (Special) to rtexit2.o(.ARM.Collect$$rtexit$$00000002) for __rt_exit_prels_1
    rtexit.o(.ARM.exidx) refers to rtexit.o(.ARM.Collect$$rtexit$$00000000) for .ARM.Collect$$rtexit$$00000000
    libinit2.o(.ARM.Collect$$libinit$$0000000E) refers to libinit2.o(.ARM.Collect$$libinit$$0000000D) for .ARM.Collect$$libinit$$0000000D
    libinit2.o(.ARM.Collect$$libinit$$00000010) refers to libinit2.o(.ARM.Collect$$libinit$$0000000D) for .ARM.Collect$$libinit$$0000000D
    libinit2.o(.ARM.Collect$$libinit$$00000012) refers to libinit2.o(.ARM.Collect$$libinit$$0000000D) for .ARM.Collect$$libinit$$0000000D
    libinit2.o(.ARM.Collect$$libinit$$00000014) refers to libinit2.o(.ARM.Collect$$libinit$$0000000D) for .ARM.Collect$$libinit$$0000000D
    libinit2.o(.ARM.Collect$$libinit$$00000016) refers to libinit2.o(.ARM.Collect$$libinit$$0000000D) for .ARM.Collect$$libinit$$0000000D
    libinit2.o(.ARM.Collect$$libinit$$00000024) refers to argv_veneer.o(.emb_text) for __ARM_argv_veneer
    libinit2.o(.ARM.Collect$$libinit$$00000025) refers to argv_veneer.o(.emb_text) for __ARM_argv_veneer
    rtexit2.o(.ARM.Collect$$rtexit$$00000003) refers to libshutdown.o(.ARM.Collect$$libshutdown$$00000000) for __rt_lib_shutdown
    rtexit2.o(.ARM.Collect$$rtexit$$00000004) refers to sys_exit.o(.text) for _sys_exit
    rtexit2.o(.ARM.exidx) refers to rtexit2.o(.ARM.Collect$$rtexit$$00000001) for .ARM.Collect$$rtexit$$00000001
    rtexit2.o(.ARM.exidx) refers to rtexit2.o(.ARM.Collect$$rtexit$$00000003) for .ARM.Collect$$rtexit$$00000003
    rtexit2.o(.ARM.exidx) refers to rtexit2.o(.ARM.Collect$$rtexit$$00000004) for .ARM.Collect$$rtexit$$00000004
    argv_veneer.o(.emb_text) refers to no_argv.o(.text) for __ARM_get_argv
    sys_exit.o(.text) refers (Special) to use_no_semi.o(.text) for __I$use$semihosting
    sys_exit.o(.text) refers (Special) to indicate_semi.o(.text) for __semihosting_library_function
    _get_argv_nomalloc.o(.text) refers (Special) to hrguard.o(.text) for __heap_region$guard
    _get_argv_nomalloc.o(.text) refers to defsig_rtmem_outer.o(.text) for __rt_SIGRTMEM
    _get_argv_nomalloc.o(.text) refers to sys_command.o(.text) for _sys_command_string
    libshutdown.o(.ARM.Collect$$libshutdown$$00000000) refers (Special) to libshutdown2.o(.ARM.Collect$$libshutdown$$00000006) for __rt_lib_shutdown_fp_trap_1
    libshutdown.o(.ARM.Collect$$libshutdown$$00000000) refers (Special) to libshutdown2.o(.ARM.Collect$$libshutdown$$0000000E) for __rt_lib_shutdown_heap_1
    libshutdown.o(.ARM.Collect$$libshutdown$$00000000) refers (Special) to libshutdown2.o(.ARM.Collect$$libshutdown$$0000000F) for __rt_lib_shutdown_return
    libshutdown.o(.ARM.Collect$$libshutdown$$00000000) refers (Special) to libshutdown2.o(.ARM.Collect$$libshutdown$$00000009) for __rt_lib_shutdown_signal_1
    libshutdown.o(.ARM.Collect$$libshutdown$$00000000) refers (Special) to libshutdown2.o(.ARM.Collect$$libshutdown$$00000003) for __rt_lib_shutdown_stdio_1
    libshutdown.o(.ARM.Collect$$libshutdown$$00000000) refers (Special) to libshutdown2.o(.ARM.Collect$$libshutdown$$0000000B) for __rt_lib_shutdown_user_alloc_1
    sys_command.o(.text) refers (Special) to use_no_semi.o(.text) for __I$use$semihosting
    sys_command.o(.text) refers (Special) to indicate_semi.o(.text) for __semihosting_library_function
    defsig_rtmem_outer.o(.text) refers to defsig_rtmem_inner.o(.text) for __rt_SIGRTMEM_inner
    defsig_rtmem_outer.o(.text) refers to defsig_exit.o(.text) for __sig_exit
    defsig_rtmem_formal.o(.text) refers to rt_raise.o(.text) for __rt_raise
    rt_raise.o(.text) refers to __raise.o(.text) for __raise
    rt_raise.o(.text) refers to sys_exit.o(.text) for _sys_exit
    defsig_exit.o(.text) refers to sys_exit.o(.text) for _sys_exit
    defsig_rtmem_inner.o(.text) refers to defsig_general.o(.text) for __default_signal_display
    __raise.o(.text) refers to defsig.o(CL$$defsig) for __default_signal_handler
    defsig_general.o(.text) refers to sys_wrch.o(.text) for _ttywrch
    sys_wrch.o(.text) refers (Special) to use_no_semi.o(.text) for __I$use$semihosting
    sys_wrch.o(.text) refers (Special) to indicate_semi.o(.text) for __semihosting_library_function
    defsig.o(CL$$defsig) refers to defsig_rtmem_inner.o(.text) for __rt_SIGRTMEM_inner
    defsig_abrt_inner.o(.text) refers to defsig_general.o(.text) for __default_signal_display
    defsig_fpe_inner.o(.text) refers to defsig_general.o(.text) for __default_signal_display
    defsig_rtred_inner.o(.text) refers to defsig_general.o(.text) for __default_signal_display
    defsig_stak_inner.o(.text) refers to defsig_general.o(.text) for __default_signal_display
    defsig_pvfn_inner.o(.text) refers to defsig_general.o(.text) for __default_signal_display
    defsig_cppl_inner.o(.text) refers to defsig_general.o(.text) for __default_signal_display
    defsig_segv_inner.o(.text) refers to defsig_general.o(.text) for __default_signal_display
    defsig_other.o(.text) refers to defsig_general.o(.text) for __default_signal_display


==============================================================================

Removing Unused input sections from the image.

    Removing core_cm3.o(.emb_text), (32 bytes).
    Removing os_dbg.o(.constdata), (2 bytes).
    Removing os_mbox.o(.text), (996 bytes).
    Removing os_mutex.o(.text), (1572 bytes).
    Removing misc.o(.text), (220 bytes).
    Removing stm32f10x_exti.o(.text), (284 bytes).

6 unused section(s) (total 3106 bytes) removed from the image.

==============================================================================

Image Symbol Table

    Local Symbols

    Symbol Name                              Value     Ov Type        Size  Object(Section)

    ../clib/angel/boardlib.s                 0x00000000   Number         0  boardshut.o ABSOLUTE
    ../clib/angel/boardlib.s                 0x00000000   Number         0  boardinit2.o ABSOLUTE
    ../clib/angel/boardlib.s                 0x00000000   Number         0  boardinit1.o ABSOLUTE
    ../clib/angel/boardlib.s                 0x00000000   Number         0  boardinit3.o ABSOLUTE
    ../clib/angel/handlers.s                 0x00000000   Number         0  __scatter_zi.o ABSOLUTE
    ../clib/angel/handlers.s                 0x00000000   Number         0  __scatter_copy.o ABSOLUTE
    ../clib/angel/kernel.s                   0x00000000   Number         0  rtentry.o ABSOLUTE
    ../clib/angel/kernel.s                   0x00000000   Number         0  rtentry4.o ABSOLUTE
    ../clib/angel/kernel.s                   0x00000000   Number         0  rtentry2.o ABSOLUTE
    ../clib/angel/kernel.s                   0x00000000   Number         0  rtexit2.o ABSOLUTE
    ../clib/angel/kernel.s                   0x00000000   Number         0  rtexit.o ABSOLUTE
    ../clib/angel/rt.s                       0x00000000   Number         0  rt_raise.o ABSOLUTE
    ../clib/angel/scatter.s                  0x00000000   Number         0  __scatter.o ABSOLUTE
    ../clib/angel/startup.s                  0x00000000   Number         0  __main.o ABSOLUTE
    ../clib/angel/sys.s                      0x00000000   Number         0  sys_stackheap_outer.o ABSOLUTE
    ../clib/angel/sys.s                      0x00000000   Number         0  indicate_semi.o ABSOLUTE
    ../clib/angel/sys.s                      0x00000000   Number         0  use_no_semi.o ABSOLUTE
    ../clib/angel/sys.s                      0x00000000   Number         0  libspace.o ABSOLUTE
    ../clib/angel/sysapp.c                   0x00000000   Number         0  sys_exit.o ABSOLUTE
    ../clib/angel/sysapp.c                   0x00000000   Number         0  sys_wrch.o ABSOLUTE
    ../clib/angel/sysapp.c                   0x00000000   Number         0  sys_command.o ABSOLUTE
    ../clib/armsys.c                         0x00000000   Number         0  argv_veneer.o ABSOLUTE
    ../clib/armsys.c                         0x00000000   Number         0  no_argv.o ABSOLUTE
    ../clib/armsys.c                         0x00000000   Number         0  argv_veneer.o ABSOLUTE
    ../clib/armsys.c                         0x00000000   Number         0  _get_argv_nomalloc.o ABSOLUTE
    ../clib/heapalloc.c                      0x00000000   Number         0  hrguard.o ABSOLUTE
    ../clib/heapaux.c                        0x00000000   Number         0  heapauxi.o ABSOLUTE
    ../clib/libinit.s                        0x00000000   Number         0  libshutdown.o ABSOLUTE
    ../clib/libinit.s                        0x00000000   Number         0  libshutdown2.o ABSOLUTE
    ../clib/libinit.s                        0x00000000   Number         0  libinit.o ABSOLUTE
    ../clib/libinit.s                        0x00000000   Number         0  libinit2.o ABSOLUTE
    ../clib/memcpset.s                       0x00000000   Number         0  rt_memclr_w.o ABSOLUTE
    ../clib/memcpset.s                       0x00000000   Number         0  rt_memclr.o ABSOLUTE
    ../clib/signal.c                         0x00000000   Number         0  defsig_rtred_inner.o ABSOLUTE
    ../clib/signal.c                         0x00000000   Number         0  defsig_general.o ABSOLUTE
    ../clib/signal.c                         0x00000000   Number         0  __raise.o ABSOLUTE
    ../clib/signal.c                         0x00000000   Number         0  defsig_rtmem_inner.o ABSOLUTE
    ../clib/signal.c                         0x00000000   Number         0  defsig_exit.o ABSOLUTE
    ../clib/signal.c                         0x00000000   Number         0  defsig_abrt_inner.o ABSOLUTE
    ../clib/signal.c                         0x00000000   Number         0  defsig_rtmem_formal.o ABSOLUTE
    ../clib/signal.c                         0x00000000   Number         0  defsig_stak_inner.o ABSOLUTE
    ../clib/signal.c                         0x00000000   Number         0  defsig_pvfn_inner.o ABSOLUTE
    ../clib/signal.c                         0x00000000   Number         0  defsig_cppl_inner.o ABSOLUTE
    ../clib/signal.c                         0x00000000   Number         0  defsig_segv_inner.o ABSOLUTE
    ../clib/signal.c                         0x00000000   Number         0  defsig_other.o ABSOLUTE
    ../clib/signal.c                         0x00000000   Number         0  defsig_fpe_inner.o ABSOLUTE
    ../clib/signal.c                         0x00000000   Number         0  defsig_rtmem_outer.o ABSOLUTE
    ../clib/signal.s                         0x00000000   Number         0  defsig.o ABSOLUTE
    ../clib/stdlib.c                         0x00000000   Number         0  exit.o ABSOLUTE
    ../clib/string.c                         0x00000000   Number         0  memcmp.o ABSOLUTE
    ../fplib/fpinit.s                        0x00000000   Number         0  fpinit.o ABSOLUTE
    ..\CMSIS\core_cm3.c                      0x00000000   Number         0  core_cm3.o ABSOLUTE
    ..\CMSIS\startup_stm32f10x_hd.s          0x00000000   Number         0  startup_stm32f10x_hd.o ABSOLUTE
    ..\CMSIS\system_stm32f10x.c              0x00000000   Number         0  system_stm32f10x.o ABSOLUTE
    ..\STM32F10x_StdPeriph_Driver\src\misc.c 0x00000000   Number         0  misc.o ABSOLUTE
    ..\STM32F10x_StdPeriph_Driver\src\stm32f10x_exti.c 0x00000000   Number         0  stm32f10x_exti.o ABSOLUTE
    ..\STM32F10x_StdPeriph_Driver\src\stm32f10x_gpio.c 0x00000000   Number         0  stm32f10x_gpio.o ABSOLUTE
    ..\STM32F10x_StdPeriph_Driver\src\stm32f10x_rcc.c 0x00000000   Number         0  stm32f10x_rcc.o ABSOLUTE
    ..\USER\Delay.c                          0x00000000   Number         0  delay.o ABSOLUTE
    ..\USER\GET_USB.c                        0x00000000   Number         0  get_usb.o ABSOLUTE
    ..\USER\LED.c                            0x00000000   Number         0  led.o ABSOLUTE
    ..\USER\Lcd.c                            0x00000000   Number         0  lcd.o ABSOLUTE
    ..\USER\LcdUtils.c                       0x00000000   Number         0  lcdutils.o ABSOLUTE
    ..\USER\SystemConfig.c                   0x00000000   Number         0  systemconfig.o ABSOLUTE
    ..\USER\Task.c                           0x00000000   Number         0  task.o ABSOLUTE
    ..\USER\i2c.c                            0x00000000   Number         0  i2c.o ABSOLUTE
    ..\USER\main.c                           0x00000000   Number         0  main.o ABSOLUTE
    ..\USER\stm32f10x_it.c                   0x00000000   Number         0  stm32f10x_it.o ABSOLUTE
    ..\\CMSIS\\core_cm3.c                    0x00000000   Number         0  core_cm3.o ABSOLUTE
    ..\uCOS-II\Ports\os_cpu_a.asm            0x00000000   Number         0  os_cpu_a.o ABSOLUTE
    ..\uCOS-II\Ports\os_cpu_c.c              0x00000000   Number         0  os_cpu_c.o ABSOLUTE
    ..\uCOS-II\Ports\os_dbg.c                0x00000000   Number         0  os_dbg.o ABSOLUTE
    ..\uCOS-II\Source\os_core.c              0x00000000   Number         0  os_core.o ABSOLUTE
    ..\uCOS-II\Source\os_flag.c              0x00000000   Number         0  os_flag.o ABSOLUTE
    ..\uCOS-II\Source\os_mbox.c              0x00000000   Number         0  os_mbox.o ABSOLUTE
    ..\uCOS-II\Source\os_mem.c               0x00000000   Number         0  os_mem.o ABSOLUTE
    ..\uCOS-II\Source\os_mutex.c             0x00000000   Number         0  os_mutex.o ABSOLUTE
    ..\uCOS-II\Source\os_q.c                 0x00000000   Number         0  os_q.o ABSOLUTE
    ..\uCOS-II\Source\os_sem.c               0x00000000   Number         0  os_sem.o ABSOLUTE
    ..\uCOS-II\Source\os_task.c              0x00000000   Number         0  os_task.o ABSOLUTE
    ..\uCOS-II\Source\os_time.c              0x00000000   Number         0  os_time.o ABSOLUTE
    ..\uCOS-II\Source\os_tmr.c               0x00000000   Number         0  os_tmr.o ABSOLUTE
    ..\uCOS-II\Source\ucos_ii.c              0x00000000   Number         0  ucos_ii.o ABSOLUTE
    dc.s                                     0x00000000   Number         0  dc.o ABSOLUTE
    RESET                                    0x08000000   Section      304  startup_stm32f10x_hd.o(RESET)
    !!!main                                  0x08000130   Section        8  __main.o(!!!main)
    !!!scatter                               0x08000138   Section       52  __scatter.o(!!!scatter)
    !!handler_copy                           0x0800016c   Section       26  __scatter_copy.o(!!handler_copy)
    !!handler_zi                             0x08000188   Section       28  __scatter_zi.o(!!handler_zi)
    .ARM.Collect$$libinit$$00000000          0x080001a4   Section        2  libinit.o(.ARM.Collect$$libinit$$00000000)
    .ARM.Collect$$libinit$$00000002          0x080001a6   Section        0  libinit2.o(.ARM.Collect$$libinit$$00000002)
    .ARM.Collect$$libinit$$00000008          0x080001a6   Section        0  libinit2.o(.ARM.Collect$$libinit$$00000008)
    .ARM.Collect$$libinit$$0000000A          0x080001a6   Section        0  libinit2.o(.ARM.Collect$$libinit$$0000000A)
    .ARM.Collect$$libinit$$0000000C          0x080001a6   Section        0  libinit2.o(.ARM.Collect$$libinit$$0000000C)
    .ARM.Collect$$libinit$$0000000F          0x080001a6   Section        0  libinit2.o(.ARM.Collect$$libinit$$0000000F)
    .ARM.Collect$$libinit$$00000011          0x080001a6   Section        0  libinit2.o(.ARM.Collect$$libinit$$00000011)
    .ARM.Collect$$libinit$$00000013          0x080001a6   Section        0  libinit2.o(.ARM.Collect$$libinit$$00000013)
    .ARM.Collect$$libinit$$00000015          0x080001a6   Section        0  libinit2.o(.ARM.Collect$$libinit$$00000015)
    .ARM.Collect$$libinit$$00000017          0x080001a6   Section        0  libinit2.o(.ARM.Collect$$libinit$$00000017)
    .ARM.Collect$$libinit$$00000019          0x080001a6   Section        0  libinit2.o(.ARM.Collect$$libinit$$00000019)
    .ARM.Collect$$libinit$$0000001B          0x080001a6   Section        0  libinit2.o(.ARM.Collect$$libinit$$0000001B)
    .ARM.Collect$$libinit$$0000001D          0x080001a6   Section        0  libinit2.o(.ARM.Collect$$libinit$$0000001D)
    .ARM.Collect$$libinit$$0000001F          0x080001a6   Section        0  libinit2.o(.ARM.Collect$$libinit$$0000001F)
    .ARM.Collect$$libinit$$00000021          0x080001a6   Section        0  libinit2.o(.ARM.Collect$$libinit$$00000021)
    .ARM.Collect$$libinit$$00000023          0x080001a6   Section        0  libinit2.o(.ARM.Collect$$libinit$$00000023)
    .ARM.Collect$$libinit$$0000002A          0x080001a6   Section        0  libinit2.o(.ARM.Collect$$libinit$$0000002A)
    .ARM.Collect$$libinit$$0000002C          0x080001a6   Section        0  libinit2.o(.ARM.Collect$$libinit$$0000002C)
    .ARM.Collect$$libinit$$0000002E          0x080001a6   Section        0  libinit2.o(.ARM.Collect$$libinit$$0000002E)
    .ARM.Collect$$libinit$$00000030          0x080001a6   Section        0  libinit2.o(.ARM.Collect$$libinit$$00000030)
    .ARM.Collect$$libinit$$00000031          0x080001a6   Section        2  libinit2.o(.ARM.Collect$$libinit$$00000031)
    .ARM.Collect$$libshutdown$$00000000      0x080001a8   Section        2  libshutdown.o(.ARM.Collect$$libshutdown$$00000000)
    .ARM.Collect$$libshutdown$$00000003      0x080001aa   Section        0  libshutdown2.o(.ARM.Collect$$libshutdown$$00000003)
    .ARM.Collect$$libshutdown$$00000006      0x080001aa   Section        0  libshutdown2.o(.ARM.Collect$$libshutdown$$00000006)
    .ARM.Collect$$libshutdown$$00000009      0x080001aa   Section        0  libshutdown2.o(.ARM.Collect$$libshutdown$$00000009)
    .ARM.Collect$$libshutdown$$0000000B      0x080001aa   Section        0  libshutdown2.o(.ARM.Collect$$libshutdown$$0000000B)
    .ARM.Collect$$libshutdown$$0000000E      0x080001aa   Section        0  libshutdown2.o(.ARM.Collect$$libshutdown$$0000000E)
    .ARM.Collect$$libshutdown$$0000000F      0x080001aa   Section        2  libshutdown2.o(.ARM.Collect$$libshutdown$$0000000F)
    .ARM.Collect$$rtentry$$00000000          0x080001ac   Section        0  rtentry.o(.ARM.Collect$$rtentry$$00000000)
    .ARM.Collect$$rtentry$$00000002          0x080001ac   Section        0  rtentry2.o(.ARM.Collect$$rtentry$$00000002)
    .ARM.Collect$$rtentry$$00000004          0x080001ac   Section        6  rtentry4.o(.ARM.Collect$$rtentry$$00000004)
    .ARM.Collect$$rtentry$$00000009          0x080001b2   Section        0  rtentry2.o(.ARM.Collect$$rtentry$$00000009)
    .ARM.Collect$$rtentry$$0000000A          0x080001b2   Section        4  rtentry2.o(.ARM.Collect$$rtentry$$0000000A)
    .ARM.Collect$$rtentry$$0000000C          0x080001b6   Section        0  rtentry2.o(.ARM.Collect$$rtentry$$0000000C)
    .ARM.Collect$$rtentry$$0000000D          0x080001b6   Section        8  rtentry2.o(.ARM.Collect$$rtentry$$0000000D)
    .ARM.Collect$$rtexit$$00000000           0x080001be   Section        2  rtexit.o(.ARM.Collect$$rtexit$$00000000)
    .ARM.Collect$$rtexit$$00000002           0x080001c0   Section        0  rtexit2.o(.ARM.Collect$$rtexit$$00000002)
    .ARM.Collect$$rtexit$$00000003           0x080001c0   Section        4  rtexit2.o(.ARM.Collect$$rtexit$$00000003)
    .ARM.Collect$$rtexit$$00000004           0x080001c4   Section        6  rtexit2.o(.ARM.Collect$$rtexit$$00000004)
    .text                                    0x080001cc   Section       64  startup_stm32f10x_hd.o(.text)
    .text                                    0x0800020c   Section        0  system_stm32f10x.o(.text)
    SetSysClockTo72                          0x0800020d   Thumb Code   212  system_stm32f10x.o(.text)
    SetSysClock                              0x080002e1   Thumb Code     8  system_stm32f10x.o(.text)
    .text                                    0x080003f0   Section        0  main.o(.text)
    .text                                    0x08000408   Section        0  stm32f10x_it.o(.text)
    .text                                    0x08000440   Section        0  systemconfig.o(.text)
    .text                                    0x08000450   Section        0  task.o(.text)
    .text                                    0x080006a0   Section        0  delay.o(.text)
    .text                                    0x08000764   Section        0  i2c.o(.text)
    .text                                    0x08000c52   Section        0  lcd.o(.text)
    .text                                    0x08000dfc   Section        0  lcdutils.o(.text)
    .text                                    0x08001230   Section        0  led.o(.text)
    .text                                    0x0800129c   Section        0  get_usb.o(.text)
    .text                                    0x080012c8   Section        0  os_cpu_c.o(.text)
    .text                                    0x0800139c   Section      164  os_cpu_a.o(.text)
    .text                                    0x08001440   Section        0  os_core.o(.text)
    OS_SchedNew                              0x08001547   Thumb Code    26  os_core.o(.text)
    OS_InitTaskStat                          0x080019b1   Thumb Code    52  os_core.o(.text)
    OS_InitTaskIdle                          0x08001a07   Thumb Code    52  os_core.o(.text)
    OS_InitEventList                         0x08001a4d   Thumb Code    82  os_core.o(.text)
    OS_InitTCBList                           0x08001a9f   Thumb Code    94  os_core.o(.text)
    OS_InitRdyList                           0x08001afd   Thumb Code    44  os_core.o(.text)
    OS_InitMisc                              0x08001b29   Thumb Code    44  os_core.o(.text)
    .text                                    0x08002130   Section        0  os_mem.o(.text)
    .text                                    0x08002314   Section        0  os_q.o(.text)
    .text                                    0x08002914   Section        0  os_sem.o(.text)
    .text                                    0x08002cb8   Section        0  os_task.o(.text)
    .text                                    0x080034d8   Section        0  os_time.o(.text)
    .text                                    0x08003690   Section        0  os_tmr.o(.text)
    OSTmr_Alloc                              0x08003691   Thumb Code    50  os_tmr.o(.text)
    OSTmr_Free                               0x08003723   Thumb Code    58  os_tmr.o(.text)
    OSTmr_Unlink                             0x0800375d   Thumb Code    62  os_tmr.o(.text)
    OSTmr_Link                               0x08003983   Thumb Code   100  os_tmr.o(.text)
    OSTmr_Task                               0x08003b49   Thumb Code   114  os_tmr.o(.text)
    OSTmr_InitTask                           0x08003bbb   Thumb Code    50  os_tmr.o(.text)
    .text                                    0x08003d00   Section        0  stm32f10x_gpio.o(.text)
    .text                                    0x08004058   Section        0  stm32f10x_rcc.o(.text)
    .text                                    0x08004404   Section        0  memcmp.o(.text)
    .text                                    0x0800445c   Section       68  rt_memclr.o(.text)
    .text                                    0x080044a0   Section        0  heapauxi.o(.text)
    .text                                    0x080044a6   Section       78  rt_memclr_w.o(.text)
    .text                                    0x080044f4   Section       74  sys_stackheap_outer.o(.text)
    .text                                    0x0800453e   Section        0  exit.o(.text)
    .text                                    0x0800454c   Section        8  libspace.o(.text)
    .text                                    0x08004554   Section        0  sys_exit.o(.text)
    .text                                    0x08004560   Section        2  use_no_semi.o(.text)
    .constdata                               0x08004562   Section     6904  lcdutils.o(.constdata)
    .text                                    0x08004562   Section        0  indicate_semi.o(.text)
    .constdata                               0x0800605a   Section      256  os_core.o(.constdata)
    .data                                    0x20000000   Section       20  system_stm32f10x.o(.data)
    .data                                    0x20000014   Section        4  stm32f10x_it.o(.data)
    .data                                    0x20000018   Section        4  task.o(.data)
    .data                                    0x2000001c   Section       12  lcdutils.o(.data)
    .data                                    0x20000028   Section        2  os_cpu_c.o(.data)
    OSTmrCtr                                 0x20000028   Data           2  os_cpu_c.o(.data)
    .data                                    0x2000002c   Section       92  os_core.o(.data)
    .data                                    0x20000088   Section       20  stm32f10x_rcc.o(.data)
    APBAHBPrescTable                         0x20000088   Data          16  stm32f10x_rcc.o(.data)
    ADCPrescTable                            0x20000098   Data           4  stm32f10x_rcc.o(.data)
    .bss                                     0x200000a0   Section     5632  task.o(.bss)
    .bss                                     0x200016a0   Section      384  lcdutils.o(.bss)
    .bss                                     0x20001820   Section     4712  os_core.o(.bss)
    .bss                                     0x20002a88   Section       96  libspace.o(.bss)
    HEAP                                     0x20002ae8   Section      512  startup_stm32f10x_hd.o(HEAP)
    Heap_Mem                                 0x20002ae8   Data         512  startup_stm32f10x_hd.o(HEAP)
    STACK                                    0x20002ce8   Section     1024  startup_stm32f10x_hd.o(STACK)
    Stack_Mem                                0x20002ce8   Data        1024  startup_stm32f10x_hd.o(STACK)
    __initial_sp                             0x200030e8   Data           0  startup_stm32f10x_hd.o(STACK)

    Global Symbols

    Symbol Name                              Value     Ov Type        Size  Object(Section)

    BuildAttributes$$THM_ISAv4$P$D$K$B$S$PE$A:L22UL41UL21$X:L11$S22US41US21$IEEE1$IW$USESV6$~STKCKD$USESV7$~SHL$OSPACE$ROPI$EBA8$UX$STANDARDLIB$REQ8$PRES8$EABIv2 0x00000000   Number         0  anon$$obj.o ABSOLUTE
    __ARM_use_no_argv                        0x00000000   Number         0  main.o ABSOLUTE
    __ARM_exceptions_init                     - Undefined Weak Reference
    __alloca_initialize                       - Undefined Weak Reference
    __cpp_initialize__aeabi_                  - Undefined Weak Reference
    __cxa_finalize                            - Undefined Weak Reference
    __rt_locale                               - Undefined Weak Reference
    __sigvec_lookup                           - Undefined Weak Reference
    _atexit_init                              - Undefined Weak Reference
    _call_atexit_fns                          - Undefined Weak Reference
    _clock_init                               - Undefined Weak Reference
    _fp_trap_init                             - Undefined Weak Reference
    _fp_trap_shutdown                         - Undefined Weak Reference
    _get_lc_collate                           - Undefined Weak Reference
    _get_lc_ctype                             - Undefined Weak Reference
    _get_lc_monetary                          - Undefined Weak Reference
    _get_lc_numeric                           - Undefined Weak Reference
    _get_lc_time                              - Undefined Weak Reference
    _getenv_init                              - Undefined Weak Reference
    _handle_redirection                       - Undefined Weak Reference
    _init_alloc                               - Undefined Weak Reference
    _init_user_alloc                          - Undefined Weak Reference
    _initio                                   - Undefined Weak Reference
    _rand_init                                - Undefined Weak Reference
    _signal_finish                            - Undefined Weak Reference
    _signal_init                              - Undefined Weak Reference
    _terminate_alloc                          - Undefined Weak Reference
    _terminate_user_alloc                     - Undefined Weak Reference
    _terminateio                              - Undefined Weak Reference
    __Vectors_Size                           0x00000130   Number         0  startup_stm32f10x_hd.o ABSOLUTE
    __Vectors                                0x08000000   Data           4  startup_stm32f10x_hd.o(RESET)
    __Vectors_End                            0x08000130   Data           0  startup_stm32f10x_hd.o(RESET)
    __main                                   0x08000131   Thumb Code     8  __main.o(!!!main)
    __scatterload                            0x08000139   Thumb Code     0  __scatter.o(!!!scatter)
    __scatterload_rt2                        0x08000139   Thumb Code    44  __scatter.o(!!!scatter)
    __scatterload_rt2_thumb_only             0x08000139   Thumb Code     0  __scatter.o(!!!scatter)
    __scatterload_null                       0x08000147   Thumb Code     0  __scatter.o(!!!scatter)
    __scatterload_copy                       0x0800016d   Thumb Code    26  __scatter_copy.o(!!handler_copy)
    __scatterload_zeroinit                   0x08000189   Thumb Code    28  __scatter_zi.o(!!handler_zi)
    __rt_lib_init                            0x080001a5   Thumb Code     0  libinit.o(.ARM.Collect$$libinit$$00000000)
    __rt_lib_init_alloca_1                   0x080001a7   Thumb Code     0  libinit2.o(.ARM.Collect$$libinit$$0000002C)
    __rt_lib_init_argv_1                     0x080001a7   Thumb Code     0  libinit2.o(.ARM.Collect$$libinit$$0000002A)
    __rt_lib_init_atexit_1                   0x080001a7   Thumb Code     0  libinit2.o(.ARM.Collect$$libinit$$00000019)
    __rt_lib_init_clock_1                    0x080001a7   Thumb Code     0  libinit2.o(.ARM.Collect$$libinit$$0000001F)
    __rt_lib_init_cpp_1                      0x080001a7   Thumb Code     0  libinit2.o(.ARM.Collect$$libinit$$00000030)
    __rt_lib_init_exceptions_1               0x080001a7   Thumb Code     0  libinit2.o(.ARM.Collect$$libinit$$0000002E)
    __rt_lib_init_fp_1                       0x080001a7   Thumb Code     0  libinit2.o(.ARM.Collect$$libinit$$00000002)
    __rt_lib_init_fp_trap_1                  0x080001a7   Thumb Code     0  libinit2.o(.ARM.Collect$$libinit$$0000001D)
    __rt_lib_init_getenv_1                   0x080001a7   Thumb Code     0  libinit2.o(.ARM.Collect$$libinit$$00000021)
    __rt_lib_init_heap_1                     0x080001a7   Thumb Code     0  libinit2.o(.ARM.Collect$$libinit$$00000008)
    __rt_lib_init_lc_collate_1               0x080001a7   Thumb Code     0  libinit2.o(.ARM.Collect$$libinit$$0000000F)
    __rt_lib_init_lc_ctype_1                 0x080001a7   Thumb Code     0  libinit2.o(.ARM.Collect$$libinit$$00000011)
    __rt_lib_init_lc_monetary_1              0x080001a7   Thumb Code     0  libinit2.o(.ARM.Collect$$libinit$$00000013)
    __rt_lib_init_lc_numeric_1               0x080001a7   Thumb Code     0  libinit2.o(.ARM.Collect$$libinit$$00000015)
    __rt_lib_init_lc_time_1                  0x080001a7   Thumb Code     0  libinit2.o(.ARM.Collect$$libinit$$00000017)
    __rt_lib_init_rand_1                     0x080001a7   Thumb Code     0  libinit2.o(.ARM.Collect$$libinit$$0000000C)
    __rt_lib_init_return                     0x080001a7   Thumb Code     0  libinit2.o(.ARM.Collect$$libinit$$00000031)
    __rt_lib_init_signal_1                   0x080001a7   Thumb Code     0  libinit2.o(.ARM.Collect$$libinit$$0000001B)
    __rt_lib_init_stdio_1                    0x080001a7   Thumb Code     0  libinit2.o(.ARM.Collect$$libinit$$00000023)
    __rt_lib_init_user_alloc_1               0x080001a7   Thumb Code     0  libinit2.o(.ARM.Collect$$libinit$$0000000A)
    __rt_lib_shutdown                        0x080001a9   Thumb Code     0  libshutdown.o(.ARM.Collect$$libshutdown$$00000000)
    __rt_lib_shutdown_fp_trap_1              0x080001ab   Thumb Code     0  libshutdown2.o(.ARM.Collect$$libshutdown$$00000006)
    __rt_lib_shutdown_heap_1                 0x080001ab   Thumb Code     0  libshutdown2.o(.ARM.Collect$$libshutdown$$0000000E)
    __rt_lib_shutdown_return                 0x080001ab   Thumb Code     0  libshutdown2.o(.ARM.Collect$$libshutdown$$0000000F)
    __rt_lib_shutdown_signal_1               0x080001ab   Thumb Code     0  libshutdown2.o(.ARM.Collect$$libshutdown$$00000009)
    __rt_lib_shutdown_stdio_1                0x080001ab   Thumb Code     0  libshutdown2.o(.ARM.Collect$$libshutdown$$00000003)
    __rt_lib_shutdown_user_alloc_1           0x080001ab   Thumb Code     0  libshutdown2.o(.ARM.Collect$$libshutdown$$0000000B)
    __rt_entry                               0x080001ad   Thumb Code     0  rtentry.o(.ARM.Collect$$rtentry$$00000000)
    __rt_entry_presh_1                       0x080001ad   Thumb Code     0  rtentry2.o(.ARM.Collect$$rtentry$$00000002)
    __rt_entry_sh                            0x080001ad   Thumb Code     0  rtentry4.o(.ARM.Collect$$rtentry$$00000004)
    __rt_entry_li                            0x080001b3   Thumb Code     0  rtentry2.o(.ARM.Collect$$rtentry$$0000000A)
    __rt_entry_postsh_1                      0x080001b3   Thumb Code     0  rtentry2.o(.ARM.Collect$$rtentry$$00000009)
    __rt_entry_main                          0x080001b7   Thumb Code     0  rtentry2.o(.ARM.Collect$$rtentry$$0000000D)
    __rt_entry_postli_1                      0x080001b7   Thumb Code     0  rtentry2.o(.ARM.Collect$$rtentry$$0000000C)
    __rt_exit                                0x080001bf   Thumb Code     0  rtexit.o(.ARM.Collect$$rtexit$$00000000)
    __rt_exit_ls                             0x080001c1   Thumb Code     0  rtexit2.o(.ARM.Collect$$rtexit$$00000003)
    __rt_exit_prels_1                        0x080001c1   Thumb Code     0  rtexit2.o(.ARM.Collect$$rtexit$$00000002)
    __rt_exit_exit                           0x080001c5   Thumb Code     0  rtexit2.o(.ARM.Collect$$rtexit$$00000004)
    Reset_Handler                            0x080001cd   Thumb Code     8  startup_stm32f10x_hd.o(.text)
    ADC1_2_IRQHandler                        0x080001e7   Thumb Code     0  startup_stm32f10x_hd.o(.text)
    ADC3_IRQHandler                          0x080001e7   Thumb Code     0  startup_stm32f10x_hd.o(.text)
    CAN1_RX1_IRQHandler                      0x080001e7   Thumb Code     0  startup_stm32f10x_hd.o(.text)
    CAN1_SCE_IRQHandler                      0x080001e7   Thumb Code     0  startup_stm32f10x_hd.o(.text)
    DMA1_Channel1_IRQHandler                 0x080001e7   Thumb Code     0  startup_stm32f10x_hd.o(.text)
    DMA1_Channel2_IRQHandler                 0x080001e7   Thumb Code     0  startup_stm32f10x_hd.o(.text)
    DMA1_Channel3_IRQHandler                 0x080001e7   Thumb Code     0  startup_stm32f10x_hd.o(.text)
    DMA1_Channel4_IRQHandler                 0x080001e7   Thumb Code     0  startup_stm32f10x_hd.o(.text)
    DMA1_Channel5_IRQHandler                 0x080001e7   Thumb Code     0  startup_stm32f10x_hd.o(.text)
    DMA1_Channel6_IRQHandler                 0x080001e7   Thumb Code     0  startup_stm32f10x_hd.o(.text)
    DMA1_Channel7_IRQHandler                 0x080001e7   Thumb Code     0  startup_stm32f10x_hd.o(.text)
    DMA2_Channel1_IRQHandler                 0x080001e7   Thumb Code     0  startup_stm32f10x_hd.o(.text)
    DMA2_Channel2_IRQHandler                 0x080001e7   Thumb Code     0  startup_stm32f10x_hd.o(.text)
    DMA2_Channel3_IRQHandler                 0x080001e7   Thumb Code     0  startup_stm32f10x_hd.o(.text)
    DMA2_Channel4_5_IRQHandler               0x080001e7   Thumb Code     0  startup_stm32f10x_hd.o(.text)
    EXTI0_IRQHandler                         0x080001e7   Thumb Code     0  startup_stm32f10x_hd.o(.text)
    EXTI15_10_IRQHandler                     0x080001e7   Thumb Code     0  startup_stm32f10x_hd.o(.text)
    EXTI1_IRQHandler                         0x080001e7   Thumb Code     0  startup_stm32f10x_hd.o(.text)
    EXTI2_IRQHandler                         0x080001e7   Thumb Code     0  startup_stm32f10x_hd.o(.text)
    EXTI3_IRQHandler                         0x080001e7   Thumb Code     0  startup_stm32f10x_hd.o(.text)
    EXTI4_IRQHandler                         0x080001e7   Thumb Code     0  startup_stm32f10x_hd.o(.text)
    EXTI9_5_IRQHandler                       0x080001e7   Thumb Code     0  startup_stm32f10x_hd.o(.text)
    FLASH_IRQHandler                         0x080001e7   Thumb Code     0  startup_stm32f10x_hd.o(.text)
    FSMC_IRQHandler                          0x080001e7   Thumb Code     0  startup_stm32f10x_hd.o(.text)
    I2C1_ER_IRQHandler                       0x080001e7   Thumb Code     0  startup_stm32f10x_hd.o(.text)
    I2C1_EV_IRQHandler                       0x080001e7   Thumb Code     0  startup_stm32f10x_hd.o(.text)
    I2C2_ER_IRQHandler                       0x080001e7   Thumb Code     0  startup_stm32f10x_hd.o(.text)
    I2C2_EV_IRQHandler                       0x080001e7   Thumb Code     0  startup_stm32f10x_hd.o(.text)
    PVD_IRQHandler                           0x080001e7   Thumb Code     0  startup_stm32f10x_hd.o(.text)
    RCC_IRQHandler                           0x080001e7   Thumb Code     0  startup_stm32f10x_hd.o(.text)
    RTCAlarm_IRQHandler                      0x080001e7   Thumb Code     0  startup_stm32f10x_hd.o(.text)
    RTC_IRQHandler                           0x080001e7   Thumb Code     0  startup_stm32f10x_hd.o(.text)
    SDIO_IRQHandler                          0x080001e7   Thumb Code     0  startup_stm32f10x_hd.o(.text)
    SPI1_IRQHandler                          0x080001e7   Thumb Code     0  startup_stm32f10x_hd.o(.text)
    SPI2_IRQHandler                          0x080001e7   Thumb Code     0  startup_stm32f10x_hd.o(.text)
    SPI3_IRQHandler                          0x080001e7   Thumb Code     0  startup_stm32f10x_hd.o(.text)
    TAMPER_IRQHandler                        0x080001e7   Thumb Code     0  startup_stm32f10x_hd.o(.text)
    TIM1_BRK_IRQHandler                      0x080001e7   Thumb Code     0  startup_stm32f10x_hd.o(.text)
    TIM1_CC_IRQHandler                       0x080001e7   Thumb Code     0  startup_stm32f10x_hd.o(.text)
    TIM1_TRG_COM_IRQHandler                  0x080001e7   Thumb Code     0  startup_stm32f10x_hd.o(.text)
    TIM1_UP_IRQHandler                       0x080001e7   Thumb Code     0  startup_stm32f10x_hd.o(.text)
    TIM2_IRQHandler                          0x080001e7   Thumb Code     0  startup_stm32f10x_hd.o(.text)
    TIM3_IRQHandler                          0x080001e7   Thumb Code     0  startup_stm32f10x_hd.o(.text)
    TIM4_IRQHandler                          0x080001e7   Thumb Code     0  startup_stm32f10x_hd.o(.text)
    TIM5_IRQHandler                          0x080001e7   Thumb Code     0  startup_stm32f10x_hd.o(.text)
    TIM6_IRQHandler                          0x080001e7   Thumb Code     0  startup_stm32f10x_hd.o(.text)
    TIM7_IRQHandler                          0x080001e7   Thumb Code     0  startup_stm32f10x_hd.o(.text)
    TIM8_BRK_IRQHandler                      0x080001e7   Thumb Code     0  startup_stm32f10x_hd.o(.text)
    TIM8_CC_IRQHandler                       0x080001e7   Thumb Code     0  startup_stm32f10x_hd.o(.text)
    TIM8_TRG_COM_IRQHandler                  0x080001e7   Thumb Code     0  startup_stm32f10x_hd.o(.text)
    TIM8_UP_IRQHandler                       0x080001e7   Thumb Code     0  startup_stm32f10x_hd.o(.text)
    UART4_IRQHandler                         0x080001e7   Thumb Code     0  startup_stm32f10x_hd.o(.text)
    UART5_IRQHandler                         0x080001e7   Thumb Code     0  startup_stm32f10x_hd.o(.text)
    USART1_IRQHandler                        0x080001e7   Thumb Code     0  startup_stm32f10x_hd.o(.text)
    USART2_IRQHandler                        0x080001e7   Thumb Code     0  startup_stm32f10x_hd.o(.text)
    USART3_IRQHandler                        0x080001e7   Thumb Code     0  startup_stm32f10x_hd.o(.text)
    USBWakeUp_IRQHandler                     0x080001e7   Thumb Code     0  startup_stm32f10x_hd.o(.text)
    USB_HP_CAN1_TX_IRQHandler                0x080001e7   Thumb Code     0  startup_stm32f10x_hd.o(.text)
    USB_LP_CAN1_RX0_IRQHandler               0x080001e7   Thumb Code     0  startup_stm32f10x_hd.o(.text)
    WWDG_IRQHandler                          0x080001e7   Thumb Code     0  startup_stm32f10x_hd.o(.text)
    __user_initial_stackheap                 0x080001e9   Thumb Code     0  startup_stm32f10x_hd.o(.text)
    SystemInit                               0x080002e9   Thumb Code    78  system_stm32f10x.o(.text)
    SystemCoreClockUpdate                    0x08000337   Thumb Code   142  system_stm32f10x.o(.text)
    main                                     0x080003f1   Thumb Code    22  main.o(.text)
    NMI_Handler                              0x08000409   Thumb Code     2  stm32f10x_it.o(.text)
    HardFault_Handler                        0x0800040b   Thumb Code     4  stm32f10x_it.o(.text)
    MemManage_Handler                        0x0800040f   Thumb Code     4  stm32f10x_it.o(.text)
    BusFault_Handler                         0x08000413   Thumb Code     4  stm32f10x_it.o(.text)
    UsageFault_Handler                       0x08000417   Thumb Code     4  stm32f10x_it.o(.text)
    SVC_Handler                              0x0800041b   Thumb Code     2  stm32f10x_it.o(.text)
    DebugMon_Handler                         0x0800041d   Thumb Code     2  stm32f10x_it.o(.text)
    PendSV_Handler                           0x0800041f   Thumb Code     2  stm32f10x_it.o(.text)
    SysTick_Handler                          0x08000421   Thumb Code    26  stm32f10x_it.o(.text)
    SystemGpioConfig                         0x08000441   Thumb Code    12  systemconfig.o(.text)
    SystemHardwareInit                       0x0800044d   Thumb Code     4  systemconfig.o(.text)
    AppLCDTask                               0x08000451   Thumb Code    20  task.o(.text)
    AppGetUSBTask                            0x08000465   Thumb Code    30  task.o(.text)
    AppLED2Task                              0x08000483   Thumb Code    46  task.o(.text)
    AppLED1Task                              0x080004b1   Thumb Code    50  task.o(.text)
    AppLEDTask                               0x080004e3   Thumb Code    38  task.o(.text)
    AppStartUpTask                           0x08000509   Thumb Code    58  task.o(.text)
    TaskCreate                               0x08000543   Thumb Code   290  task.o(.text)
    SysTickConfig                            0x080006a1   Thumb Code    92  delay.o(.text)
    System72MDelay1us                        0x080006fd   Thumb Code    16  delay.o(.text)
    System72MDelay10us                       0x0800070d   Thumb Code    28  delay.o(.text)
    System72MDelay100us                      0x08000729   Thumb Code    28  delay.o(.text)
    System72MDelay1ms                        0x08000745   Thumb Code    24  delay.o(.text)
    I2C_GPIO_Config                          0x08000765   Thumb Code    76  i2c.o(.text)
    I2C_Delay                                0x080007b1   Thumb Code    20  i2c.o(.text)
    I2C_FromBusyToIdle                       0x080007c5   Thumb Code    54  i2c.o(.text)
    I2C_Start                                0x080007fb   Thumb Code   118  i2c.o(.text)
    I2C_Stop                                 0x08000871   Thumb Code    74  i2c.o(.text)
    I2C_Ack                                  0x080008bb   Thumb Code    74  i2c.o(.text)
    I2C_NoAck                                0x08000905   Thumb Code    74  i2c.o(.text)
    I2C_WaitAck                              0x0800094f   Thumb Code    96  i2c.o(.text)
    I2C_SendByte                             0x080009af   Thumb Code   106  i2c.o(.text)
    I2C_ReceiveByte                          0x08000a19   Thumb Code   104  i2c.o(.text)
    I2C_WriteByte                            0x08000a81   Thumb Code    94  i2c.o(.text)
    I2C_ReadByte                             0x08000adf   Thumb Code   120  i2c.o(.text)
    I2C_WriteData                            0x08000b57   Thumb Code   110  i2c.o(.text)
    I2C_ReadData                             0x08000bc5   Thumb Code   142  i2c.o(.text)
    LcdWriteCommand                          0x08000c53   Thumb Code    16  lcd.o(.text)
    LcdWriteData                             0x08000c63   Thumb Code    16  lcd.o(.text)
    LcdWriteDataBytes                        0x08000c73   Thumb Code    20  lcd.o(.text)
    LcdSetPos                                0x08000c87   Thumb Code    36  lcd.o(.text)
    LcdDisplayOn                             0x08000cab   Thumb Code    22  lcd.o(.text)
    LcdDisplayOff                            0x08000cc1   Thumb Code    22  lcd.o(.text)
    LcdClear                                 0x08000cd7   Thumb Code    56  lcd.o(.text)
    LcdOn                                    0x08000d0f   Thumb Code    56  lcd.o(.text)
    LcdInit                                  0x08000d47   Thumb Code   182  lcd.o(.text)
    LcdSetFontState                          0x08000dfd   Thumb Code     6  lcdutils.o(.text)
    LcdGetFontState                          0x08000e03   Thumb Code     6  lcdutils.o(.text)
    LcdSetFrontBackColor                     0x08000e09   Thumb Code     8  lcdutils.o(.text)
    LcdGetFrontColor                         0x08000e11   Thumb Code     6  lcdutils.o(.text)
    LcdGetBackColor                          0x08000e17   Thumb Code     6  lcdutils.o(.text)
    LcdSetFont                               0x08000e1d   Thumb Code    66  lcdutils.o(.text)
    LcdGetFont                               0x08000e5f   Thumb Code     6  lcdutils.o(.text)
    LcdBufferClear                           0x08000e65   Thumb Code    42  lcdutils.o(.text)
    LcdBufferPaint                           0x08000e8f   Thumb Code    40  lcdutils.o(.text)
    LcdDrawPoint                             0x08000eb7   Thumb Code   150  lcdutils.o(.text)
    LcdDrawLineH                             0x08000f4d   Thumb Code    38  lcdutils.o(.text)
    LcdDrawLineV                             0x08000f73   Thumb Code    38  lcdutils.o(.text)
    LcdCheckCharHz                           0x08000f99   Thumb Code   158  lcdutils.o(.text)
    LcdDrawOne                               0x08001037   Thumb Code   182  lcdutils.o(.text)
    LcdDrawString                            0x080010ed   Thumb Code    86  lcdutils.o(.text)
    LcdDrawStringHCenter                     0x08001143   Thumb Code    88  lcdutils.o(.text)
    LcdDrawStringCenter                      0x0800119b   Thumb Code    30  lcdutils.o(.text)
    LcdShowStrCenter                         0x080011b9   Thumb Code    20  lcdutils.o(.text)
    LcdShowStr2Center                        0x080011cd   Thumb Code    98  lcdutils.o(.text)
    LEDConfig                                0x08001231   Thumb Code    96  led.o(.text)
    GET_USB_CONFIG                           0x0800129d   Thumb Code    40  get_usb.o(.text)
    OSInitHookBegin                          0x080012c9   Thumb Code     8  os_cpu_c.o(.text)
    OSInitHookEnd                            0x080012d1   Thumb Code     2  os_cpu_c.o(.text)
    OSTaskCreateHook                         0x080012d3   Thumb Code     2  os_cpu_c.o(.text)
    OSTaskDelHook                            0x080012d5   Thumb Code     2  os_cpu_c.o(.text)
    OSTaskIdleHook                           0x080012d7   Thumb Code     2  os_cpu_c.o(.text)
    OSTaskStatHook                           0x080012d9   Thumb Code     2  os_cpu_c.o(.text)
    OSTaskStkInit                            0x080012db   Thumb Code   154  os_cpu_c.o(.text)
    OSTaskSwHook                             0x08001375   Thumb Code     2  os_cpu_c.o(.text)
    OSTCBInitHook                            0x08001377   Thumb Code     2  os_cpu_c.o(.text)
    OSTimeTickHook                           0x08001379   Thumb Code    30  os_cpu_c.o(.text)
    OSTaskReturnHook                         0x08001397   Thumb Code     2  os_cpu_c.o(.text)
    OS_CPU_SR_Save                           0x0800139d   Thumb Code     0  os_cpu_a.o(.text)
    OS_CPU_SR_Restore                        0x080013a5   Thumb Code     0  os_cpu_a.o(.text)
    OSStartHighRdy                           0x080013ab   Thumb Code     0  os_cpu_a.o(.text)
    OSCtxSw                                  0x080013cb   Thumb Code     0  os_cpu_a.o(.text)
    OSIntCtxSw                               0x080013d5   Thumb Code     0  os_cpu_a.o(.text)
    OS_CPU_PendSVHandler                     0x080013df   Thumb Code     0  os_cpu_a.o(.text)
    OS_StrLen                                0x08001441   Thumb Code    20  os_core.o(.text)
    OSEventNameGet                           0x08001455   Thumb Code    98  os_core.o(.text)
    OSEventNameSet                           0x080014b7   Thumb Code    84  os_core.o(.text)
    OS_EventTaskRemoveMulti                  0x0800150b   Thumb Code    60  os_core.o(.text)
    OS_Sched                                 0x08001561   Thumb Code    88  os_core.o(.text)
    OS_EventTaskWaitMulti                    0x080015b9   Thumb Code   136  os_core.o(.text)
    OSEventPendMulti                         0x08001641   Thumb Code   710  os_core.o(.text)
    OS_TaskStatStkChk                        0x08001907   Thumb Code    54  os_core.o(.text)
    OS_TaskStat                              0x0800193d   Thumb Code   116  os_core.o(.text)
    OS_TaskIdle                              0x080019e5   Thumb Code    34  os_core.o(.text)
    OS_MemClr                                0x08001a3b   Thumb Code    18  os_core.o(.text)
    OSInit                                   0x08001b55   Thumb Code    48  os_core.o(.text)
    OSIntEnter                               0x08001b85   Thumb Code    28  os_core.o(.text)
    OSIntExit                                0x08001ba1   Thumb Code   112  os_core.o(.text)
    OSSchedLock                              0x08001c11   Thumb Code    50  os_core.o(.text)
    OSSchedUnlock                            0x08001c43   Thumb Code   234  os_core.o(.text)
    OSStart                                  0x08001d2d   Thumb Code    48  os_core.o(.text)
    OSStatInit                               0x08001d5d   Thumb Code    62  os_core.o(.text)
    OSTimeTick                               0x08001d9b   Thumb Code   218  os_core.o(.text)
    OSVersion                                0x08001e75   Thumb Code     6  os_core.o(.text)
    OS_Dummy                                 0x08001e7b   Thumb Code     2  os_core.o(.text)
    OS_EventTaskRemove                       0x08001e7d   Thumb Code    42  os_core.o(.text)
    OS_EventTaskRdy                          0x08001ea7   Thumb Code   132  os_core.o(.text)
    OS_EventTaskWait                         0x08001f2b   Thumb Code   112  os_core.o(.text)
    OS_EventWaitListInit                     0x08001f9b   Thumb Code    28  os_core.o(.text)
    OS_MemCopy                               0x08001fb7   Thumb Code    20  os_core.o(.text)
    OS_TCBInit                               0x08001fcb   Thumb Code   290  os_core.o(.text)
    OSMemCreate                              0x08002131   Thumb Code   118  os_mem.o(.text)
    OSMemGet                                 0x080021a7   Thumb Code    62  os_mem.o(.text)
    OSMemNameGet                             0x080021e5   Thumb Code    60  os_mem.o(.text)
    OSMemNameSet                             0x08002221   Thumb Code    48  os_mem.o(.text)
    OSMemPut                                 0x08002251   Thumb Code    54  os_mem.o(.text)
    OSMemQuery                               0x08002287   Thumb Code    52  os_mem.o(.text)
    OS_MemInit                               0x080022bb   Thumb Code    74  os_mem.o(.text)
    OSQAccept                                0x08002315   Thumb Code    88  os_q.o(.text)
    OSQCreate                                0x0800236d   Thumb Code   144  os_q.o(.text)
    OSQDel                                   0x080023fd   Thumb Code   244  os_q.o(.text)
    OSQFlush                                 0x080024f1   Thumb Code    36  os_q.o(.text)
    OSQPend                                  0x08002515   Thumb Code   278  os_q.o(.text)
    OSQPendAbort                             0x0800262b   Thumb Code   128  os_q.o(.text)
    OSQPost                                  0x080026ab   Thumb Code   114  os_q.o(.text)
    OSQPostFront                             0x0800271d   Thumb Code   142  os_q.o(.text)
    OSQPostOpt                               0x080027ab   Thumb Code   182  os_q.o(.text)
    OSQQuery                                 0x08002861   Thumb Code    98  os_q.o(.text)
    OS_QInit                                 0x080028c3   Thumb Code    72  os_q.o(.text)
    OSSemAccept                              0x08002915   Thumb Code    42  os_sem.o(.text)
    OSSemCreate                              0x0800293f   Thumb Code    72  os_sem.o(.text)
    OSSemDel                                 0x08002987   Thumb Code   210  os_sem.o(.text)
    OSSemPend                                0x08002a59   Thumb Code   228  os_sem.o(.text)
    OSSemPendAbort                           0x08002b3d   Thumb Code   128  os_sem.o(.text)
    OSSemPost                                0x08002bbd   Thumb Code    88  os_sem.o(.text)
    OSSemQuery                               0x08002c15   Thumb Code    76  os_sem.o(.text)
    OSSemSet                                 0x08002c61   Thumb Code    66  os_sem.o(.text)
    OSTaskChangePrio                         0x08002cb9   Thumb Code   396  os_task.o(.text)
    OSTaskCreate                             0x08002e45   Thumb Code   148  os_task.o(.text)
    OS_TaskStkClr                            0x08002ed9   Thumb Code    26  os_task.o(.text)
    OSTaskCreateExt                          0x08002ef3   Thumb Code   170  os_task.o(.text)
    OSTaskDel                                0x08002f9d   Thumb Code   336  os_task.o(.text)
    OSTaskDelReq                             0x080030ed   Thumb Code   100  os_task.o(.text)
    OSTaskNameGet                            0x08003151   Thumb Code   114  os_task.o(.text)
    OSTaskNameSet                            0x080031c3   Thumb Code    98  os_task.o(.text)
    OSTaskResume                             0x08003225   Thumb Code   160  os_task.o(.text)
    OSTaskStkChk                             0x080032c5   Thumb Code   132  os_task.o(.text)
    OSTaskSuspend                            0x08003349   Thumb Code   152  os_task.o(.text)
    OSTaskQuery                              0x080033e1   Thumb Code    82  os_task.o(.text)
    OSTaskRegGet                             0x08003433   Thumb Code    60  os_task.o(.text)
    OSTaskRegSet                             0x0800346f   Thumb Code    62  os_task.o(.text)
    OS_TaskReturn                            0x080034ad   Thumb Code    18  os_task.o(.text)
    OSTimeDly                                0x080034d9   Thumb Code   100  os_time.o(.text)
    OSTimeDlyHMSM                            0x0800353d   Thumb Code    86  os_time.o(.text)
    OSTimeDlyResume                          0x08003593   Thumb Code   176  os_time.o(.text)
    OSTimeGet                                0x08003643   Thumb Code    24  os_time.o(.text)
    OSTimeSet                                0x0800365b   Thumb Code    24  os_time.o(.text)
    OSTmrCreate                              0x080036c3   Thumb Code    96  os_tmr.o(.text)
    OSTmrDel                                 0x0800379b   Thumb Code   124  os_tmr.o(.text)
    OSTmrNameGet                             0x08003817   Thumb Code   114  os_tmr.o(.text)
    OSTmrRemainGet                           0x08003889   Thumb Code   164  os_tmr.o(.text)
    OSTmrStateGet                            0x0800392d   Thumb Code    86  os_tmr.o(.text)
    OSTmrStart                               0x080039e7   Thumb Code   128  os_tmr.o(.text)
    OSTmrStop                                0x08003a67   Thumb Code   210  os_tmr.o(.text)
    OSTmrSignal                              0x08003b39   Thumb Code    16  os_tmr.o(.text)
    OSTmr_Init                               0x08003bed   Thumb Code   172  os_tmr.o(.text)
    GPIO_DeInit                              0x08003d01   Thumb Code   172  stm32f10x_gpio.o(.text)
    GPIO_AFIODeInit                          0x08003dad   Thumb Code    20  stm32f10x_gpio.o(.text)
    GPIO_Init                                0x08003dc1   Thumb Code   274  stm32f10x_gpio.o(.text)
    GPIO_StructInit                          0x08003ed3   Thumb Code    16  stm32f10x_gpio.o(.text)
    GPIO_ReadInputDataBit                    0x08003ee3   Thumb Code    18  stm32f10x_gpio.o(.text)
    GPIO_ReadInputData                       0x08003ef5   Thumb Code     8  stm32f10x_gpio.o(.text)
    GPIO_ReadOutputDataBit                   0x08003efd   Thumb Code    18  stm32f10x_gpio.o(.text)
    GPIO_ReadOutputData                      0x08003f0f   Thumb Code     8  stm32f10x_gpio.o(.text)
    GPIO_SetBits                             0x08003f17   Thumb Code     4  stm32f10x_gpio.o(.text)
    GPIO_ResetBits                           0x08003f1b   Thumb Code     4  stm32f10x_gpio.o(.text)
    GPIO_WriteBit                            0x08003f1f   Thumb Code    10  stm32f10x_gpio.o(.text)
    GPIO_Write                               0x08003f29   Thumb Code     4  stm32f10x_gpio.o(.text)
    GPIO_PinLockConfig                       0x08003f2d   Thumb Code    18  stm32f10x_gpio.o(.text)
    GPIO_EventOutputConfig                   0x08003f3f   Thumb Code    26  stm32f10x_gpio.o(.text)
    GPIO_EventOutputCmd                      0x08003f59   Thumb Code     6  stm32f10x_gpio.o(.text)
    GPIO_PinRemapConfig                      0x08003f5f   Thumb Code   138  stm32f10x_gpio.o(.text)
    GPIO_EXTILineConfig                      0x08003fe9   Thumb Code    66  stm32f10x_gpio.o(.text)
    GPIO_ETH_MediaInterfaceConfig            0x0800402b   Thumb Code     6  stm32f10x_gpio.o(.text)
    RCC_DeInit                               0x08004059   Thumb Code    64  stm32f10x_rcc.o(.text)
    RCC_HSEConfig                            0x08004099   Thumb Code    70  stm32f10x_rcc.o(.text)
    RCC_GetFlagStatus                        0x080040df   Thumb Code    56  stm32f10x_rcc.o(.text)
    RCC_WaitForHSEStartUp                    0x08004117   Thumb Code    56  stm32f10x_rcc.o(.text)
    RCC_AdjustHSICalibrationValue            0x0800414f   Thumb Code    20  stm32f10x_rcc.o(.text)
    RCC_HSICmd                               0x08004163   Thumb Code     6  stm32f10x_rcc.o(.text)
    RCC_PLLConfig                            0x08004169   Thumb Code    24  stm32f10x_rcc.o(.text)
    RCC_PLLCmd                               0x08004181   Thumb Code     6  stm32f10x_rcc.o(.text)
    RCC_SYSCLKConfig                         0x08004187   Thumb Code    18  stm32f10x_rcc.o(.text)
    RCC_GetSYSCLKSource                      0x08004199   Thumb Code    10  stm32f10x_rcc.o(.text)
    RCC_HCLKConfig                           0x080041a3   Thumb Code    18  stm32f10x_rcc.o(.text)
    RCC_PCLK1Config                          0x080041b5   Thumb Code    18  stm32f10x_rcc.o(.text)
    RCC_PCLK2Config                          0x080041c7   Thumb Code    20  stm32f10x_rcc.o(.text)
    RCC_ITConfig                             0x080041db   Thumb Code    26  stm32f10x_rcc.o(.text)
    RCC_USBCLKConfig                         0x080041f5   Thumb Code     6  stm32f10x_rcc.o(.text)
    RCC_ADCCLKConfig                         0x080041fb   Thumb Code    18  stm32f10x_rcc.o(.text)
    RCC_LSEConfig                            0x0800420d   Thumb Code    44  stm32f10x_rcc.o(.text)
    RCC_LSICmd                               0x08004239   Thumb Code     6  stm32f10x_rcc.o(.text)
    RCC_RTCCLKConfig                         0x0800423f   Thumb Code    12  stm32f10x_rcc.o(.text)
    RCC_RTCCLKCmd                            0x0800424b   Thumb Code     8  stm32f10x_rcc.o(.text)
    RCC_GetClocksFreq                        0x08004253   Thumb Code   192  stm32f10x_rcc.o(.text)
    RCC_AHBPeriphClockCmd                    0x08004313   Thumb Code    26  stm32f10x_rcc.o(.text)
    RCC_APB2PeriphClockCmd                   0x0800432d   Thumb Code    26  stm32f10x_rcc.o(.text)
    RCC_APB1PeriphClockCmd                   0x08004347   Thumb Code    26  stm32f10x_rcc.o(.text)
    RCC_APB2PeriphResetCmd                   0x08004361   Thumb Code    26  stm32f10x_rcc.o(.text)
    RCC_APB1PeriphResetCmd                   0x0800437b   Thumb Code    26  stm32f10x_rcc.o(.text)
    RCC_BackupResetCmd                       0x08004395   Thumb Code     8  stm32f10x_rcc.o(.text)
    RCC_ClockSecuritySystemCmd               0x0800439d   Thumb Code     6  stm32f10x_rcc.o(.text)
    RCC_MCOConfig                            0x080043a3   Thumb Code     6  stm32f10x_rcc.o(.text)
    RCC_ClearFlag                            0x080043a9   Thumb Code    14  stm32f10x_rcc.o(.text)
    RCC_GetITStatus                          0x080043b7   Thumb Code    20  stm32f10x_rcc.o(.text)
    RCC_ClearITPendingBit                    0x080043cb   Thumb Code     6  stm32f10x_rcc.o(.text)
    memcmp                                   0x08004405   Thumb Code    88  memcmp.o(.text)
    __aeabi_memclr                           0x0800445d   Thumb Code     0  rt_memclr.o(.text)
    __rt_memclr                              0x0800445d   Thumb Code    68  rt_memclr.o(.text)
    _memset                                  0x08004461   Thumb Code     0  rt_memclr.o(.text)
    __use_two_region_memory                  0x080044a1   Thumb Code     2  heapauxi.o(.text)
    __rt_heap_escrow$2region                 0x080044a3   Thumb Code     2  heapauxi.o(.text)
    __rt_heap_expand$2region                 0x080044a5   Thumb Code     2  heapauxi.o(.text)
    __aeabi_memclr4                          0x080044a7   Thumb Code     0  rt_memclr_w.o(.text)
    __aeabi_memclr8                          0x080044a7   Thumb Code     0  rt_memclr_w.o(.text)
    __rt_memclr_w                            0x080044a7   Thumb Code    78  rt_memclr_w.o(.text)
    _memset_w                                0x080044ab   Thumb Code     0  rt_memclr_w.o(.text)
    __user_setup_stackheap                   0x080044f5   Thumb Code    74  sys_stackheap_outer.o(.text)
    exit                                     0x0800453f   Thumb Code    12  exit.o(.text)
    __user_libspace                          0x0800454d   Thumb Code     8  libspace.o(.text)
    __user_perproc_libspace                  0x0800454d   Thumb Code     0  libspace.o(.text)
    __user_perthread_libspace                0x0800454d   Thumb Code     0  libspace.o(.text)
    _sys_exit                                0x08004555   Thumb Code     8  sys_exit.o(.text)
    __I$use$semihosting                      0x08004561   Thumb Code     0  use_no_semi.o(.text)
    __use_no_semihosting_swi                 0x08004561   Thumb Code     2  use_no_semi.o(.text)
    __semihosting_library_function           0x08004563   Thumb Code     0  indicate_semi.o(.text)
    charIndex8_16                            0x08004562   Data          96  lcdutils.o(.constdata)
    chardot8_16                              0x080045c2   Data        1536  lcdutils.o(.constdata)
    hzIndex16_16                             0x08004bc2   Data          16  lcdutils.o(.constdata)
    hzdot16_16                               0x08004bd2   Data         256  lcdutils.o(.constdata)
    charIndex12_24                           0x08004cd2   Data          96  lcdutils.o(.constdata)
    chardot12_24                             0x08004d32   Data        4608  lcdutils.o(.constdata)
    hzIndex24_24                             0x08005f32   Data           8  lcdutils.o(.constdata)
    hzdot24_24                               0x08005f3a   Data         288  lcdutils.o(.constdata)
    OSUnMapTbl                               0x0800605a   Data         256  os_core.o(.constdata)
    Region$$Table$$Base                      0x0800615c   Number         0  anon$$obj.o(Region$$Table)
    Region$$Table$$Limit                     0x0800617c   Number         0  anon$$obj.o(Region$$Table)
    SystemCoreClock                          0x20000000   Data           4  system_stm32f10x.o(.data)
    AHBPrescTable                            0x20000004   Data          16  system_stm32f10x.o(.data)
    TickCounter                              0x20000014   Data           4  stm32f10x_it.o(.data)
    SW_USB                                   0x20000018   Data           4  task.o(.data)
    LcdFont                                  0x2000001c   Data           6  lcdutils.o(.data)
    LcdState                                 0x20000022   Data           6  lcdutils.o(.data)
    OSCtxSwCtr                               0x2000002c   Data           4  os_core.o(.data)
    OSEventFreeList                          0x20000030   Data           4  os_core.o(.data)
    OSCPUUsage                               0x20000034   Data           1  os_core.o(.data)
    OSIdleCtrMax                             0x20000038   Data           4  os_core.o(.data)
    OSIdleCtrRun                             0x2000003c   Data           4  os_core.o(.data)
    OSStatRdy                                0x20000040   Data           1  os_core.o(.data)
    OSIntNesting                             0x20000041   Data           1  os_core.o(.data)
    OSLockNesting                            0x20000042   Data           1  os_core.o(.data)
    OSPrioCur                                0x20000043   Data           1  os_core.o(.data)
    OSPrioHighRdy                            0x20000044   Data           1  os_core.o(.data)
    OSRdyGrp                                 0x20000045   Data           1  os_core.o(.data)
    OSRdyTbl                                 0x20000046   Data           8  os_core.o(.data)
    OSRunning                                0x2000004e   Data           1  os_core.o(.data)
    OSTaskCtr                                0x2000004f   Data           1  os_core.o(.data)
    OSIdleCtr                                0x20000050   Data           4  os_core.o(.data)
    OSTCBCur                                 0x20000054   Data           4  os_core.o(.data)
    OSTCBFreeList                            0x20000058   Data           4  os_core.o(.data)
    OSTCBHighRdy                             0x2000005c   Data           4  os_core.o(.data)
    OSTCBList                                0x20000060   Data           4  os_core.o(.data)
    OSTickStepState                          0x20000064   Data           1  os_core.o(.data)
    OSMemFreeList                            0x20000068   Data           4  os_core.o(.data)
    OSQFreeList                              0x2000006c   Data           4  os_core.o(.data)
    OSTime                                   0x20000070   Data           4  os_core.o(.data)
    OSTmrFree                                0x20000074   Data           2  os_core.o(.data)
    OSTmrUsed                                0x20000076   Data           2  os_core.o(.data)
    OSTmrTime                                0x20000078   Data           4  os_core.o(.data)
    OSTmrSem                                 0x2000007c   Data           4  os_core.o(.data)
    OSTmrSemSignal                           0x20000080   Data           4  os_core.o(.data)
    OSTmrFreeList                            0x20000084   Data           4  os_core.o(.data)
    PrivateStk                               0x200000a0   Data        5632  task.o(.bss)
    LcdBuffer                                0x200016a0   Data         384  lcdutils.o(.bss)
    OSEventTbl                               0x20001820   Data         240  os_core.o(.bss)
    OSTaskStatStk                            0x20001910   Data         512  os_core.o(.bss)
    OSTaskIdleStk                            0x20001b10   Data         512  os_core.o(.bss)
    OSTCBPrioTbl                             0x20001d10   Data         256  os_core.o(.bss)
    OSTCBTbl                                 0x20001e10   Data        1760  os_core.o(.bss)
    OSMemTbl                                 0x200024f0   Data         120  os_core.o(.bss)
    OSQTbl                                   0x20002568   Data          96  os_core.o(.bss)
    OSTmrTbl                                 0x200025c8   Data         640  os_core.o(.bss)
    OSTmrTaskStk                             0x20002848   Data         512  os_core.o(.bss)
    OSTmrWheelTbl                            0x20002a48   Data          64  os_core.o(.bss)
    __libspace_start                         0x20002a88   Data          96  libspace.o(.bss)
    __temporary_stack_top$libspace           0x20002ae8   Data           0  libspace.o(.bss)



==============================================================================

Memory Map of the image

  Image Entry point : 0x08000131

  Load Region LR_IROM1 (Base: 0x08000000, Size: 0x00006218, Max: 0x00040000, ABSOLUTE)

    Execution Region ER_IROM1 (Base: 0x08000000, Size: 0x0000617c, Max: 0x00040000, ABSOLUTE)

    Base Addr    Size         Type   Attr      Idx    E Section Name        Object

    0x08000000   0x00000130   Data   RO           19    RESET               startup_stm32f10x_hd.o
    0x08000130   0x00000008   Code   RO          525  * !!!main             c_w.l(__main.o)
    0x08000138   0x00000034   Code   RO          681    !!!scatter          c_w.l(__scatter.o)
    0x0800016c   0x0000001a   Code   RO          683    !!handler_copy      c_w.l(__scatter_copy.o)
    0x08000186   0x00000002   PAD
    0x08000188   0x0000001c   Code   RO          685    !!handler_zi        c_w.l(__scatter_zi.o)
    0x080001a4   0x00000002   Code   RO          554    .ARM.Collect$$libinit$$00000000  c_w.l(libinit.o)
    0x080001a6   0x00000000   Code   RO          561    .ARM.Collect$$libinit$$00000002  c_w.l(libinit2.o)
    0x080001a6   0x00000000   Code   RO          564    .ARM.Collect$$libinit$$00000008  c_w.l(libinit2.o)
    0x080001a6   0x00000000   Code   RO          566    .ARM.Collect$$libinit$$0000000A  c_w.l(libinit2.o)
    0x080001a6   0x00000000   Code   RO          568    .ARM.Collect$$libinit$$0000000C  c_w.l(libinit2.o)
    0x080001a6   0x00000000   Code   RO          571    .ARM.Collect$$libinit$$0000000F  c_w.l(libinit2.o)
    0x080001a6   0x00000000   Code   RO          573    .ARM.Collect$$libinit$$00000011  c_w.l(libinit2.o)
    0x080001a6   0x00000000   Code   RO          575    .ARM.Collect$$libinit$$00000013  c_w.l(libinit2.o)
    0x080001a6   0x00000000   Code   RO          577    .ARM.Collect$$libinit$$00000015  c_w.l(libinit2.o)
    0x080001a6   0x00000000   Code   RO          579    .ARM.Collect$$libinit$$00000017  c_w.l(libinit2.o)
    0x080001a6   0x00000000   Code   RO          581    .ARM.Collect$$libinit$$00000019  c_w.l(libinit2.o)
    0x080001a6   0x00000000   Code   RO          583    .ARM.Collect$$libinit$$0000001B  c_w.l(libinit2.o)
    0x080001a6   0x00000000   Code   RO          585    .ARM.Collect$$libinit$$0000001D  c_w.l(libinit2.o)
    0x080001a6   0x00000000   Code   RO          587    .ARM.Collect$$libinit$$0000001F  c_w.l(libinit2.o)
    0x080001a6   0x00000000   Code   RO          589    .ARM.Collect$$libinit$$00000021  c_w.l(libinit2.o)
    0x080001a6   0x00000000   Code   RO          591    .ARM.Collect$$libinit$$00000023  c_w.l(libinit2.o)
    0x080001a6   0x00000000   Code   RO          595    .ARM.Collect$$libinit$$0000002A  c_w.l(libinit2.o)
    0x080001a6   0x00000000   Code   RO          597    .ARM.Collect$$libinit$$0000002C  c_w.l(libinit2.o)
    0x080001a6   0x00000000   Code   RO          599    .ARM.Collect$$libinit$$0000002E  c_w.l(libinit2.o)
    0x080001a6   0x00000000   Code   RO          601    .ARM.Collect$$libinit$$00000030  c_w.l(libinit2.o)
    0x080001a6   0x00000002   Code   RO          602    .ARM.Collect$$libinit$$00000031  c_w.l(libinit2.o)
    0x080001a8   0x00000002   Code   RO          622    .ARM.Collect$$libshutdown$$00000000  c_w.l(libshutdown.o)
    0x080001aa   0x00000000   Code   RO          636    .ARM.Collect$$libshutdown$$00000003  c_w.l(libshutdown2.o)
    0x080001aa   0x00000000   Code   RO          639    .ARM.Collect$$libshutdown$$00000006  c_w.l(libshutdown2.o)
    0x080001aa   0x00000000   Code   RO          642    .ARM.Collect$$libshutdown$$00000009  c_w.l(libshutdown2.o)
    0x080001aa   0x00000000   Code   RO          644    .ARM.Collect$$libshutdown$$0000000B  c_w.l(libshutdown2.o)
    0x080001aa   0x00000000   Code   RO          647    .ARM.Collect$$libshutdown$$0000000E  c_w.l(libshutdown2.o)
    0x080001aa   0x00000002   Code   RO          648    .ARM.Collect$$libshutdown$$0000000F  c_w.l(libshutdown2.o)
    0x080001ac   0x00000000   Code   RO          527    .ARM.Collect$$rtentry$$00000000  c_w.l(rtentry.o)
    0x080001ac   0x00000000   Code   RO          531    .ARM.Collect$$rtentry$$00000002  c_w.l(rtentry2.o)
    0x080001ac   0x00000006   Code   RO          543    .ARM.Collect$$rtentry$$00000004  c_w.l(rtentry4.o)
    0x080001b2   0x00000000   Code   RO          533    .ARM.Collect$$rtentry$$00000009  c_w.l(rtentry2.o)
    0x080001b2   0x00000004   Code   RO          534    .ARM.Collect$$rtentry$$0000000A  c_w.l(rtentry2.o)
    0x080001b6   0x00000000   Code   RO          536    .ARM.Collect$$rtentry$$0000000C  c_w.l(rtentry2.o)
    0x080001b6   0x00000008   Code   RO          537    .ARM.Collect$$rtentry$$0000000D  c_w.l(rtentry2.o)
    0x080001be   0x00000002   Code   RO          558    .ARM.Collect$$rtexit$$00000000  c_w.l(rtexit.o)
    0x080001c0   0x00000000   Code   RO          604    .ARM.Collect$$rtexit$$00000002  c_w.l(rtexit2.o)
    0x080001c0   0x00000004   Code   RO          605    .ARM.Collect$$rtexit$$00000003  c_w.l(rtexit2.o)
    0x080001c4   0x00000006   Code   RO          606    .ARM.Collect$$rtexit$$00000004  c_w.l(rtexit2.o)
    0x080001ca   0x00000002   PAD
    0x080001cc   0x00000040   Code   RO           20    .text               startup_stm32f10x_hd.o
    0x0800020c   0x000001e4   Code   RO           24    .text               system_stm32f10x.o
    0x080003f0   0x00000016   Code   RO           64    .text               main.o
    0x08000406   0x00000002   PAD
    0x08000408   0x00000038   Code   RO          166    .text               stm32f10x_it.o
    0x08000440   0x00000010   Code   RO          185    .text               systemconfig.o
    0x08000450   0x00000250   Code   RO          197    .text               task.o
    0x080006a0   0x000000c4   Code   RO          213    .text               delay.o
    0x08000764   0x000004ee   Code   RO          229    .text               i2c.o
    0x08000c52   0x000001aa   Code   RO          241    .text               lcd.o
    0x08000dfc   0x00000432   Code   RO          253    .text               lcdutils.o
    0x0800122e   0x00000002   PAD
    0x08001230   0x0000006c   Code   RO          278    .text               led.o
    0x0800129c   0x0000002c   Code   RO          290    .text               get_usb.o
    0x080012c8   0x000000d4   Code   RO          302    .text               os_cpu_c.o
    0x0800139c   0x000000a4   Code   RO          332    .text               os_cpu_a.o
    0x08001440   0x00000cf0   Code   RO          335    .text               os_core.o
    0x08002130   0x000001e4   Code   RO          373    .text               os_mem.o
    0x08002314   0x00000600   Code   RO          397    .text               os_q.o
    0x08002914   0x000003a4   Code   RO          409    .text               os_sem.o
    0x08002cb8   0x00000820   Code   RO          421    .text               os_task.o
    0x080034d8   0x000001b8   Code   RO          433    .text               os_time.o
    0x08003690   0x00000670   Code   RO          445    .text               os_tmr.o
    0x08003d00   0x00000358   Code   RO          491    .text               stm32f10x_gpio.o
    0x08004058   0x000003ac   Code   RO          503    .text               stm32f10x_rcc.o
    0x08004404   0x00000058   Code   RO          519    .text               c_w.l(memcmp.o)
    0x0800445c   0x00000044   Code   RO          521    .text               c_w.l(rt_memclr.o)
    0x080044a0   0x00000006   Code   RO          523    .text               c_w.l(heapauxi.o)
    0x080044a6   0x0000004e   Code   RO          528    .text               c_w.l(rt_memclr_w.o)
    0x080044f4   0x0000004a   Code   RO          545    .text               c_w.l(sys_stackheap_outer.o)
    0x0800453e   0x0000000c   Code   RO          547    .text               c_w.l(exit.o)
    0x0800454a   0x00000002   PAD
    0x0800454c   0x00000008   Code   RO          555    .text               c_w.l(libspace.o)
    0x08004554   0x0000000c   Code   RO          614    .text               c_w.l(sys_exit.o)
    0x08004560   0x00000002   Code   RO          625    .text               c_w.l(use_no_semi.o)
    0x08004562   0x00000000   Code   RO          627    .text               c_w.l(indicate_semi.o)
    0x08004562   0x00001af8   Data   RO          255    .constdata          lcdutils.o
    0x0800605a   0x00000100   Data   RO          337    .constdata          os_core.o
    0x0800615a   0x00000002   PAD
    0x0800615c   0x00000020   Data   RO          679    Region$$Table       anon$$obj.o


    Execution Region RW_IRAM1 (Base: 0x20000000, Size: 0x000030e8, Max: 0x0000c000, ABSOLUTE)

    Base Addr    Size         Type   Attr      Idx    E Section Name        Object

    0x20000000   0x00000014   Data   RW           25    .data               system_stm32f10x.o
    0x20000014   0x00000004   Data   RW          167    .data               stm32f10x_it.o
    0x20000018   0x00000004   Data   RW          199    .data               task.o
    0x2000001c   0x0000000c   Data   RW          256    .data               lcdutils.o
    0x20000028   0x00000002   Data   RW          303    .data               os_cpu_c.o
    0x2000002a   0x00000002   PAD
    0x2000002c   0x0000005c   Data   RW          338    .data               os_core.o
    0x20000088   0x00000014   Data   RW          504    .data               stm32f10x_rcc.o
    0x2000009c   0x00000004   PAD
    0x200000a0   0x00001600   Zero   RW          198    .bss                task.o
    0x200016a0   0x00000180   Zero   RW          254    .bss                lcdutils.o
    0x20001820   0x00001268   Zero   RW          336    .bss                os_core.o
    0x20002a88   0x00000060   Zero   RW          556    .bss                c_w.l(libspace.o)
    0x20002ae8   0x00000200   Zero   RW           18    HEAP                startup_stm32f10x_hd.o
    0x20002ce8   0x00000400   Zero   RW           17    STACK               startup_stm32f10x_hd.o


==============================================================================

Image component sizes


      Code (inc. data)   RO Data    RW Data    ZI Data      Debug   Object Name

         0          0          0          0          0       4244   core_cm3.o
       196          8          0          0          0      16574   delay.o
        44          4          0          0          0        497   get_usb.o
      1262          6          0          0          0       3971   i2c.o
       426          0          0          0          0       2313   lcd.o
      1074         38       6904         12        384       7470   lcdutils.o
       108         12          0          0          0        516   led.o
        22          0          0          0          0     231561   main.o
      3312        276        256         92       4712      18318   os_core.o
       164         32          0          0          0        304   os_cpu_a.o
       212          4          0          2          0      11440   os_cpu_c.o
       484         16          0          0          0       3156   os_mem.o
      1536         36          0          0          0       5573   os_q.o
       932         22          0          0          0       3922   os_sem.o
      2080         70          0          0          0       7569   os_task.o
       440         30          0          0          0       1794   os_time.o
      1648        134          0          0          0       5557   os_tmr.o
        64         26        304          0       1536        780   startup_stm32f10x_hd.o
       856         40          0          0          0       5705   stm32f10x_gpio.o
        56          6          0          4          0       1934   stm32f10x_it.o
       940         52          0         20          0       8892   stm32f10x_rcc.o
       484         44          0         20          0     222051   system_stm32f10x.o
        16          0          0          0          0        658   systemconfig.o
       592         60          0          4       5632       1788   task.o

    ----------------------------------------------------------------------
     16952        916       7498        156      12268     566587   Object Totals
         0          0         32          0          0          0   (incl. Generated)
         4          0          2          2          4          0   (incl. Padding)

    ----------------------------------------------------------------------

      Code (inc. data)   RO Data    RW Data    ZI Data      Debug   Library Member Name

         8          0          0          0          0         68   __main.o
        52          8          0          0          0          0   __scatter.o
        26          0          0          0          0          0   __scatter_copy.o
        28          0          0          0          0          0   __scatter_zi.o
        12          0          0          0          0         72   exit.o
         6          0          0          0          0        152   heapauxi.o
         0          0          0          0          0          0   indicate_semi.o
         2          0          0          0          0          0   libinit.o
         2          0          0          0          0          0   libinit2.o
         2          0          0          0          0          0   libshutdown.o
         2          0          0          0          0          0   libshutdown2.o
         8          4          0          0         96         68   libspace.o
        88          0          0          0          0         76   memcmp.o
        68          0          0          0          0         68   rt_memclr.o
        78          0          0          0          0         80   rt_memclr_w.o
         0          0          0          0          0          0   rtentry.o
        12          0          0          0          0          0   rtentry2.o
         6          0          0          0          0          0   rtentry4.o
         2          0          0          0          0          0   rtexit.o
        10          0          0          0          0          0   rtexit2.o
        12          4          0          0          0         68   sys_exit.o
        74          0          0          0          0         80   sys_stackheap_outer.o
         2          0          0          0          0         68   use_no_semi.o

    ----------------------------------------------------------------------
       506         16          0          0         96        800   Library Totals
         6          0          0          0          0          0   (incl. Padding)

    ----------------------------------------------------------------------

      Code (inc. data)   RO Data    RW Data    ZI Data      Debug   Library Name

       500         16          0          0         96        800   c_w.l

    ----------------------------------------------------------------------
       506         16          0          0         96        800   Library Totals

    ----------------------------------------------------------------------

==============================================================================


      Code (inc. data)   RO Data    RW Data    ZI Data      Debug   

     17458        932       7498        156      12364     565099   Grand Totals
     17458        932       7498        156      12364     565099   ELF Image Totals
     17458        932       7498        156          0          0   ROM Totals

==============================================================================

    Total RO  Size (Code + RO Data)                24956 (  24.37kB)
    Total RW  Size (RW Data + ZI Data)             12520 (  12.23kB)
    Total ROM Size (Code + RO Data + RW Data)      25112 (  24.52kB)

==============================================================================

